Archive member included because of file (symbol)

/opt/devkitPro/libnds/lib/libfat.a(libfat.o)
                              main.o (fatInitDefault)
/opt/devkitPro/libnds/lib/libfat.a(partition.o)
                              /opt/devkitPro/libnds/lib/libfat.a(libfat.o) (_FAT_partition_destructor)
/opt/devkitPro/libnds/lib/libfat.a(cache.o)
                              /opt/devkitPro/libnds/lib/libfat.a(partition.o) (_FAT_cache_destructor)
/opt/devkitPro/libnds/lib/libfat.a(disc.o)
                              /opt/devkitPro/libnds/lib/libfat.a(libfat.o) (_FAT_disc_interfaces)
/opt/devkitPro/libnds/lib/libfat.a(fatdir.o)
                              /opt/devkitPro/libnds/lib/libfat.a(libfat.o) (_FAT_link_r)
/opt/devkitPro/libnds/lib/libfat.a(fatfile.o)
                              /opt/devkitPro/libnds/lib/libfat.a(libfat.o) (_FAT_ftruncate_r)
/opt/devkitPro/libnds/lib/libfat.a(file_allocation_table.o)
                              /opt/devkitPro/libnds/lib/libfat.a(fatfile.o) (_FAT_fat_nextCluster)
/opt/devkitPro/libnds/lib/libfat.a(filetime.o)
                              /opt/devkitPro/libnds/lib/libfat.a(fatdir.o) (_FAT_filetime_getDateFromRTC)
/opt/devkitPro/libnds/lib/libfat.a(directory.o)
                              /opt/devkitPro/libnds/lib/libfat.a(fatdir.o) (_FAT_directory_entryGetCluster)
/opt/devkitPro/libnds/lib/libnds9.a(initSystem.o)
                              /opt/devkitPro/devkitARM/lib/gcc/arm-eabi/4.3.3/../../../../arm-eabi/lib/thumb/ds_arm9_crt0.o (initSystem)
/opt/devkitPro/libnds/lib/libnds9.a(keys.o)
                              game.o (scanKeys)
/opt/devkitPro/libnds/lib/libnds9.a(sprite.o)
                              game.o (oamMain)
/opt/devkitPro/libnds/lib/libnds9.a(sprite_alloc.o)
                              /opt/devkitPro/libnds/lib/libnds9.a(sprite.o) (oamAllocReset)
/opt/devkitPro/libnds/lib/libnds9.a(system.o)
                              main.o (powerOn)
/opt/devkitPro/libnds/lib/libnds9.a(touch.o)
                              game.o (touchRead)
/opt/devkitPro/libnds/lib/libnds9.a(trig.o)
                              /opt/devkitPro/libnds/lib/libnds9.a(sprite.o) (sinLerp)
/opt/devkitPro/libnds/lib/libnds9.a(videoGL.o)
                              game.o (glGlobalData)
/opt/devkitPro/libnds/lib/libnds9.a(dldi.o)
                              /opt/devkitPro/libnds/lib/libfat.a(disc.o) (dldiGetInternal)
/opt/devkitPro/libnds/lib/libnds9.a(fifosystem.o)
                              /opt/devkitPro/libnds/lib/libnds9.a(initSystem.o) (fifoSetValue32Handler)
/opt/devkitPro/libnds/lib/libnds9.a(interrupts.o)
                              timer_game.o (irqSet)
/opt/devkitPro/libnds/lib/libnds9.a(dcache.o)
                              /opt/devkitPro/libnds/lib/libnds9.a(sprite.o) (DC_FlushRange)
/opt/devkitPro/libnds/lib/libnds9.a(dldi_stub.o)
                              /opt/devkitPro/libnds/lib/libnds9.a(dldi.o) (_io_dldi_stub)
/opt/devkitPro/libnds/lib/libnds9.a(biosCalls.o)
                              game.o (swiDelay)
/opt/devkitPro/libnds/lib/libnds9.a(interruptDispatcher.o)
                              /opt/devkitPro/libnds/lib/libnds9.a(interrupts.o) (IntrMain)
/opt/devkitPro/libnds/lib/libnds9.a(video.o)
                              /opt/devkitPro/libnds/lib/libnds9.a(videoGL.o) (vramSetMainBanks)
/opt/devkitPro/libnds/lib/libmm9.a(mm_comms.o)
                              P_Audio.o (mmStart)
/opt/devkitPro/libnds/lib/libmm9.a(mm_main9.o)
                              /opt/devkitPro/libnds/lib/libmm9.a(mm_comms.o) (mmCallback)
/opt/devkitPro/libnds/lib/libmm9.a(mm_memory.o)
                              P_Audio.o (mmLoad)
/opt/devkitPro/libnds/lib/libmm9.a(mm_soundbank.o)
                              /opt/devkitPro/libnds/lib/libmm9.a(mm_main9.o) (mmSoundBankInMemory)
/opt/devkitPro/libnds/lib/libmm9.a(mm_flusher.o)
                              /opt/devkitPro/libnds/lib/libmm9.a(mm_memory.o) (mmFlushBank)
/opt/devkitPro/devkitARM/lib/gcc/arm-eabi/4.3.3/thumb/libgcc.a(_udivsi3.o)
                              /opt/devkitPro/libnds/lib/libfat.a(partition.o) (__aeabi_uidiv)
/opt/devkitPro/devkitARM/lib/gcc/arm-eabi/4.3.3/thumb/libgcc.a(_divsi3.o)
                              graphics_sub.o (__aeabi_idiv)
/opt/devkitPro/devkitARM/lib/gcc/arm-eabi/4.3.3/thumb/libgcc.a(_dvmd_tls.o)
                              /opt/devkitPro/devkitARM/lib/gcc/arm-eabi/4.3.3/thumb/libgcc.a(_udivsi3.o) (__div0)
/opt/devkitPro/devkitARM/lib/gcc/arm-eabi/4.3.3/thumb/libgcc.a(_muldi3.o)
                              /opt/devkitPro/libnds/lib/libfat.a(partition.o) (__aeabi_lmul)
/opt/devkitPro/devkitARM/lib/gcc/arm-eabi/4.3.3/../../../../arm-eabi/lib/thumb/libg.a(lib_a-bsearch.o)
                              /opt/devkitPro/libnds/lib/libnds9.a(trig.o) (bsearch)
/opt/devkitPro/devkitARM/lib/gcc/arm-eabi/4.3.3/../../../../arm-eabi/lib/thumb/libg.a(lib_a-fclose.o)
                              P_Score.o (fclose)
[...]
Memory Configuration

Name             Origin             Length             Attributes
rom              0x08000000         0x02000000
ewram            0x02000000         0x003ff000
dtcm             0x0b000000         0x00004000
vectors          0x01000000         0x00000100
itcm             0x01000100         0x00007f00
*default*        0x00000000         0xffffffff

Linker script and memory map

                0x01000000                __vectors_start = 0x1000000
                0x01000100                __itcm_start = 0x1000100
                0x023ff000                __ewram_end = 0x23ff000
                0x023ff000                __eheap_end = 0x23ff000
                0x0b000000                __dtcm_start = 0xb000000
                0x0b004000                __dtcm_top = 0xb004000
                0x0b003ff8                __irq_flags = (__dtcm_top - 0x8)
                0x0b003ffc                __irq_vector = (__dtcm_top - 0x4)
                0x0b003f00                __sp_svc = (__dtcm_top - 0x100)
                0x0b003e00                __sp_irq = (__sp_svc - 0x100)
                0x0b003d00                __sp_usr = (__sp_irq - 0x100)

.init           0x02000000      0x30c
                0x02000000                __text_start = .
 *(.init)
 .init          0x02000000      0x300 /opt/devkitPro/devkitARM/lib/gcc/arm-eabi/4.3.3/../../../../arm-eabi/lib/thumb/ds_arm9_crt0.o
                0x02000000                _start
 .init          0x02000300        0x4 /opt/devkitPro/devkitARM/lib/gcc/arm-eabi/4.3.3/thumb/crti.o
                0x02000300                _init
 .init          0x02000304        0x8 /opt/devkitPro/devkitARM/lib/gcc/arm-eabi/4.3.3/thumb/crtn.o
                0x0200030c                . = ALIGN (0x4)

.plt
 *(.plt)

.text           0x02000340    0x1f994
 *(EXCLUDE_FILE(*.itcm*) .text)
 .text          0x02000340        0x0 /opt/devkitPro/devkitARM/lib/gcc/arm-eabi/4.3.3/../../../../arm-eabi/lib/thumb/ds_arm9_crt0.o
 .text          0x02000340        0x0 /opt/devkitPro/devkitARM/lib/gcc/arm-eabi/4.3.3/thumb/crti.o
 .text          0x02000340       0x70 /opt/devkitPro/devkitARM/lib/gcc/arm-eabi/4.3.3/thumb/crtbegin.o
 .text          0x020003b0        0x0 soundbank.bin.o
 .text          0x020003b0        0x0 alexxzandrite.o
 .text          0x020003b0        0x0 amazonite.o
 .text          0x020003b0        0x0 background.o
 .text          0x020003b0        0x0 bronze.o
 .text          0x020003b0        0x0 controls.o
 .text          0x020003b0        0x0 diamond.o
 .text          0x020003b0        0x0 FONDS.o
 .text          0x020003b0        0x0 game_over.o
 .text          0x020003b0        0x0 game_over_sub.o
 .text          0x020003b0        0x0 launcherImage.o
 .text          0x020003b0        0x0 numbers_small.o
 .text          0x020003b0        0x0 PlayerHorizontal.o
 .text          0x020003b0        0x0 PlayerVertical.o
 .text          0x020003b0        0x0 press_to_begin.o
 .text          0x020003b0     0x1254 game.o
                0x0200122c                addToAudioEffectQueue
                0x020003b0                starting_game_screen
                0x02000a74                player_move_up
                0x02000474                update_game
                0x02000c6c                player_pressed_start
                0x0200069c                start_game
                0x02000944                player_move_left
                0x02001418                player_fall
                0x020009d8                player_move_down
                0x02001494                gameOverState
                0x0200076c                hasBeenDrilled
                0x0200126c                update_state
                0x02000b0c                player_drills
                0x020010e0                addToInventory
                0x02000674                init_game
                0x02001010                update_vehicle
                0x02000d8c                player_pressed_touchscreen
                0x02000898                player_move_right
                0x02001158                sellItemFromInventory
 .text          0x02001604      0xb34 graphics_main.o
                0x020016bc                config_main_background
                0x0200198c                configureSprites
                0x02001b40                restart_display
                0x02001f8c                drilling_path
                0x020017c8                init_main_bg
                0x02001bf4                print_start
                0x02001604                showInitImage
                0x02001ba8                load_start_display
                0x02001f1c                update_sprite
                0x02001ed8                release_start_display
 .text          0x02002138      0x744 graphics_sub.o
                0x020025b0                score_display
                0x02002684                GameOver_sub_display
                0x020023d0                updateChronoDisp
                0x02002618                print_fuel
                0x02002808                starting_sub_display
                0x02002328                printDigit
                0x02002138                init_sub_background
 .text          0x0200287c       0x58 main.o
                0x0200287c                main
 .text          0x020028d4      0xa68 mineral.o
                0x02003028                refreshMineralSprites
                0x02002dc4                drillMineralReturnValue
                0x020028d4                isMineralPlaceValid
                0x02002d38                getMineral
                0x02002cbc                hide_all_minerals
                0x0200295c                initMinerals
 .text          0x0200333c       0x80 P_Audio.o
                0x020033a0                Audio_PlayMusic
                0x02003368                Audio_PlaySoundEX
                0x0200333c                Audio_Init
 .text          0x020033bc      0x130 P_Score.o
                0x0200343c                readMaxScore
                0x020034a8                writeMaxScore
                0x020033bc                updateScore
 .text          0x020034ec      0x194 timer_game.o
                0x02003560                timer0_ISR
                0x02003540                restart_timer
                0x020035ec                timer1_ISR
                0x020034ec                init_timers
 .text          0x02003680      0x204 /opt/devkitPro/libnds/lib/libfat.a(libfat.o)
                0x020036b8                fatMount
                0x02003680                fatUnmount
                0x02003874                fatMountSimple
                0x02003864                fatInitDefault
                0x0200371c                fatInit
 *fill*         0x02003884        0x4 ff
 .text          0x02003888      0x340 /opt/devkitPro/libnds/lib/libfat.a(partition.o)
                0x02003888                _FAT_partition_getPartitionFromPath
                0x0200389c                _FAT_partition_destructor
                0x020038c4                _FAT_partition_constructor
 .text          0x02003bc8      0x38c /opt/devkitPro/libnds/lib/libfat.a(cache.o)
                0x02003c9c                _FAT_cache_flush
                0x02003dc8                _FAT_cache_writeLittleEndianValue
                0x02003d7c                _FAT_cache_writePartialSector
                0x02003cf4                _FAT_cache_invalidate
                0x02003ec0                _FAT_cache_destructor
                0x02003e68                _FAT_cache_readLittleEndianValue
                0x02003edc                _FAT_cache_constructor
                0x02003e30                _FAT_cache_readPartialSector
                0x02003d18                _FAT_cache_eraseWritePartialSector
 .text          0x02003f54        0x0 /opt/devkitPro/libnds/lib/libfat.a(disc.o)
 .text          0x02003f54      0x784 /opt/devkitPro/libnds/lib/libfat.a(fatdir.o)
                0x02004008                _FAT_stat_r
                0x02003f70                _FAT_dirnext_r
                0x0200457c                _FAT_unlink_r
                0x020043a0                _FAT_rename_r
                0x02003f54                _FAT_link_r
                0x02003f60                _FAT_dirclose_r
                0x02004520                _FAT_chdir_r
                0x02003fd4                _FAT_dirreset_r
                0x02004088                _FAT_diropen_r
                0x02004138                _FAT_statvfs_r
                0x02004190                _FAT_mkdir_r
 .text          0x020046d8     0x10b8 /opt/devkitPro/libnds/lib/libfat.a(fatfile.o)
                0x020048cc                _FAT_ftruncate_r
                0x02004bdc                _FAT_write_r
                0x02004a18                _FAT_seek_r
                0x02005034                _FAT_read_r
                0x02005330                _FAT_syncToDisc
                0x02005498                _FAT_open_r
                0x02005410                _FAT_fsync_r
                0x02005438                _FAT_close_r
                0x02004b64                _FAT_fstat_r
 .text          0x02005790      0x458 /opt/devkitPro/libnds/lib/libfat.a(file_allocation_table.o)
                0x02005880                _FAT_fat_freeClusterCount
                0x02005a08                _FAT_fat_clearLinks
                0x02005790                _FAT_fat_nextCluster
                0x02005b7c                _FAT_fat_linkFreeClusterCleared
                0x02005a64                _FAT_fat_trimChain
                0x02005aec                _FAT_fat_linkFreeCluster
                0x020058ac                _FAT_fat_lastCluster
 .text          0x02005be8       0xc8 /opt/devkitPro/libnds/lib/libfat.a(filetime.o)
                0x02005c20                _FAT_filetime_getDateFromRTC
                0x02005be8                _FAT_filetime_to_time_t
                0x02005c68                _FAT_filetime_getTimeFromRTC
 .text          0x02005cb0     0x12dc /opt/devkitPro/libnds/lib/libfat.a(directory.o)
                0x02006f50                _FAT_directory_chdir
                0x02005d50                _FAT_directory_entryStat
                0x02005f8c                _FAT_directory_removeEntry
                0x02005e10                _FAT_directory_getRootEntry
                0x0200611c                _FAT_directory_entryFromPosition
                0x0200625c                _FAT_directory_getNextEntry
                0x02006480                _FAT_directory_getFirstEntry
                0x02005d24                _FAT_directory_entryGetCluster
                0x0200654c                _FAT_directory_addEntry
                0x02006d74                _FAT_directory_entryFromPath
 .text          0x02006f8c       0xec /opt/devkitPro/libnds/lib/libnds9.a(initSystem.o)
                0x02006f8c                initSystem
 .text          0x02007078      0x134 /opt/devkitPro/libnds/lib/libnds9.a(keys.o)
                0x02007138                keysSetRepeat
                0x02007128                keysDownRepeat
                0x02007174                keysCurrent
                0x02007108                keysHeld
                0x0200715c                keysUp
                0x02007114                keysDown
                0x02007078                scanKeys
 .text          0x020071ac      0x484 /opt/devkitPro/libnds/lib/libnds9.a(sprite.o)
                0x020071ac                oamDisable
                0x02007234                oamClear
                0x02007460                oamRotateScale
                0x02007200                oamGetGfxPtr
                0x020071dc                oamEnable
                0x0200725c                oamGfxPtrToOffset
                0x020074c0                oamUpdate
                0x02007524                oamInit
                0x02007294                oamSet
 .text          0x02007630      0x364 /opt/devkitPro/libnds/lib/libnds9.a(sprite_alloc.o)
                0x0200766c                oamCountFragments
                0x02007630                resizeBuffer
                0x020077a8                oamAllocReset
                0x0200764c                getAllocHeader
                0x02007794                oamFreeGfx
                0x020077e0                simpleAlloc
                0x0200795c                oamAllocateGfx
                0x020076b8                simpleFree
 .text          0x02007994       0xf4 /opt/devkitPro/libnds/lib/libnds9.a(system.o)
                0x02007a44                systemMsgHandler
                0x020079dc                powerOn
                0x02007a2c                powerValueHandler
                0x02007994                ledBlink
                0x02007a10                systemSleep
                0x020079ac                powerOff
 .text          0x02007a88       0x4c /opt/devkitPro/libnds/lib/libnds9.a(touch.o)
                0x02007a88                touchRead
                0x02007ab0                touchReadXY
 .text          0x02007ad4      0x264 /opt/devkitPro/libnds/lib/libnds9.a(trig.o)
                0x02007c6c                arcSinComp
                0x02007c9c                asinLerp
                0x02007c2c                tanLerp
                0x02007ad4                sinLutLookup
                0x02007be0                tanLutLookup
                0x02007bc4                cosLerp
                0x02007d1c                acosLerp
                0x02007b24                sinLerp
 .text          0x02007d38      0xa94 /opt/devkitPro/libnds/lib/libnds9.a(videoGL.o)
                0x02007e80                glTexCoord2f32
                0x020081bc                glTexImage2D
                0x02007df4                glGenTextures
                0x02007dc4                glResetTextures
                0x020084d8                glRotatef32i
                0x02008164                glTexLoadPal
                0x02007f0c                glTexParameter
                0x02007d38                glGetGlobals
                0x02007f8c                getNextPaletteSlot
                0x02007fe0                vramGetBank
                0x02007f7c                alignVal
                0x02007f64                glGetTexParameter
                0x02008198                gluTexLoadPal
                0x02007d40                glMaterialf
                0x02007e34                glBindTexture
                0x02007f3c                glGetTexturePointer
                0x020080a0                vramIsTextureBank
                0x02007e64                glColorTable
                0x02008100                getNextTextureSlot
                0x02008334                glInit_C
 .text          0x020087cc      0x26c /opt/devkitPro/libnds/lib/libnds9.a(dldi.o)
                0x0200893c                dldiLoadFromFile
                0x02008838                dldiFree
                0x02008804                dldiIsValid
                0x020087cc                dldiGetInternal
                0x02008848                dldiFixDriverAddresses
 .text          0x02008a38     0x18b8 /opt/devkitPro/libnds/lib/libnds9.a(fifosystem.o)
                0x020099d4                fifoInternalRecvPopFirst
                0x02008ac0                fifoCheckValue32
                0x02008bd0                fifoCheckDatamsgLength
                0x020093c8                fifoGetLostWordCount
                0x02009338                fifoGetBufferUsage
                0x0200a098                fifoSendValue32
                0x02009fa8                fifoInternalSend
                0x020090a0                fifoGetDatamsg
                0x02008eb8                fifoGetValue32
                0x02008cd0                fifoGetAddress
                0x02008c60                fifoCountDatamsg
                0x02009008                fifoForceValue32Handler
                0x02008b48                fifoCheckDatamsg
                0x02009974                fifoInternalRecvPeek
                0x02009ec8                fifoInternalAllocFreeBlock
                0x02008e90                fifoSetAddressHandler
                0x02009934                fifoInternalProtect
                0x0200927c                fifoForceDatamsgHandler
                0x02009ddc                fifoInternalSendEnqueue
                0x0200a040                fifoSendDatamsg
                0x02009c14                fifoInternalSendEmpty
                0x02009d60                fifoInternalSendInterrupt
                0x0200a0e0                fifoSendAddress
                0x02009c24                fifoInternalSendDeque
                0x020093d4                fifoInternalRecvInterrupt
                0x02008a38                fifoCheckAddress
                0x02009f1c                fifoInternalFreeCheck
                0x02009aa8                fifoInternalRecvWordCount
                0x02009b28                fifoInternalRecvPushBack
                0x02009950                fifoInternalUnprotect
                0x02008e20                fifoForceAddressHandler
                0x02009078                fifoSetValue32Handler
                0x02009cf8                fifoInternalBeginSend
                0x0200a11c                fifoInit
                0x02009310                fifoSetDatamsgHandler
                0x02009ef8                fifoInternalFreeBlock
 .text          0x0200a2f0      0x1a8 /opt/devkitPro/libnds/lib/libnds9.a(interrupts.o)
                0x0200a3d0                irqEnable
                0x0200a2f4                irqSet
                0x0200a41c                irqDisable
                0x0200a354                irqInit
                0x0200a2f0                irqDummy
                0x0200a3a0                irqInitHandler
                0x0200a468                irqClear
 .text          0x0200a498       0x70 /opt/devkitPro/libnds/lib/libnds9.a(dcache.o)
                0x0200a498                DC_FlushAll
                0x0200a4c4                DC_FlushRange
                0x0200a4ec                DC_InvalidateRange
                0x0200a4e0                DC_InvalidateAll
 *fill*         0x0200a508       0x38 ff
 .text          0x0200a540     0x8000 /opt/devkitPro/libnds/lib/libnds9.a(dldi_stub.o)
                0x0200a540                _io_dldi_stub
 .text          0x02012540       0x70 /opt/devkitPro/libnds/lib/libnds9.a(biosCalls.o)
                0x02012550                swiSleep
                0x0201258a                swiDecompressLZSSVram
                0x02012572                swiFastCopy
                0x02012576                swiSqrt
                0x02012540                swiSoftReset
                0x0201257a                swiCRC16
                0x0201258e                swiDecompressHuffman
                0x020125a6                swiSetHaltCR
                0x0201255c                swiRemainder
                0x02012582                swiUnpackBits
                0x02012586                swiDecompressLZSSWram
                0x020125a2                swiDecodeDelta16
                0x02012544                swiDelay
                0x02012562                swiDivMod
                0x02012596                swiDecompressRLEVram
                0x02012592                swiDecompressRLEWram
                0x0201259e                swiDecodeDelta8
                0x02012558                swiDivide
                0x02012554                swiChangeSoundBias
                0x0201254c                swiWaitForVBlank
                0x02012548                swiIntrWait
                0x0201257e                swiIsDebugger
                0x0201259a                swiWaitForIRQ
                0x0201256e                swiCopy
 .text          0x020125b0        0x0 /opt/devkitPro/libnds/lib/libnds9.a(interruptDispatcher.o)
 .text          0x020125b0      0x144 /opt/devkitPro/libnds/lib/libnds9.a(video.o)
                0x02012664                vramSetBankF
                0x020125f4                vramRestoreMainBanks
                0x0201268c                vramSetBankH
                0x0201263c                vramSetBankD
                0x02012650                vramSetBankE
                0x020126b4                setBrightness
                0x02012678                vramSetBankG
                0x02012614                vramSetBankB
                0x02012628                vramSetBankC
                0x020126a0                vramSetBankI
                0x020125b0                vramSetMainBanks
                0x02012600                vramSetBankA
 .text          0x020126f4      0x240 /opt/devkitPro/libnds/lib/libmm9.a(mm_comms.o)
                0x020128e2                mmReverbStop
                0x02012810                mmEffectVolume
                0x02012776                mmSetModulePitch
                0x0201277e                mmSelectMode
                0x02012756                mmPause
                0x0201276e                mmSetJingleVolume
                0x0201287a                mmReverbEnable
                0x0201274c                mmStart
                0x0201277a                mmSetEffectsVolume
                0x02012832                mmEffectCancel
                0x02012766                mmJingle
                0x0201275a                mmResume
                0x02012796                mmStreamEnd
                0x02012740                mmLockChannels
                0x020126f4                mmSetupComms
                0x02012746                mmUnlockChannels
                0x02012818                mmEffectRate
                0x020127ec                mmEffect
                0x02012772                mmSetModuleTempo
                0x0201282c                mmEffectRelease
                0x02012814                mmEffectPanning
                0x0201276a                mmSetModuleVolume
                0x020128de                mmReverbStart
                0x02012882                mmReverbConfigure
                0x02012782                mmStreamBegin
                0x02012762                mmPosition
                0x0201287e                mmReverbDisable
                0x0201275e                mmStop
                0x02012838                mmEffectEx
                0x02012876                mmEffectCancelAll
                0x02012822                mmEffectScaleRate
                0x02012736                mmSendBank
 .text          0x02012934      0x108 /opt/devkitPro/libnds/lib/libmm9.a(mm_main9.o)
                0x0201296a                mmInitDefault
                0x020129f4                mmRestoreIRQ_t
                0x020129b4                mmInitDefaultMem
                0x020129d6                mmSuspendIRQ_t
                0x02012940                mmInit
                0x0201293a                mmSetEventHandler
                0x02012934                mmActive
 .text          0x02012a3c      0x120 /opt/devkitPro/libnds/lib/libmm9.a(mm_memory.o)
                0x02012a3c                mmLoad
                0x02012ae4                mmLoadEffect
                0x02012a8c                mmUnload
                0x02012b1c                mmUnloadEffect
 .text          0x02012b5c      0x100 /opt/devkitPro/libnds/lib/libmm9.a(mm_soundbank.o)
                0x02012ba2                mmsHandleFileOp
                0x02012b64                mmSoundBankInFiles
                0x02012b5c                mmSoundBankInMemory
                0x02012b76                mmSetCustomSoundBankHandler
 .text          0x02012c5c       0x3c /opt/devkitPro/libnds/lib/libmm9.a(mm_flusher.o)
                0x02012c5c                mmFlushBank
 .text          0x02012c98       0x8c /opt/devkitPro/devkitARM/lib/gcc/arm-eabi/4.3.3/thumb/libgcc.a(_udivsi3.o)
                0x02012c98                __udivsi3
                0x02012c98                __aeabi_uidiv
                0x02012d14                __aeabi_uidivmod
 .text          0x02012d24       0xa4 /opt/devkitPro/devkitARM/lib/gcc/arm-eabi/4.3.3/thumb/libgcc.a(_divsi3.o)
                0x02012d24                __aeabi_idiv
                0x02012d24                __divsi3
                0x02012db8                __aeabi_idivmod
 .text          0x02012dc8        0x4 /opt/devkitPro/devkitARM/lib/gcc/arm-eabi/4.3.3/thumb/libgcc.a(_dvmd_tls.o)
                0x02012dc8                __aeabi_ldiv0
                0x02012dc8                __div0
                0x02012dc8                __aeabi_idiv0
 .text          0x02012dcc       0x70 /opt/devkitPro/devkitARM/lib/gcc/arm-eabi/4.3.3/thumb/libgcc.a(_muldi3.o)
                0x02012dcc                __aeabi_lmul
                0x02012dcc                __muldi3
 .text          0x02012e3c       0x5c /opt/devkitPro/devkitARM/lib/gcc/arm-eabi/4.3.3/../../../../arm-eabi/lib/thumb/libg.a(lib_a-bsearch.o)
                0x02012e3c                bsearch
 .text          0x02012e98       0xc0 /opt/devkitPro/devkitARM/lib/gcc/arm-eabi/4.3.3/../../../../arm-eabi/lib/thumb/libg.a(lib_a-fclose.o)
                0x02012e98                _fclose_r
                0x02012f3c                fclose
 .text          0x02012f58      0x150 /opt/devkitPro/devkitARM/lib/gcc/arm-eabi/4.3.3/../../../../arm-eabi/lib/thumb/libg.a(lib_a-fflush.o)
                0x02013074                fflush
                0x02012f58                _fflush_r
 .text          0x020130a8      0x1f0 /opt/devkitPro/devkitARM/lib/gcc/arm-eabi/4.3.3/../../../../arm-eabi/lib/thumb/libg.a(lib_a-findfp.o)
                0x02013174                __sinit
                0x020131d0                __sfmoreglue
                0x0201310c                _cleanup
                0x020130f8                _cleanup_r
                0x020130dc                __fp_lock_all
                0x020130a8                __sfp_lock_acquire
                0x02013204                __sfp
                0x020130b4                __sinit_lock_release
                0x020130c0                __fp_unlock_all
                0x020130ac                __sfp_lock_release
                0x020130b0                __sinit_lock_acquire
 .text          0x02013298       0xa4 /opt/devkitPro/devkitARM/lib/gcc/arm-eabi/4.3.3/../../../../arm-eabi/lib/thumb/libg.a(lib_a-fopen.o)
                0x02013320                fopen
                0x02013298                _fopen_r
 .text          0x0201333c       0x38 /opt/devkitPro/devkitARM/lib/gcc/arm-eabi/4.3.3/../../../../arm-eabi/lib/thumb/libg.a(lib_a-fprintf.o)
                0x0201333c                fprintf
                0x0201335c                _fprintf_r
 .text          0x02013374      0x19c /opt/devkitPro/devkitARM/lib/gcc/arm-eabi/4.3.3/../../../../arm-eabi/lib/thumb/libg.a(lib_a-fread.o)
                0x020134e8                fread
                0x02013374                _fread_r
 .text          0x02013510      0x23c /opt/devkitPro/devkitARM/lib/gcc/arm-eabi/4.3.3/../../../../arm-eabi/lib/thumb/libg.a(lib_a-freer.o)
                0x020135b8                _free_r
                0x02013510                _malloc_trim_r
 .text          0x0201374c       0x38 /opt/devkitPro/devkitARM/lib/gcc/arm-eabi/4.3.3/../../../../arm-eabi/lib/thumb/libg.a(lib_a-fscanf.o)
                0x02013764                fscanf
                0x0201374c                _fscanf_r
 .text          0x02013784      0x30c /opt/devkitPro/devkitARM/lib/gcc/arm-eabi/4.3.3/../../../../arm-eabi/lib/thumb/libg.a(lib_a-fseek.o)
                0x02013a68                fseek
                0x02013784                _fseek_r
 .text          0x02013a90       0xc8 /opt/devkitPro/devkitARM/lib/gcc/arm-eabi/4.3.3/../../../../arm-eabi/lib/thumb/libg.a(lib_a-fwalk.o)
                0x02013af8                _fwalk
                0x02013a90                _fwalk_reent
 .text          0x02013b58        0x0 /opt/devkitPro/devkitARM/lib/gcc/arm-eabi/4.3.3/../../../../arm-eabi/lib/thumb/libg.a(lib_a-impure.o)
 .text          0x02013b58       0x88 /opt/devkitPro/devkitARM/lib/gcc/arm-eabi/4.3.3/../../../../arm-eabi/lib/thumb/libg.a(lib_a-init.o)
                0x02013b88                __libc_init_array
                0x02013b58                __libc_fini_array
 .text          0x02013be0       0x10 /opt/devkitPro/devkitARM/lib/gcc/arm-eabi/4.3.3/../../../../arm-eabi/lib/thumb/libg.a(lib_a-lcltime_r.o)
                0x02013be0                localtime_r
 .text          0x02013bf0      0x28c /opt/devkitPro/devkitARM/lib/gcc/arm-eabi/4.3.3/../../../../arm-eabi/lib/thumb/libg.a(lib_a-locale.o)
                0x02013c0c                _setlocale_r
                0x02013bf0                __locale_charset
                0x02013bfc                _localeconv_r
                0x02013e60                setlocale
                0x02013c04                localeconv
 .text          0x02013e7c       0xe8 /opt/devkitPro/devkitARM/lib/gcc/arm-eabi/4.3.3/../../../../arm-eabi/lib/thumb/libg.a(lib_a-makebuf.o)
                0x02013e7c                __smakebuf_r
 .text          0x02013f64       0x30 /opt/devkitPro/devkitARM/lib/gcc/arm-eabi/4.3.3/../../../../arm-eabi/lib/thumb/libg.a(lib_a-malloc.o)
                0x02013f7c                malloc
                0x02013f64                free
 .text          0x02013f94      0x510 /opt/devkitPro/devkitARM/lib/gcc/arm-eabi/4.3.3/../../../../arm-eabi/lib/thumb/libg.a(lib_a-mallocr.o)
                0x02013f94                _malloc_r
 .text          0x020144a4       0x70 /opt/devkitPro/devkitARM/lib/gcc/arm-eabi/4.3.3/../../../../arm-eabi/lib/thumb/libg.a(lib_a-mbrtowc.o)
                0x020144ec                mbrtowc
                0x020144a4                _mbrtowc_r
 .text          0x02014514       0xf4 /opt/devkitPro/devkitARM/lib/gcc/arm-eabi/4.3.3/../../../../arm-eabi/lib/thumb/libg.a(lib_a-mbsrtowcs.o)
                0x020145e0                mbsrtowcs
                0x02014514                _mbsrtowcs_r
 .text          0x02014608      0x69c /opt/devkitPro/devkitARM/lib/gcc/arm-eabi/4.3.3/../../../../arm-eabi/lib/thumb/libg.a(lib_a-mbtowc_r.o)
                0x02014608                _mbtowc_r
 .text          0x02014ca4       0x58 /opt/devkitPro/devkitARM/lib/gcc/arm-eabi/4.3.3/../../../../arm-eabi/lib/thumb/libg.a(lib_a-memcmp.o)
                0x02014ca4                memcmp
 .text          0x02014cfc       0x88 /opt/devkitPro/devkitARM/lib/gcc/arm-eabi/4.3.3/../../../../arm-eabi/lib/thumb/libg.a(lib_a-memcpy.o)
                0x02014cfc                memcpy
 .text          0x02014d84       0xb0 /opt/devkitPro/devkitARM/lib/gcc/arm-eabi/4.3.3/../../../../arm-eabi/lib/thumb/libg.a(lib_a-memmove.o)
                0x02014d84                memmove
 .text          0x02014e34       0xb0 /opt/devkitPro/devkitARM/lib/gcc/arm-eabi/4.3.3/../../../../arm-eabi/lib/thumb/libg.a(lib_a-memset.o)
                0x02014e34                memset
 .text          0x02014ee4      0x4b0 /opt/devkitPro/devkitARM/lib/gcc/arm-eabi/4.3.3/../../../../arm-eabi/lib/thumb/libg.a(lib_a-mktime.o)
                0x02015100                mktime
 .text          0x02015394      0x518 /opt/devkitPro/devkitARM/lib/gcc/arm-eabi/4.3.3/../../../../arm-eabi/lib/thumb/libg.a(lib_a-mktm_r.o)
                0x02015394                __tzcalc_limits
                0x02015534                _mktm_r
 .text          0x020158ac        0x8 /opt/devkitPro/devkitARM/lib/gcc/arm-eabi/4.3.3/../../../../arm-eabi/lib/thumb/libg.a(lib_a-mlock.o)
                0x020158b0                __malloc_unlock
                0x020158ac                __malloc_lock
 .text          0x020158b4       0x3c /opt/devkitPro/devkitARM/lib/gcc/arm-eabi/4.3.3/../../../../arm-eabi/lib/thumb/libg.a(lib_a-printf.o)
                0x020158b4                printf
                0x020158d8                _printf_r
 .text          0x020158f0       0x58 /opt/devkitPro/devkitARM/lib/gcc/arm-eabi/4.3.3/../../../../arm-eabi/lib/thumb/libg.a(lib_a-rand.o)
                0x02015904                rand
                0x020158f0                srand
 .text          0x02015948       0x1c /opt/devkitPro/devkitARM/lib/gcc/arm-eabi/4.3.3/../../../../arm-eabi/lib/thumb/libg.a(lib_a-realloc.o)
                0x02015948                realloc
 .text          0x02015964      0x340 /opt/devkitPro/devkitARM/lib/gcc/arm-eabi/4.3.3/../../../../arm-eabi/lib/thumb/libg.a(lib_a-reallocr.o)
                0x02015964                _realloc_r
 .text          0x02015ca4      0x128 /opt/devkitPro/devkitARM/lib/gcc/arm-eabi/4.3.3/../../../../arm-eabi/lib/thumb/libg.a(lib_a-refill.o)
                0x02015ca4                __srefill_r
 .text          0x02015dcc       0xb8 /opt/devkitPro/devkitARM/lib/gcc/arm-eabi/4.3.3/../../../../arm-eabi/lib/thumb/libg.a(lib_a-stdio.o)
                0x02015de0                __sseek
                0x02015e54                __sread
                0x02015dcc                __sclose
                0x02015e14                __swrite
 .text          0x02015e84       0xc4 /opt/devkitPro/devkitARM/lib/gcc/arm-eabi/4.3.3/../../../../arm-eabi/lib/thumb/libg.a(lib_a-strchr.o)
                0x02015e84                strchr
 .text          0x02015f48       0x5c /opt/devkitPro/devkitARM/lib/gcc/arm-eabi/4.3.3/../../../../arm-eabi/lib/thumb/libg.a(lib_a-strcmp.o)
                0x02015f48                strcmp
 .text          0x02015fa4       0x48 /opt/devkitPro/devkitARM/lib/gcc/arm-eabi/4.3.3/../../../../arm-eabi/lib/thumb/libg.a(lib_a-strcpy.o)
                0x02015fa4                strcpy
 .text          0x02015fec       0x60 /opt/devkitPro/devkitARM/lib/gcc/arm-eabi/4.3.3/../../../../arm-eabi/lib/thumb/libg.a(lib_a-strlen.o)
                0x02015fec                strlen
 .text          0x0201604c       0x94 /opt/devkitPro/devkitARM/lib/gcc/arm-eabi/4.3.3/../../../../arm-eabi/lib/thumb/libg.a(lib_a-strncasecmp.o)
                0x0201604c                strncasecmp
 .text          0x020160e0       0x9c /opt/devkitPro/devkitARM/lib/gcc/arm-eabi/4.3.3/../../../../arm-eabi/lib/thumb/libg.a(lib_a-strncmp.o)
                0x020160e0                strncmp
 .text          0x0201617c       0x74 /opt/devkitPro/devkitARM/lib/gcc/arm-eabi/4.3.3/../../../../arm-eabi/lib/thumb/libg.a(lib_a-strncpy.o)
                0x0201617c                strncpy
 .text          0x020161f0       0x2c /opt/devkitPro/devkitARM/lib/gcc/arm-eabi/4.3.3/../../../../arm-eabi/lib/thumb/libg.a(lib_a-strnlen.o)
                0x020161f0                strnlen
 .text          0x0201621c       0x48 /opt/devkitPro/devkitARM/lib/gcc/arm-eabi/4.3.3/../../../../arm-eabi/lib/thumb/libg.a(lib_a-strpbrk.o)
                0x0201621c                strpbrk
 .text          0x02016264       0x34 /opt/devkitPro/devkitARM/lib/gcc/arm-eabi/4.3.3/../../../../arm-eabi/lib/thumb/libg.a(lib_a-strrchr.o)
                0x02016264                strrchr
 .text          0x02016298       0x18 /opt/devkitPro/devkitARM/lib/gcc/arm-eabi/4.3.3/../../../../arm-eabi/lib/thumb/libg.a(lib_a-sysclose.o)
                0x02016298                close
 .text          0x020162b0       0x24 /opt/devkitPro/devkitARM/lib/gcc/arm-eabi/4.3.3/../../../../arm-eabi/lib/thumb/libg.a(lib_a-syslseek.o)
                0x020162b0                lseek
 .text          0x020162d4       0x1c /opt/devkitPro/devkitARM/lib/gcc/arm-eabi/4.3.3/../../../../arm-eabi/lib/thumb/libg.a(lib_a-sysopen.o)
                0x020162d4                open
 .text          0x020162f0       0x24 /opt/devkitPro/devkitARM/lib/gcc/arm-eabi/4.3.3/../../../../arm-eabi/lib/thumb/libg.a(lib_a-sysread.o)
                0x020162f0                read
 .text          0x02016314       0x34 /opt/devkitPro/devkitARM/lib/gcc/arm-eabi/4.3.3/../../../../arm-eabi/lib/thumb/libg.a(lib_a-time.o)
                0x02016314                time
 .text          0x02016348      0x4dc /opt/devkitPro/devkitARM/lib/gcc/arm-eabi/4.3.3/../../../../arm-eabi/lib/thumb/libg.a(lib_a-towlower.o)
                0x02016348                towlower
 .text          0x02016824      0x5d8 /opt/devkitPro/devkitARM/lib/gcc/arm-eabi/4.3.3/../../../../arm-eabi/lib/thumb/libg.a(lib_a-towupper.o)
                0x02016824                towupper
 .text          0x02016dfc        0x8 /opt/devkitPro/devkitARM/lib/gcc/arm-eabi/4.3.3/../../../../arm-eabi/lib/thumb/libg.a(lib_a-tzlock.o)
                0x02016e00                __tz_unlock
                0x02016dfc                __tz_lock
 .text          0x02016e04        0x0 /opt/devkitPro/devkitARM/lib/gcc/arm-eabi/4.3.3/../../../../arm-eabi/lib/thumb/libg.a(lib_a-tzvars.o)
 *fill*         0x02016e04        0x4 ff
 .text          0x02016e08     0x16f8 /opt/devkitPro/devkitARM/lib/gcc/arm-eabi/4.3.3/../../../../arm-eabi/lib/thumb/libg.a(lib_a-vfprintf.o)
                0x02016e28                _vfprintf_r
                0x020184dc                vfprintf
 .text          0x02018500      0xcd0 /opt/devkitPro/devkitARM/lib/gcc/arm-eabi/4.3.3/../../../../arm-eabi/lib/thumb/libg.a(lib_a-vfscanf.o)
                0x02019144                __svfscanf
                0x02019168                _vfscanf_r
                0x02019198                vfscanf
                0x02018500                __svfscanf_r
 .text          0x020191d0       0x68 /opt/devkitPro/devkitARM/lib/gcc/arm-eabi/4.3.3/../../../../arm-eabi/lib/thumb/libg.a(lib_a-wcrtomb.o)
                0x020191d0                _wcrtomb_r
                0x02019214                wcrtomb
 .text          0x02019238      0x108 /opt/devkitPro/devkitARM/lib/gcc/arm-eabi/4.3.3/../../../../arm-eabi/lib/thumb/libg.a(lib_a-wcsrtombs.o)
                0x02019238                _wcsrtombs_r
                0x02019318                wcsrtombs
 .text          0x02019340       0x40 /opt/devkitPro/devkitARM/lib/gcc/arm-eabi/4.3.3/../../../../arm-eabi/lib/thumb/libg.a(lib_a-wctob.o)
                0x02019340                wctob
 .text          0x02019380      0x2c8 /opt/devkitPro/devkitARM/lib/gcc/arm-eabi/4.3.3/../../../../arm-eabi/lib/thumb/libg.a(lib_a-wctomb_r.o)
                0x02019380                _wctomb_r
 .text          0x02019648       0xc8 /opt/devkitPro/devkitARM/lib/gcc/arm-eabi/4.3.3/../../../../arm-eabi/lib/thumb/libg.a(lib_a-wsetup.o)
                0x02019648                __swsetup_r
 .text          0x02019710        0x0 /opt/devkitPro/devkitARM/lib/gcc/arm-eabi/4.3.3/../../../../arm-eabi/lib/thumb/libg.a(lib_a-ctype_.o)
 .text          0x02019710       0x44 /opt/devkitPro/devkitARM/lib/gcc/arm-eabi/4.3.3/../../../../arm-eabi/lib/thumb/libg.a(lib_a-div.o)
                0x02019710                div
 *fill*         0x02019754        0x4 ff
 .text          0x02019758      0xf70 /opt/devkitPro/devkitARM/lib/gcc/arm-eabi/4.3.3/../../../../arm-eabi/lib/thumb/libg.a(lib_a-dtoa.o)
                0x020198c4                _dtoa_r
 .text          0x0201a6c8       0x7c /opt/devkitPro/devkitARM/lib/gcc/arm-eabi/4.3.3/../../../../arm-eabi/lib/thumb/libg.a(lib_a-flags.o)
                0x0201a6c8                __sflags
 .text          0x0201a744      0x318 /opt/devkitPro/devkitARM/lib/gcc/arm-eabi/4.3.3/../../../../arm-eabi/lib/thumb/libg.a(lib_a-fvwrite.o)
                0x0201a744                __sfvwrite_r
 .text          0x0201aa5c        0x8 /opt/devkitPro/devkitARM/lib/gcc/arm-eabi/4.3.3/../../../../arm-eabi/lib/thumb/libg.a(lib_a-gettzinfo.o)
                0x0201aa5c                __gettzinfo
 .text          0x0201aa64       0xec /opt/devkitPro/devkitARM/lib/gcc/arm-eabi/4.3.3/../../../../arm-eabi/lib/thumb/libg.a(lib_a-iswspace.o)
                0x0201aa64                iswspace
 .text          0x0201ab50      0x178 /opt/devkitPro/devkitARM/lib/gcc/arm-eabi/4.3.3/../../../../arm-eabi/lib/thumb/libg.a(lib_a-jp2uc.o)
                0x0201ab50                __jp2uc
 .text          0x0201acc8       0x8c /opt/devkitPro/devkitARM/lib/gcc/arm-eabi/4.3.3/../../../../arm-eabi/lib/thumb/libg.a(lib_a-memchr.o)
                0x0201acc8                memchr
 *fill*         0x0201ad54        0x4 ff
 .text          0x0201ad58      0x9e8 /opt/devkitPro/devkitARM/lib/gcc/arm-eabi/4.3.3/../../../../arm-eabi/lib/thumb/libg.a(lib_a-mprec.o)
                0x0201afd0                _mprec_log10
                0x0201b060                __any_on
                0x0201b0bc                _Balloc
                0x0201af7c                __ratio
                0x0201b528                __i2b
                0x0201aec0                __b2d
                0x0201b6a0                __s2b
                0x0201ae30                __mcmp
                0x0201ad74                __hi0bits
                0x0201b5e8                __pow5mult
                0x0201b308                __lshift
                0x0201b3c8                __multiply
                0x0201b110                __d2b
                0x0201b014                __copybits
                0x0201ae74                __ulp
                0x0201b1e4                __mdiff
                0x0201adc8                __lo0bits
                0x0201b540                __multadd
                0x0201ad58                _Bfree
 .text          0x0201b740       0x24 /opt/devkitPro/devkitARM/lib/gcc/arm-eabi/4.3.3/../../../../arm-eabi/lib/thumb/libg.a(lib_a-s_isinfd.o)
                0x0201b740                __isinfd
 .text          0x0201b764       0x1c /opt/devkitPro/devkitARM/lib/gcc/arm-eabi/4.3.3/../../../../arm-eabi/lib/thumb/libg.a(lib_a-s_isnand.o)
                0x0201b764                __isnand
 .text          0x0201b780       0x78 /opt/devkitPro/devkitARM/lib/gcc/arm-eabi/4.3.3/../../../../arm-eabi/lib/thumb/libg.a(lib_a-sccl.o)
                0x0201b780                __sccl
 .text          0x0201b7f8        0x8 /opt/devkitPro/devkitARM/lib/gcc/arm-eabi/4.3.3/../../../../arm-eabi/lib/thumb/libg.a(lib_a-sf_nan.o)
                0x0201b7f8                nanf
 .text          0x0201b800       0x84 /opt/devkitPro/devkitARM/lib/gcc/arm-eabi/4.3.3/../../../../arm-eabi/lib/thumb/libg.a(lib_a-sprintf.o)
                0x0201b844                _sprintf_r
                0x0201b800                sprintf
 *fill*         0x0201b884        0x4 ff
 .text          0x0201b888      0xf10 /opt/devkitPro/devkitARM/lib/gcc/arm-eabi/4.3.3/../../../../arm-eabi/lib/thumb/libg.a(lib_a-strtod.o)
                0x0201b888                _strtod_r
                0x0201c77c                strtod
                0x0201c740                strtof
 .text          0x0201c798      0x18c /opt/devkitPro/devkitARM/lib/gcc/arm-eabi/4.3.3/../../../../arm-eabi/lib/thumb/libg.a(lib_a-strtol.o)
                0x0201c900                strtol
                0x0201c798                _strtol_r
 .text          0x0201c924      0x190 /opt/devkitPro/devkitARM/lib/gcc/arm-eabi/4.3.3/../../../../arm-eabi/lib/thumb/libg.a(lib_a-strtoul.o)
                0x0201ca90                strtoul
                0x0201c924                _strtoul_r
 *fill*         0x0201cab4        0x4 ff
 .text          0x0201cab8     0x15e0 /opt/devkitPro/devkitARM/lib/gcc/arm-eabi/4.3.3/../../../../arm-eabi/lib/thumb/libg.a(lib_a-svfprintf.o)
                0x0201cbe4                _svfprintf_r
 .text          0x0201e098      0x1a0 /opt/devkitPro/devkitARM/lib/gcc/arm-eabi/4.3.3/../../../../arm-eabi/lib/thumb/libg.a(lib_a-ungetc.o)
                0x0201e21c                ungetc
                0x0201e098                __submore
                0x0201e114                _ungetc_r
 .text          0x0201e238       0x5c /opt/devkitPro/devkitARM/lib/gcc/arm-eabi/4.3.3/../../../../arm-eabi/lib/thumb/libg.a(lib_a-callocr.o)
                0x0201e238                _calloc_r
 .text          0x0201e294      0x5e8 /opt/devkitPro/devkitARM/lib/gcc/arm-eabi/4.3.3/../../../../arm-eabi/lib/thumb/libg.a(lib_a-gdtoa-gethex.o)
                0x0201e294                __hexdig_init
                0x0201e3a4                __gethex
 .text          0x0201e87c      0x1a4 /opt/devkitPro/devkitARM/lib/gcc/arm-eabi/4.3.3/../../../../arm-eabi/lib/thumb/libg.a(lib_a-gdtoa-hexnan.o)
                0x0201e87c                __hexnan
 .text          0x0201ea20      0x134 /opt/devkitPro/devkitARM/lib/gcc/arm-eabi/4.3.3/../../../../arm-eabi/lib/thumb/libsysbase.a(iosupport.o)
                0x0201eb30                RemoveDevice
                0x0201ea20                setDefaultDevice
                0x0201ea34                AddDevice
                0x0201eb10                GetDeviceOpTab
                0x0201eaac                FindDevice
 .text          0x0201eb54       0x54 /opt/devkitPro/devkitARM/lib/gcc/arm-eabi/4.3.3/../../../../arm-eabi/lib/thumb/libsysbase.a(close.o)
                0x0201eb54                _close_r
 .text          0x0201eba8       0x5c /opt/devkitPro/devkitARM/lib/gcc/arm-eabi/4.3.3/../../../../arm-eabi/lib/thumb/libsysbase.a(fstat.o)
                0x0201eba8                _fstat_r
 .text          0x0201ec04        0x4 /opt/devkitPro/devkitARM/lib/gcc/arm-eabi/4.3.3/../../../../arm-eabi/lib/thumb/libsysbase.a(isatty.o)
                0x0201ec04                _isatty_r
 .text          0x0201ec08       0x54 /opt/devkitPro/devkitARM/lib/gcc/arm-eabi/4.3.3/../../../../arm-eabi/lib/thumb/libsysbase.a(lseek.o)
                0x0201ec08                _lseek_r
 .text          0x0201ec5c       0x9c /opt/devkitPro/devkitARM/lib/gcc/arm-eabi/4.3.3/../../../../arm-eabi/lib/thumb/libsysbase.a(open.o)
                0x0201ec5c                _open_r
 .text          0x0201ecf8       0x54 /opt/devkitPro/devkitARM/lib/gcc/arm-eabi/4.3.3/../../../../arm-eabi/lib/thumb/libsysbase.a(read.o)
                0x0201ecf8                _read_r
 .text          0x0201ed4c       0x54 /opt/devkitPro/devkitARM/lib/gcc/arm-eabi/4.3.3/../../../../arm-eabi/lib/thumb/libsysbase.a(sbrk.o)
                0x0201ed4c                _sbrk_r
 .text          0x0201eda0       0x4c /opt/devkitPro/devkitARM/lib/gcc/arm-eabi/4.3.3/../../../../arm-eabi/lib/thumb/libsysbase.a(times.o)
                0x0201eda8                _gettimeofday_r
                0x0201eda0                _times_r
                0x0201edd4                _times
 .text          0x0201edec       0x54 /opt/devkitPro/devkitARM/lib/gcc/arm-eabi/4.3.3/../../../../arm-eabi/lib/thumb/libsysbase.a(write.o)
                0x0201edec                _write_r
 .text          0x0201ee40        0x0 /opt/devkitPro/devkitARM/lib/gcc/arm-eabi/4.3.3/../../../../arm-eabi/lib/thumb/libsysbase.a(malloc_vars.o)
 .text          0x0201ee40      0x25c /opt/devkitPro/devkitARM/lib/gcc/arm-eabi/4.3.3/../../../../arm-eabi/lib/thumb/libsysbase.a(chdir.o)
                0x0201efac                chdir
                0x0201ee40                getcwd
                0x0201ee90                _concatenate_path
 .text          0x0201f09c       0x54 /opt/devkitPro/devkitARM/lib/gcc/arm-eabi/4.3.3/../../../../arm-eabi/lib/thumb/libsysbase.a(build_argv.o)
                0x0201f09c                build_argv
 .text          0x0201f0f0       0x90 /opt/devkitPro/devkitARM/lib/gcc/arm-eabi/4.3.3/../../../../arm-eabi/lib/thumb/libsysbase.a(handle_manager.o)
                0x0201f150                __release_handle
                0x0201f110                __alloc_handle
                0x0201f0f0                __get_handle
 .text          0x0201f180      0x41c /opt/devkitPro/devkitARM/lib/gcc/arm-eabi/4.3.3/thumb/libgcc.a(_addsubdf3.o)
                0x0201f53c                __floatdidf
                0x0201f4c0                __floatsidf
                0x0201f49c                __aeabi_ui2d
                0x0201f180                __aeabi_drsub
                0x0201f4e8                __extendsfdf2
                0x0201f18c                __adddf3
                0x0201f49c                __floatunsidf
                0x0201f18c                __aeabi_dadd
                0x0201f528                __aeabi_ul2d
                0x0201f188                __aeabi_dsub
                0x0201f528                __floatundidf
                0x0201f4c0                __aeabi_i2d
                0x0201f53c                __aeabi_l2d
                0x0201f4e8                __aeabi_f2d
                0x0201f188                __subdf3
 .text          0x0201f59c      0x49c /opt/devkitPro/devkitARM/lib/gcc/arm-eabi/4.3.3/thumb/libgcc.a(_muldivdf3.o)
                0x0201f82c                __aeabi_ddiv
                0x0201f59c                __aeabi_dmul
                0x0201f82c                __divdf3
                0x0201f59c                __muldf3
 .text          0x0201fa38      0x140 /opt/devkitPro/devkitARM/lib/gcc/arm-eabi/4.3.3/thumb/libgcc.a(_cmpdf2.o)
                0x0201fb30                __aeabi_dcmple
                0x0201fa48                __cmpdf2
                0x0201fa48                __eqdf2
                0x0201fa38                __gtdf2
                0x0201fae8                __aeabi_cdcmple
                0x0201facc                __aeabi_cdrcmple
                0x0201fa40                __ltdf2
                0x0201fb18                __aeabi_dcmplt
                0x0201fa40                __ledf2
                0x0201fb60                __aeabi_dcmpgt
                0x0201fb48                __aeabi_dcmpge
                0x0201fa48                __nedf2
                0x0201fb00                __aeabi_dcmpeq
                0x0201fae8                __aeabi_cdcmpeq
                0x0201fa38                __gedf2
 .text          0x0201fb78       0x5c /opt/devkitPro/devkitARM/lib/gcc/arm-eabi/4.3.3/thumb/libgcc.a(_fixdfsi.o)
                0x0201fb78                __fixdfsi
                0x0201fb78                __aeabi_d2iz
 .text          0x0201fbd4       0x54 /opt/devkitPro/devkitARM/lib/gcc/arm-eabi/4.3.3/thumb/libgcc.a(_fixunsdfsi.o)
                0x0201fbd4                __fixunsdfsi
                0x0201fbd4                __aeabi_d2uiz
 .text          0x0201fc28       0xa0 /opt/devkitPro/devkitARM/lib/gcc/arm-eabi/4.3.3/thumb/libgcc.a(_truncdfsf2.o)
                0x0201fc28                __aeabi_d2f
                0x0201fc28                __truncdfsf2
 .text          0x0201fcc8        0xc /opt/devkitPro/devkitARM/lib/gcc/arm-eabi/4.3.3/../../../../arm-eabi/lib/thumb/libg.a(lib_a-errno.o)
                0x0201fcc8                __errno
 .text          0x0201fcd4        0x0 /opt/devkitPro/devkitARM/lib/gcc/arm-eabi/4.3.3/thumb/crtend.o
 .text          0x0201fcd4        0x0 /opt/devkitPro/devkitARM/lib/gcc/arm-eabi/4.3.3/thumb/crtn.o
 *(.text.*)
 *(.stub)
 *(.gnu.warning)
 *(.gnu.linkonce.t*)
 *(.glue_7)
 .glue_7        0x0201fcd4        0x0 /opt/devkitPro/devkitARM/lib/gcc/arm-eabi/4.3.3/../../../../arm-eabi/lib/thumb/ds_arm9_crt0.o
 .glue_7        0x0201fcd4        0x0 /opt/devkitPro/devkitARM/lib/gcc/arm-eabi/4.3.3/thumb/crti.o
 .glue_7        0x0201fcd4        0x0 /opt/devkitPro/devkitARM/lib/gcc/arm-eabi/4.3.3/thumb/crtbegin.o
 .glue_7        0x0201fcd4        0x0 soundbank.bin.o
 .glue_7        0x0201fcd4        0x0 alexxzandrite.o
 .glue_7        0x0201fcd4        0x0 amazonite.o
 .glue_7        0x0201fcd4        0x0 background.o
 .glue_7        0x0201fcd4        0x0 bronze.o
 .glue_7        0x0201fcd4        0x0 controls.o
 .glue_7        0x0201fcd4        0x0 diamond.o
 .glue_7        0x0201fcd4        0x0 FONDS.o
 .glue_7        0x0201fcd4        0x0 game_over.o
 .glue_7        0x0201fcd4        0x0 game_over_sub.o
 .glue_7        0x0201fcd4        0x0 launcherImage.o
 .glue_7        0x0201fcd4        0x0 numbers_small.o
 .glue_7        0x0201fcd4        0x0 PlayerHorizontal.o
 .glue_7        0x0201fcd4        0x0 PlayerVertical.o
 .glue_7        0x0201fcd4        0x0 press_to_begin.o
 .glue_7        0x0201fcd4        0x0 game.o
 .glue_7        0x0201fcd4        0x0 graphics_main.o
 .glue_7        0x0201fcd4        0x0 graphics_sub.o
 .glue_7        0x0201fcd4        0x0 main.o
 .glue_7        0x0201fcd4        0x0 mineral.o
 .glue_7        0x0201fcd4        0x0 P_Audio.o
 .glue_7        0x0201fcd4        0x0 P_Score.o
 .glue_7        0x0201fcd4        0x0 timer_game.o
 .glue_7        0x0201fcd4        0x0 /opt/devkitPro/libnds/lib/libfat.a(libfat.o)
 .glue_7        0x0201fcd4        0x0 /opt/devkitPro/libnds/lib/libfat.a(partition.o)
 .glue_7        0x0201fcd4        0x0 /opt/devkitPro/libnds/lib/libfat.a(cache.o)
 .glue_7        0x0201fcd4        0x0 /opt/devkitPro/libnds/lib/libfat.a(disc.o)
 .glue_7        0x0201fcd4        0x0 /opt/devkitPro/libnds/lib/libfat.a(fatdir.o)
 .glue_7        0x0201fcd4        0x0 /opt/devkitPro/libnds/lib/libfat.a(fatfile.o)
 .glue_7        0x0201fcd4        0x0 /opt/devkitPro/libnds/lib/libfat.a(file_allocation_table.o)
 .glue_7        0x0201fcd4        0x0 /opt/devkitPro/libnds/lib/libfat.a(filetime.o)
 .glue_7        0x0201fcd4        0x0 /opt/devkitPro/libnds/lib/libfat.a(directory.o)
 .glue_7        0x0201fcd4        0x0 /opt/devkitPro/libnds/lib/libnds9.a(initSystem.o)
 .glue_7        0x0201fcd4        0x0 /opt/devkitPro/libnds/lib/libnds9.a(keys.o)
 .glue_7        0x0201fcd4        0x0 /opt/devkitPro/libnds/lib/libnds9.a(sprite.o)
 .glue_7        0x0201fcd4        0x0 /opt/devkitPro/libnds/lib/libnds9.a(sprite_alloc.o)
 .glue_7        0x0201fcd4        0x0 /opt/devkitPro/libnds/lib/libnds9.a(system.o)
 .glue_7        0x0201fcd4        0x0 /opt/devkitPro/libnds/lib/libnds9.a(touch.o)
 .glue_7        0x0201fcd4        0x0 /opt/devkitPro/libnds/lib/libnds9.a(trig.o)
 .glue_7        0x0201fcd4        0x0 /opt/devkitPro/libnds/lib/libnds9.a(videoGL.o)
 .glue_7        0x0201fcd4        0x0 /opt/devkitPro/libnds/lib/libnds9.a(dldi.o)
 .glue_7        0x0201fcd4        0x0 /opt/devkitPro/libnds/lib/libnds9.a(fifosystem.o)
 .glue_7        0x0201fcd4        0x0 /opt/devkitPro/libnds/lib/libnds9.a(interrupts.o)
 .glue_7        0x0201fcd4        0x0 /opt/devkitPro/libnds/lib/libnds9.a(dcache.o)
 .glue_7        0x0201fcd4        0x0 /opt/devkitPro/libnds/lib/libnds9.a(dldi_stub.o)
 .glue_7        0x0201fcd4        0x0 /opt/devkitPro/libnds/lib/libnds9.a(biosCalls.o)
 .glue_7        0x0201fcd4        0x0 /opt/devkitPro/libnds/lib/libnds9.a(interruptDispatcher.o)
 .glue_7        0x0201fcd4        0x0 /opt/devkitPro/libnds/lib/libnds9.a(video.o)
 .glue_7        0x0201fcd4        0x0 /opt/devkitPro/libnds/lib/libmm9.a(mm_comms.o)
 .glue_7        0x0201fcd4        0x0 /opt/devkitPro/libnds/lib/libmm9.a(mm_main9.o)
 .glue_7        0x0201fcd4        0x0 /opt/devkitPro/libnds/lib/libmm9.a(mm_memory.o)
 .glue_7        0x0201fcd4        0x0 /opt/devkitPro/libnds/lib/libmm9.a(mm_soundbank.o)
 .glue_7        0x0201fcd4        0x0 /opt/devkitPro/libnds/lib/libmm9.a(mm_flusher.o)
 .glue_7        0x0201fcd4        0x0 /opt/devkitPro/devkitARM/lib/gcc/arm-eabi/4.3.3/thumb/libgcc.a(_udivsi3.o)
 .glue_7        0x0201fcd4        0x0 /opt/devkitPro/devkitARM/lib/gcc/arm-eabi/4.3.3/thumb/libgcc.a(_divsi3.o)
 .glue_7        0x0201fcd4        0x0 /opt/devkitPro/devkitARM/lib/gcc/arm-eabi/4.3.3/thumb/libgcc.a(_dvmd_tls.o)
 .glue_7        0x0201fcd4        0x0 /opt/devkitPro/devkitARM/lib/gcc/arm-eabi/4.3.3/thumb/libgcc.a(_muldi3.o)
 .glue_7        0x0201fcd4        0x0 /opt/devkitPro/devkitARM/lib/gcc/arm-eabi/4.3.3/../../../../arm-eabi/lib/thumb/libg.a(lib_a-bsearch.o)
 .glue_7        0x0201fcd4        0x0 /opt/devkitPro/devkitARM/lib/gcc/arm-eabi/4.3.3/../../../../arm-eabi/lib/thumb/libg.a(lib_a-fclose.o)
 .glue_7        0x0201fcd4        0x0 /opt/devkitPro/devkitARM/lib/gcc/arm-eabi/4.3.3/../../../../arm-eabi/lib/thumb/libg.a(lib_a-fflush.o)
 .glue_7        0x0201fcd4        0x0 /opt/devkitPro/devkitARM/lib/gcc/arm-eabi/4.3.3/../../../../arm-eabi/lib/thumb/libg.a(lib_a-findfp.o)
 .glue_7        0x0201fcd4        0x0 /opt/devkitPro/devkitARM/lib/gcc/arm-eabi/4.3.3/../../../../arm-eabi/lib/thumb/libg.a(lib_a-fopen.o)
 .glue_7        0x0201fcd4        0x0 /opt/devkitPro/devkitARM/lib/gcc/arm-eabi/4.3.3/../../../../arm-eabi/lib/thumb/libg.a(lib_a-fprintf.o)
 .glue_7        0x0201fcd4        0x0 /opt/devkitPro/devkitARM/lib/gcc/arm-eabi/4.3.3/../../../../arm-eabi/lib/thumb/libg.a(lib_a-fread.o)
 .glue_7        0x0201fcd4        0x0 /opt/devkitPro/devkitARM/lib/gcc/arm-eabi/4.3.3/../../../../arm-eabi/lib/thumb/libg.a(lib_a-freer.o)
 .glue_7        0x0201fcd4        0x0 /opt/devkitPro/devkitARM/lib/gcc/arm-eabi/4.3.3/../../../../arm-eabi/lib/thumb/libg.a(lib_a-fscanf.o)
 .glue_7        0x0201fcd4        0x0 /opt/devkitPro/devkitARM/lib/gcc/arm-eabi/4.3.3/../../../../arm-eabi/lib/thumb/libg.a(lib_a-fseek.o)
 .glue_7        0x0201fcd4        0x0 /opt/devkitPro/devkitARM/lib/gcc/arm-eabi/4.3.3/../../../../arm-eabi/lib/thumb/libg.a(lib_a-fwalk.o)
 .glue_7        0x0201fcd4        0x0 /opt/devkitPro/devkitARM/lib/gcc/arm-eabi/4.3.3/../../../../arm-eabi/lib/thumb/libg.a(lib_a-impure.o)
 .glue_7        0x0201fcd4        0x0 /opt/devkitPro/devkitARM/lib/gcc/arm-eabi/4.3.3/../../../../arm-eabi/lib/thumb/libg.a(lib_a-init.o)
 .glue_7        0x0201fcd4        0x0 /opt/devkitPro/devkitARM/lib/gcc/arm-eabi/4.3.3/../../../../arm-eabi/lib/thumb/libg.a(lib_a-lcltime_r.o)
 .glue_7        0x0201fcd4        0x0 /opt/devkitPro/devkitARM/lib/gcc/arm-eabi/4.3.3/../../../../arm-eabi/lib/thumb/libg.a(lib_a-locale.o)
 .glue_7        0x0201fcd4        0x0 /opt/devkitPro/devkitARM/lib/gcc/arm-eabi/4.3.3/../../../../arm-eabi/lib/thumb/libg.a(lib_a-makebuf.o)
 .glue_7        0x0201fcd4        0x0 /opt/devkitPro/devkitARM/lib/gcc/arm-eabi/4.3.3/../../../../arm-eabi/lib/thumb/libg.a(lib_a-malloc.o)
 .glue_7        0x0201fcd4        0x0 /opt/devkitPro/devkitARM/lib/gcc/arm-eabi/4.3.3/../../../../arm-eabi/lib/thumb/libg.a(lib_a-mallocr.o)
 .glue_7        0x0201fcd4        0x0 /opt/devkitPro/devkitARM/lib/gcc/arm-eabi/4.3.3/../../../../arm-eabi/lib/thumb/libg.a(lib_a-mbrtowc.o)
 .glue_7        0x0201fcd4        0x0 /opt/devkitPro/devkitARM/lib/gcc/arm-eabi/4.3.3/../../../../arm-eabi/lib/thumb/libg.a(lib_a-mbsrtowcs.o)
 .glue_7        0x0201fcd4        0x0 /opt/devkitPro/devkitARM/lib/gcc/arm-eabi/4.3.3/../../../../arm-eabi/lib/thumb/libg.a(lib_a-mbtowc_r.o)
 .glue_7        0x0201fcd4        0x0 /opt/devkitPro/devkitARM/lib/gcc/arm-eabi/4.3.3/../../../../arm-eabi/lib/thumb/libg.a(lib_a-memcmp.o)
 .glue_7        0x0201fcd4        0x0 /opt/devkitPro/devkitARM/lib/gcc/arm-eabi/4.3.3/../../../../arm-eabi/lib/thumb/libg.a(lib_a-memcpy.o)
 .glue_7        0x0201fcd4        0x0 /opt/devkitPro/devkitARM/lib/gcc/arm-eabi/4.3.3/../../../../arm-eabi/lib/thumb/libg.a(lib_a-memmove.o)
 .glue_7        0x0201fcd4        0x0 /opt/devkitPro/devkitARM/lib/gcc/arm-eabi/4.3.3/../../../../arm-eabi/lib/thumb/libg.a(lib_a-memset.o)
 .glue_7        0x0201fcd4        0x0 /opt/devkitPro/devkitARM/lib/gcc/arm-eabi/4.3.3/../../../../arm-eabi/lib/thumb/libg.a(lib_a-mktime.o)
 .glue_7        0x0201fcd4        0x0 /opt/devkitPro/devkitARM/lib/gcc/arm-eabi/4.3.3/../../../../arm-eabi/lib/thumb/libg.a(lib_a-mktm_r.o)
 .glue_7        0x0201fcd4        0x0 /opt/devkitPro/devkitARM/lib/gcc/arm-eabi/4.3.3/../../../../arm-eabi/lib/thumb/libg.a(lib_a-mlock.o)
 .glue_7        0x0201fcd4        0x0 /opt/devkitPro/devkitARM/lib/gcc/arm-eabi/4.3.3/../../../../arm-eabi/lib/thumb/libg.a(lib_a-printf.o)
 .glue_7        0x0201fcd4        0x0 /opt/devkitPro/devkitARM/lib/gcc/arm-eabi/4.3.3/../../../../arm-eabi/lib/thumb/libg.a(lib_a-rand.o)
 .glue_7        0x0201fcd4        0x0 /opt/devkitPro/devkitARM/lib/gcc/arm-eabi/4.3.3/../../../../arm-eabi/lib/thumb/libg.a(lib_a-realloc.o)
 .glue_7        0x0201fcd4        0x0 /opt/devkitPro/devkitARM/lib/gcc/arm-eabi/4.3.3/../../../../arm-eabi/lib/thumb/libg.a(lib_a-reallocr.o)
 .glue_7        0x0201fcd4        0x0 /opt/devkitPro/devkitARM/lib/gcc/arm-eabi/4.3.3/../../../../arm-eabi/lib/thumb/libg.a(lib_a-refill.o)
 .glue_7        0x0201fcd4        0x0 /opt/devkitPro/devkitARM/lib/gcc/arm-eabi/4.3.3/../../../../arm-eabi/lib/thumb/libg.a(lib_a-stdio.o)
 .glue_7        0x0201fcd4        0x0 /opt/devkitPro/devkitARM/lib/gcc/arm-eabi/4.3.3/../../../../arm-eabi/lib/thumb/libg.a(lib_a-strchr.o)
 .glue_7        0x0201fcd4        0x0 /opt/devkitPro/devkitARM/lib/gcc/arm-eabi/4.3.3/../../../../arm-eabi/lib/thumb/libg.a(lib_a-strcmp.o)
 .glue_7        0x0201fcd4        0x0 /opt/devkitPro/devkitARM/lib/gcc/arm-eabi/4.3.3/../../../../arm-eabi/lib/thumb/libg.a(lib_a-strcpy.o)
 .glue_7        0x0201fcd4        0x0 /opt/devkitPro/devkitARM/lib/gcc/arm-eabi/4.3.3/../../../../arm-eabi/lib/thumb/libg.a(lib_a-strlen.o)
 .glue_7        0x0201fcd4        0x0 /opt/devkitPro/devkitARM/lib/gcc/arm-eabi/4.3.3/../../../../arm-eabi/lib/thumb/libg.a(lib_a-strncasecmp.o)
 .glue_7        0x0201fcd4        0x0 /opt/devkitPro/devkitARM/lib/gcc/arm-eabi/4.3.3/../../../../arm-eabi/lib/thumb/libg.a(lib_a-strncmp.o)
 .glue_7        0x0201fcd4        0x0 /opt/devkitPro/devkitARM/lib/gcc/arm-eabi/4.3.3/../../../../arm-eabi/lib/thumb/libg.a(lib_a-strncpy.o)
 .glue_7        0x0201fcd4        0x0 /opt/devkitPro/devkitARM/lib/gcc/arm-eabi/4.3.3/../../../../arm-eabi/lib/thumb/libg.a(lib_a-strnlen.o)
 .glue_7        0x0201fcd4        0x0 /opt/devkitPro/devkitARM/lib/gcc/arm-eabi/4.3.3/../../../../arm-eabi/lib/thumb/libg.a(lib_a-strpbrk.o)
 .glue_7        0x0201fcd4        0x0 /opt/devkitPro/devkitARM/lib/gcc/arm-eabi/4.3.3/../../../../arm-eabi/lib/thumb/libg.a(lib_a-strrchr.o)
 .glue_7        0x0201fcd4        0x0 /opt/devkitPro/devkitARM/lib/gcc/arm-eabi/4.3.3/../../../../arm-eabi/lib/thumb/libg.a(lib_a-sysclose.o)
 .glue_7        0x0201fcd4        0x0 /opt/devkitPro/devkitARM/lib/gcc/arm-eabi/4.3.3/../../../../arm-eabi/lib/thumb/libg.a(lib_a-syslseek.o)
 .glue_7        0x0201fcd4        0x0 /opt/devkitPro/devkitARM/lib/gcc/arm-eabi/4.3.3/../../../../arm-eabi/lib/thumb/libg.a(lib_a-sysopen.o)
 .glue_7        0x0201fcd4        0x0 /opt/devkitPro/devkitARM/lib/gcc/arm-eabi/4.3.3/../../../../arm-eabi/lib/thumb/libg.a(lib_a-sysread.o)
 .glue_7        0x0201fcd4        0x0 /opt/devkitPro/devkitARM/lib/gcc/arm-eabi/4.3.3/../../../../arm-eabi/lib/thumb/libg.a(lib_a-time.o)
 .glue_7        0x0201fcd4        0x0 /opt/devkitPro/devkitARM/lib/gcc/arm-eabi/4.3.3/../../../../arm-eabi/lib/thumb/libg.a(lib_a-towlower.o)
 .glue_7        0x0201fcd4        0x0 /opt/devkitPro/devkitARM/lib/gcc/arm-eabi/4.3.3/../../../../arm-eabi/lib/thumb/libg.a(lib_a-towupper.o)
 .glue_7        0x0201fcd4        0x0 /opt/devkitPro/devkitARM/lib/gcc/arm-eabi/4.3.3/../../../../arm-eabi/lib/thumb/libg.a(lib_a-tzlock.o)
 .glue_7        0x0201fcd4        0x0 /opt/devkitPro/devkitARM/lib/gcc/arm-eabi/4.3.3/../../../../arm-eabi/lib/thumb/libg.a(lib_a-tzvars.o)
 .glue_7        0x0201fcd4        0x0 /opt/devkitPro/devkitARM/lib/gcc/arm-eabi/4.3.3/../../../../arm-eabi/lib/thumb/libg.a(lib_a-vfprintf.o)
 .glue_7        0x0201fcd4        0x0 /opt/devkitPro/devkitARM/lib/gcc/arm-eabi/4.3.3/../../../../arm-eabi/lib/thumb/libg.a(lib_a-vfscanf.o)
 .glue_7        0x0201fcd4        0x0 /opt/devkitPro/devkitARM/lib/gcc/arm-eabi/4.3.3/../../../../arm-eabi/lib/thumb/libg.a(lib_a-wcrtomb.o)
 .glue_7        0x0201fcd4        0x0 /opt/devkitPro/devkitARM/lib/gcc/arm-eabi/4.3.3/../../../../arm-eabi/lib/thumb/libg.a(lib_a-wcsrtombs.o)
 .glue_7        0x0201fcd4        0x0 /opt/devkitPro/devkitARM/lib/gcc/arm-eabi/4.3.3/../../../../arm-eabi/lib/thumb/libg.a(lib_a-wctob.o)
 .glue_7        0x0201fcd4        0x0 /opt/devkitPro/devkitARM/lib/gcc/arm-eabi/4.3.3/../../../../arm-eabi/lib/thumb/libg.a(lib_a-wctomb_r.o)
 .glue_7        0x0201fcd4        0x0 /opt/devkitPro/devkitARM/lib/gcc/arm-eabi/4.3.3/../../../../arm-eabi/lib/thumb/libg.a(lib_a-wsetup.o)
 .glue_7        0x0201fcd4        0x0 /opt/devkitPro/devkitARM/lib/gcc/arm-eabi/4.3.3/../../../../arm-eabi/lib/thumb/libg.a(lib_a-ctype_.o)
 .glue_7        0x0201fcd4        0x0 /opt/devkitPro/devkitARM/lib/gcc/arm-eabi/4.3.3/../../../../arm-eabi/lib/thumb/libg.a(lib_a-div.o)
 .glue_7        0x0201fcd4        0x0 /opt/devkitPro/devkitARM/lib/gcc/arm-eabi/4.3.3/../../../../arm-eabi/lib/thumb/libg.a(lib_a-dtoa.o)
 .glue_7        0x0201fcd4        0x0 /opt/devkitPro/devkitARM/lib/gcc/arm-eabi/4.3.3/../../../../arm-eabi/lib/thumb/libg.a(lib_a-flags.o)
 .glue_7        0x0201fcd4        0x0 /opt/devkitPro/devkitARM/lib/gcc/arm-eabi/4.3.3/../../../../arm-eabi/lib/thumb/libg.a(lib_a-fvwrite.o)
 .glue_7        0x0201fcd4        0x0 /opt/devkitPro/devkitARM/lib/gcc/arm-eabi/4.3.3/../../../../arm-eabi/lib/thumb/libg.a(lib_a-gettzinfo.o)
 .glue_7        0x0201fcd4        0x0 /opt/devkitPro/devkitARM/lib/gcc/arm-eabi/4.3.3/../../../../arm-eabi/lib/thumb/libg.a(lib_a-iswspace.o)
 .glue_7        0x0201fcd4        0x0 /opt/devkitPro/devkitARM/lib/gcc/arm-eabi/4.3.3/../../../../arm-eabi/lib/thumb/libg.a(lib_a-jp2uc.o)
 .glue_7        0x0201fcd4        0x0 /opt/devkitPro/devkitARM/lib/gcc/arm-eabi/4.3.3/../../../../arm-eabi/lib/thumb/libg.a(lib_a-memchr.o)
 .glue_7        0x0201fcd4        0x0 /opt/devkitPro/devkitARM/lib/gcc/arm-eabi/4.3.3/../../../../arm-eabi/lib/thumb/libg.a(lib_a-mprec.o)
 .glue_7        0x0201fcd4        0x0 /opt/devkitPro/devkitARM/lib/gcc/arm-eabi/4.3.3/../../../../arm-eabi/lib/thumb/libg.a(lib_a-s_isinfd.o)
 .glue_7        0x0201fcd4        0x0 /opt/devkitPro/devkitARM/lib/gcc/arm-eabi/4.3.3/../../../../arm-eabi/lib/thumb/libg.a(lib_a-s_isnand.o)
 .glue_7        0x0201fcd4        0x0 /opt/devkitPro/devkitARM/lib/gcc/arm-eabi/4.3.3/../../../../arm-eabi/lib/thumb/libg.a(lib_a-sccl.o)
 .glue_7        0x0201fcd4        0x0 /opt/devkitPro/devkitARM/lib/gcc/arm-eabi/4.3.3/../../../../arm-eabi/lib/thumb/libg.a(lib_a-sf_nan.o)
 .glue_7        0x0201fcd4        0x0 /opt/devkitPro/devkitARM/lib/gcc/arm-eabi/4.3.3/../../../../arm-eabi/lib/thumb/libg.a(lib_a-sprintf.o)
 .glue_7        0x0201fcd4        0x0 /opt/devkitPro/devkitARM/lib/gcc/arm-eabi/4.3.3/../../../../arm-eabi/lib/thumb/libg.a(lib_a-strtod.o)
 .glue_7        0x0201fcd4        0x0 /opt/devkitPro/devkitARM/lib/gcc/arm-eabi/4.3.3/../../../../arm-eabi/lib/thumb/libg.a(lib_a-strtol.o)
 .glue_7        0x0201fcd4        0x0 /opt/devkitPro/devkitARM/lib/gcc/arm-eabi/4.3.3/../../../../arm-eabi/lib/thumb/libg.a(lib_a-strtoul.o)
 .glue_7        0x0201fcd4        0x0 /opt/devkitPro/devkitARM/lib/gcc/arm-eabi/4.3.3/../../../../arm-eabi/lib/thumb/libg.a(lib_a-svfprintf.o)
 .glue_7        0x0201fcd4        0x0 /opt/devkitPro/devkitARM/lib/gcc/arm-eabi/4.3.3/../../../../arm-eabi/lib/thumb/libg.a(lib_a-ungetc.o)
 .glue_7        0x0201fcd4        0x0 /opt/devkitPro/devkitARM/lib/gcc/arm-eabi/4.3.3/../../../../arm-eabi/lib/thumb/libg.a(lib_a-callocr.o)
 .glue_7        0x0201fcd4        0x0 /opt/devkitPro/devkitARM/lib/gcc/arm-eabi/4.3.3/../../../../arm-eabi/lib/thumb/libg.a(lib_a-gdtoa-gethex.o)
 .glue_7        0x0201fcd4        0x0 /opt/devkitPro/devkitARM/lib/gcc/arm-eabi/4.3.3/../../../../arm-eabi/lib/thumb/libg.a(lib_a-gdtoa-hexnan.o)
 .glue_7        0x0201fcd4        0x0 /opt/devkitPro/devkitARM/lib/gcc/arm-eabi/4.3.3/../../../../arm-eabi/lib/thumb/libsysbase.a(iosupport.o)
 .glue_7        0x0201fcd4        0x0 /opt/devkitPro/devkitARM/lib/gcc/arm-eabi/4.3.3/../../../../arm-eabi/lib/thumb/libsysbase.a(close.o)
 .glue_7        0x0201fcd4        0x0 /opt/devkitPro/devkitARM/lib/gcc/arm-eabi/4.3.3/../../../../arm-eabi/lib/thumb/libsysbase.a(fstat.o)
 .glue_7        0x0201fcd4        0x0 /opt/devkitPro/devkitARM/lib/gcc/arm-eabi/4.3.3/../../../../arm-eabi/lib/thumb/libsysbase.a(isatty.o)
 .glue_7        0x0201fcd4        0x0 /opt/devkitPro/devkitARM/lib/gcc/arm-eabi/4.3.3/../../../../arm-eabi/lib/thumb/libsysbase.a(lseek.o)
 .glue_7        0x0201fcd4        0x0 /opt/devkitPro/devkitARM/lib/gcc/arm-eabi/4.3.3/../../../../arm-eabi/lib/thumb/libsysbase.a(open.o)
 .glue_7        0x0201fcd4        0x0 /opt/devkitPro/devkitARM/lib/gcc/arm-eabi/4.3.3/../../../../arm-eabi/lib/thumb/libsysbase.a(read.o)
 .glue_7        0x0201fcd4        0x0 /opt/devkitPro/devkitARM/lib/gcc/arm-eabi/4.3.3/../../../../arm-eabi/lib/thumb/libsysbase.a(sbrk.o)
 .glue_7        0x0201fcd4        0x0 /opt/devkitPro/devkitARM/lib/gcc/arm-eabi/4.3.3/../../../../arm-eabi/lib/thumb/libsysbase.a(times.o)
 .glue_7        0x0201fcd4        0x0 /opt/devkitPro/devkitARM/lib/gcc/arm-eabi/4.3.3/../../../../arm-eabi/lib/thumb/libsysbase.a(write.o)
 .glue_7        0x0201fcd4        0x0 /opt/devkitPro/devkitARM/lib/gcc/arm-eabi/4.3.3/../../../../arm-eabi/lib/thumb/libsysbase.a(malloc_vars.o)
 .glue_7        0x0201fcd4        0x0 /opt/devkitPro/devkitARM/lib/gcc/arm-eabi/4.3.3/../../../../arm-eabi/lib/thumb/libsysbase.a(chdir.o)
 .glue_7        0x0201fcd4        0x0 /opt/devkitPro/devkitARM/lib/gcc/arm-eabi/4.3.3/../../../../arm-eabi/lib/thumb/libsysbase.a(build_argv.o)
 .glue_7        0x0201fcd4        0x0 /opt/devkitPro/devkitARM/lib/gcc/arm-eabi/4.3.3/../../../../arm-eabi/lib/thumb/libsysbase.a(handle_manager.o)
 .glue_7        0x0201fcd4        0x0 /opt/devkitPro/devkitARM/lib/gcc/arm-eabi/4.3.3/thumb/libgcc.a(_addsubdf3.o)
 .glue_7        0x0201fcd4        0x0 /opt/devkitPro/devkitARM/lib/gcc/arm-eabi/4.3.3/thumb/libgcc.a(_muldivdf3.o)
 .glue_7        0x0201fcd4        0x0 /opt/devkitPro/devkitARM/lib/gcc/arm-eabi/4.3.3/thumb/libgcc.a(_cmpdf2.o)
 .glue_7        0x0201fcd4        0x0 /opt/devkitPro/devkitARM/lib/gcc/arm-eabi/4.3.3/thumb/libgcc.a(_fixdfsi.o)
 .glue_7        0x0201fcd4        0x0 /opt/devkitPro/devkitARM/lib/gcc/arm-eabi/4.3.3/thumb/libgcc.a(_fixunsdfsi.o)
 .glue_7        0x0201fcd4        0x0 /opt/devkitPro/devkitARM/lib/gcc/arm-eabi/4.3.3/thumb/libgcc.a(_truncdfsf2.o)
 .glue_7        0x0201fcd4        0x0 /opt/devkitPro/devkitARM/lib/gcc/arm-eabi/4.3.3/../../../../arm-eabi/lib/thumb/libg.a(lib_a-errno.o)
 .glue_7        0x0201fcd4        0x0 /opt/devkitPro/devkitARM/lib/gcc/arm-eabi/4.3.3/thumb/crtend.o
 .glue_7        0x0201fcd4        0x0 /opt/devkitPro/devkitARM/lib/gcc/arm-eabi/4.3.3/thumb/crtn.o
 *(.glue_7t)
 .glue_7t       0x0201fcd4        0x0 /opt/devkitPro/devkitARM/lib/gcc/arm-eabi/4.3.3/../../../../arm-eabi/lib/thumb/ds_arm9_crt0.o
 .glue_7t       0x0201fcd4        0x0 /opt/devkitPro/devkitARM/lib/gcc/arm-eabi/4.3.3/thumb/crti.o
 .glue_7t       0x0201fcd4        0x0 /opt/devkitPro/devkitARM/lib/gcc/arm-eabi/4.3.3/thumb/crtbegin.o
 .glue_7t       0x0201fcd4        0x0 soundbank.bin.o
 .glue_7t       0x0201fcd4        0x0 alexxzandrite.o
 .glue_7t       0x0201fcd4        0x0 amazonite.o
 .glue_7t       0x0201fcd4        0x0 background.o
 .glue_7t       0x0201fcd4        0x0 bronze.o
 .glue_7t       0x0201fcd4        0x0 controls.o
 .glue_7t       0x0201fcd4        0x0 diamond.o
 .glue_7t       0x0201fcd4        0x0 FONDS.o
 .glue_7t       0x0201fcd4        0x0 game_over.o
 .glue_7t       0x0201fcd4        0x0 game_over_sub.o
 .glue_7t       0x0201fcd4        0x0 launcherImage.o
 .glue_7t       0x0201fcd4        0x0 numbers_small.o
 .glue_7t       0x0201fcd4        0x0 PlayerHorizontal.o
 .glue_7t       0x0201fcd4        0x0 PlayerVertical.o
 .glue_7t       0x0201fcd4        0x0 press_to_begin.o
 .glue_7t       0x0201fcd4        0x0 game.o
 .glue_7t       0x0201fcd4        0x0 graphics_main.o
 .glue_7t       0x0201fcd4        0x0 graphics_sub.o
 .glue_7t       0x0201fcd4        0x0 main.o
 .glue_7t       0x0201fcd4        0x0 mineral.o
 .glue_7t       0x0201fcd4        0x0 P_Audio.o
 .glue_7t       0x0201fcd4        0x0 P_Score.o
 .glue_7t       0x0201fcd4        0x0 timer_game.o
 .glue_7t       0x0201fcd4        0x0 /opt/devkitPro/libnds/lib/libfat.a(libfat.o)
 .glue_7t       0x0201fcd4        0x0 /opt/devkitPro/libnds/lib/libfat.a(partition.o)
 .glue_7t       0x0201fcd4        0x0 /opt/devkitPro/libnds/lib/libfat.a(cache.o)
 .glue_7t       0x0201fcd4        0x0 /opt/devkitPro/libnds/lib/libfat.a(disc.o)
 .glue_7t       0x0201fcd4        0x0 /opt/devkitPro/libnds/lib/libfat.a(fatdir.o)
 .glue_7t       0x0201fcd4        0x0 /opt/devkitPro/libnds/lib/libfat.a(fatfile.o)
 .glue_7t       0x0201fcd4        0x0 /opt/devkitPro/libnds/lib/libfat.a(file_allocation_table.o)
 .glue_7t       0x0201fcd4        0x0 /opt/devkitPro/libnds/lib/libfat.a(filetime.o)
 .glue_7t       0x0201fcd4        0x0 /opt/devkitPro/libnds/lib/libfat.a(directory.o)
 .glue_7t       0x0201fcd4        0x0 /opt/devkitPro/libnds/lib/libnds9.a(initSystem.o)
 .glue_7t       0x0201fcd4        0x0 /opt/devkitPro/libnds/lib/libnds9.a(keys.o)
 .glue_7t       0x0201fcd4        0x0 /opt/devkitPro/libnds/lib/libnds9.a(sprite.o)
 .glue_7t       0x0201fcd4        0x0 /opt/devkitPro/libnds/lib/libnds9.a(sprite_alloc.o)
 .glue_7t       0x0201fcd4        0x0 /opt/devkitPro/libnds/lib/libnds9.a(system.o)
 .glue_7t       0x0201fcd4        0x0 /opt/devkitPro/libnds/lib/libnds9.a(touch.o)
 .glue_7t       0x0201fcd4        0x0 /opt/devkitPro/libnds/lib/libnds9.a(trig.o)
 .glue_7t       0x0201fcd4        0x0 /opt/devkitPro/libnds/lib/libnds9.a(videoGL.o)
 .glue_7t       0x0201fcd4        0x0 /opt/devkitPro/libnds/lib/libnds9.a(dldi.o)
 .glue_7t       0x0201fcd4        0x0 /opt/devkitPro/libnds/lib/libnds9.a(fifosystem.o)
 .glue_7t       0x0201fcd4        0x0 /opt/devkitPro/libnds/lib/libnds9.a(interrupts.o)
 .glue_7t       0x0201fcd4        0x0 /opt/devkitPro/libnds/lib/libnds9.a(dcache.o)
 .glue_7t       0x0201fcd4        0x0 /opt/devkitPro/libnds/lib/libnds9.a(dldi_stub.o)
 .glue_7t       0x0201fcd4        0x0 /opt/devkitPro/libnds/lib/libnds9.a(biosCalls.o)
 .glue_7t       0x0201fcd4        0x0 /opt/devkitPro/libnds/lib/libnds9.a(interruptDispatcher.o)
 .glue_7t       0x0201fcd4        0x0 /opt/devkitPro/libnds/lib/libnds9.a(video.o)
 .glue_7t       0x0201fcd4        0x0 /opt/devkitPro/libnds/lib/libmm9.a(mm_comms.o)
 .glue_7t       0x0201fcd4        0x0 /opt/devkitPro/libnds/lib/libmm9.a(mm_main9.o)
 .glue_7t       0x0201fcd4        0x0 /opt/devkitPro/libnds/lib/libmm9.a(mm_memory.o)
 .glue_7t       0x0201fcd4        0x0 /opt/devkitPro/libnds/lib/libmm9.a(mm_soundbank.o)
 .glue_7t       0x0201fcd4        0x0 /opt/devkitPro/libnds/lib/libmm9.a(mm_flusher.o)
 .glue_7t       0x0201fcd4        0x0 /opt/devkitPro/devkitARM/lib/gcc/arm-eabi/4.3.3/thumb/libgcc.a(_udivsi3.o)
 .glue_7t       0x0201fcd4        0x0 /opt/devkitPro/devkitARM/lib/gcc/arm-eabi/4.3.3/thumb/libgcc.a(_divsi3.o)
 .glue_7t       0x0201fcd4        0x0 /opt/devkitPro/devkitARM/lib/gcc/arm-eabi/4.3.3/thumb/libgcc.a(_dvmd_tls.o)
 .glue_7t       0x0201fcd4        0x0 /opt/devkitPro/devkitARM/lib/gcc/arm-eabi/4.3.3/thumb/libgcc.a(_muldi3.o)
 .glue_7t       0x0201fcd4        0x0 /opt/devkitPro/devkitARM/lib/gcc/arm-eabi/4.3.3/../../../../arm-eabi/lib/thumb/libg.a(lib_a-bsearch.o)
 .glue_7t       0x0201fcd4        0x0 /opt/devkitPro/devkitARM/lib/gcc/arm-eabi/4.3.3/../../../../arm-eabi/lib/thumb/libg.a(lib_a-fclose.o)
 .glue_7t       0x0201fcd4        0x0 /opt/devkitPro/devkitARM/lib/gcc/arm-eabi/4.3.3/../../../../arm-eabi/lib/thumb/libg.a(lib_a-fflush.o)
 .glue_7t       0x0201fcd4        0x0 /opt/devkitPro/devkitARM/lib/gcc/arm-eabi/4.3.3/../../../../arm-eabi/lib/thumb/libg.a(lib_a-findfp.o)
 .glue_7t       0x0201fcd4        0x0 /opt/devkitPro/devkitARM/lib/gcc/arm-eabi/4.3.3/../../../../arm-eabi/lib/thumb/libg.a(lib_a-fopen.o)
 .glue_7t       0x0201fcd4        0x0 /opt/devkitPro/devkitARM/lib/gcc/arm-eabi/4.3.3/../../../../arm-eabi/lib/thumb/libg.a(lib_a-fprintf.o)
 .glue_7t       0x0201fcd4        0x0 /opt/devkitPro/devkitARM/lib/gcc/arm-eabi/4.3.3/../../../../arm-eabi/lib/thumb/libg.a(lib_a-fread.o)
 .glue_7t       0x0201fcd4        0x0 /opt/devkitPro/devkitARM/lib/gcc/arm-eabi/4.3.3/../../../../arm-eabi/lib/thumb/libg.a(lib_a-freer.o)
 .glue_7t       0x0201fcd4        0x0 /opt/devkitPro/devkitARM/lib/gcc/arm-eabi/4.3.3/../../../../arm-eabi/lib/thumb/libg.a(lib_a-fscanf.o)
 .glue_7t       0x0201fcd4        0x0 /opt/devkitPro/devkitARM/lib/gcc/arm-eabi/4.3.3/../../../../arm-eabi/lib/thumb/libg.a(lib_a-fseek.o)
 .glue_7t       0x0201fcd4        0x0 /opt/devkitPro/devkitARM/lib/gcc/arm-eabi/4.3.3/../../../../arm-eabi/lib/thumb/libg.a(lib_a-fwalk.o)
 .glue_7t       0x0201fcd4        0x0 /opt/devkitPro/devkitARM/lib/gcc/arm-eabi/4.3.3/../../../../arm-eabi/lib/thumb/libg.a(lib_a-impure.o)
 .glue_7t       0x0201fcd4        0x0 /opt/devkitPro/devkitARM/lib/gcc/arm-eabi/4.3.3/../../../../arm-eabi/lib/thumb/libg.a(lib_a-init.o)
 .glue_7t       0x0201fcd4        0x0 /opt/devkitPro/devkitARM/lib/gcc/arm-eabi/4.3.3/../../../../arm-eabi/lib/thumb/libg.a(lib_a-lcltime_r.o)
 .glue_7t       0x0201fcd4        0x0 /opt/devkitPro/devkitARM/lib/gcc/arm-eabi/4.3.3/../../../../arm-eabi/lib/thumb/libg.a(lib_a-locale.o)
 .glue_7t       0x0201fcd4        0x0 /opt/devkitPro/devkitARM/lib/gcc/arm-eabi/4.3.3/../../../../arm-eabi/lib/thumb/libg.a(lib_a-makebuf.o)
 .glue_7t       0x0201fcd4        0x0 /opt/devkitPro/devkitARM/lib/gcc/arm-eabi/4.3.3/../../../../arm-eabi/lib/thumb/libg.a(lib_a-malloc.o)
 .glue_7t       0x0201fcd4        0x0 /opt/devkitPro/devkitARM/lib/gcc/arm-eabi/4.3.3/../../../../arm-eabi/lib/thumb/libg.a(lib_a-mallocr.o)
 .glue_7t       0x0201fcd4        0x0 /opt/devkitPro/devkitARM/lib/gcc/arm-eabi/4.3.3/../../../../arm-eabi/lib/thumb/libg.a(lib_a-mbrtowc.o)
 .glue_7t       0x0201fcd4        0x0 /opt/devkitPro/devkitARM/lib/gcc/arm-eabi/4.3.3/../../../../arm-eabi/lib/thumb/libg.a(lib_a-mbsrtowcs.o)
 .glue_7t       0x0201fcd4        0x0 /opt/devkitPro/devkitARM/lib/gcc/arm-eabi/4.3.3/../../../../arm-eabi/lib/thumb/libg.a(lib_a-mbtowc_r.o)
 .glue_7t       0x0201fcd4        0x0 /opt/devkitPro/devkitARM/lib/gcc/arm-eabi/4.3.3/../../../../arm-eabi/lib/thumb/libg.a(lib_a-memcmp.o)
 .glue_7t       0x0201fcd4        0x0 /opt/devkitPro/devkitARM/lib/gcc/arm-eabi/4.3.3/../../../../arm-eabi/lib/thumb/libg.a(lib_a-memcpy.o)
 .glue_7t       0x0201fcd4        0x0 /opt/devkitPro/devkitARM/lib/gcc/arm-eabi/4.3.3/../../../../arm-eabi/lib/thumb/libg.a(lib_a-memmove.o)
 .glue_7t       0x0201fcd4        0x0 /opt/devkitPro/devkitARM/lib/gcc/arm-eabi/4.3.3/../../../../arm-eabi/lib/thumb/libg.a(lib_a-memset.o)
 .glue_7t       0x0201fcd4        0x0 /opt/devkitPro/devkitARM/lib/gcc/arm-eabi/4.3.3/../../../../arm-eabi/lib/thumb/libg.a(lib_a-mktime.o)
 .glue_7t       0x0201fcd4        0x0 /opt/devkitPro/devkitARM/lib/gcc/arm-eabi/4.3.3/../../../../arm-eabi/lib/thumb/libg.a(lib_a-mktm_r.o)
 .glue_7t       0x0201fcd4        0x0 /opt/devkitPro/devkitARM/lib/gcc/arm-eabi/4.3.3/../../../../arm-eabi/lib/thumb/libg.a(lib_a-mlock.o)
 .glue_7t       0x0201fcd4        0x0 /opt/devkitPro/devkitARM/lib/gcc/arm-eabi/4.3.3/../../../../arm-eabi/lib/thumb/libg.a(lib_a-printf.o)
 .glue_7t       0x0201fcd4        0x0 /opt/devkitPro/devkitARM/lib/gcc/arm-eabi/4.3.3/../../../../arm-eabi/lib/thumb/libg.a(lib_a-rand.o)
 .glue_7t       0x0201fcd4        0x0 /opt/devkitPro/devkitARM/lib/gcc/arm-eabi/4.3.3/../../../../arm-eabi/lib/thumb/libg.a(lib_a-realloc.o)
 .glue_7t       0x0201fcd4        0x0 /opt/devkitPro/devkitARM/lib/gcc/arm-eabi/4.3.3/../../../../arm-eabi/lib/thumb/libg.a(lib_a-reallocr.o)
 .glue_7t       0x0201fcd4        0x0 /opt/devkitPro/devkitARM/lib/gcc/arm-eabi/4.3.3/../../../../arm-eabi/lib/thumb/libg.a(lib_a-refill.o)
 .glue_7t       0x0201fcd4        0x0 /opt/devkitPro/devkitARM/lib/gcc/arm-eabi/4.3.3/../../../../arm-eabi/lib/thumb/libg.a(lib_a-stdio.o)
 .glue_7t       0x0201fcd4        0x0 /opt/devkitPro/devkitARM/lib/gcc/arm-eabi/4.3.3/../../../../arm-eabi/lib/thumb/libg.a(lib_a-strchr.o)
 .glue_7t       0x0201fcd4        0x0 /opt/devkitPro/devkitARM/lib/gcc/arm-eabi/4.3.3/../../../../arm-eabi/lib/thumb/libg.a(lib_a-strcmp.o)
 .glue_7t       0x0201fcd4        0x0 /opt/devkitPro/devkitARM/lib/gcc/arm-eabi/4.3.3/../../../../arm-eabi/lib/thumb/libg.a(lib_a-strcpy.o)
 .glue_7t       0x0201fcd4        0x0 /opt/devkitPro/devkitARM/lib/gcc/arm-eabi/4.3.3/../../../../arm-eabi/lib/thumb/libg.a(lib_a-strlen.o)
 .glue_7t       0x0201fcd4        0x0 /opt/devkitPro/devkitARM/lib/gcc/arm-eabi/4.3.3/../../../../arm-eabi/lib/thumb/libg.a(lib_a-strncasecmp.o)
 .glue_7t       0x0201fcd4        0x0 /opt/devkitPro/devkitARM/lib/gcc/arm-eabi/4.3.3/../../../../arm-eabi/lib/thumb/libg.a(lib_a-strncmp.o)
 .glue_7t       0x0201fcd4        0x0 /opt/devkitPro/devkitARM/lib/gcc/arm-eabi/4.3.3/../../../../arm-eabi/lib/thumb/libg.a(lib_a-strncpy.o)
 .glue_7t       0x0201fcd4        0x0 /opt/devkitPro/devkitARM/lib/gcc/arm-eabi/4.3.3/../../../../arm-eabi/lib/thumb/libg.a(lib_a-strnlen.o)
 .glue_7t       0x0201fcd4        0x0 /opt/devkitPro/devkitARM/lib/gcc/arm-eabi/4.3.3/../../../../arm-eabi/lib/thumb/libg.a(lib_a-strpbrk.o)
 .glue_7t       0x0201fcd4        0x0 /opt/devkitPro/devkitARM/lib/gcc/arm-eabi/4.3.3/../../../../arm-eabi/lib/thumb/libg.a(lib_a-strrchr.o)
 .glue_7t       0x0201fcd4        0x0 /opt/devkitPro/devkitARM/lib/gcc/arm-eabi/4.3.3/../../../../arm-eabi/lib/thumb/libg.a(lib_a-sysclose.o)
 .glue_7t       0x0201fcd4        0x0 /opt/devkitPro/devkitARM/lib/gcc/arm-eabi/4.3.3/../../../../arm-eabi/lib/thumb/libg.a(lib_a-syslseek.o)
 .glue_7t       0x0201fcd4        0x0 /opt/devkitPro/devkitARM/lib/gcc/arm-eabi/4.3.3/../../../../arm-eabi/lib/thumb/libg.a(lib_a-sysopen.o)
 .glue_7t       0x0201fcd4        0x0 /opt/devkitPro/devkitARM/lib/gcc/arm-eabi/4.3.3/../../../../arm-eabi/lib/thumb/libg.a(lib_a-sysread.o)
 .glue_7t       0x0201fcd4        0x0 /opt/devkitPro/devkitARM/lib/gcc/arm-eabi/4.3.3/../../../../arm-eabi/lib/thumb/libg.a(lib_a-time.o)
 .glue_7t       0x0201fcd4        0x0 /opt/devkitPro/devkitARM/lib/gcc/arm-eabi/4.3.3/../../../../arm-eabi/lib/thumb/libg.a(lib_a-towlower.o)
 .glue_7t       0x0201fcd4        0x0 /opt/devkitPro/devkitARM/lib/gcc/arm-eabi/4.3.3/../../../../arm-eabi/lib/thumb/libg.a(lib_a-towupper.o)
 .glue_7t       0x0201fcd4        0x0 /opt/devkitPro/devkitARM/lib/gcc/arm-eabi/4.3.3/../../../../arm-eabi/lib/thumb/libg.a(lib_a-tzlock.o)
 .glue_7t       0x0201fcd4        0x0 /opt/devkitPro/devkitARM/lib/gcc/arm-eabi/4.3.3/../../../../arm-eabi/lib/thumb/libg.a(lib_a-tzvars.o)
 .glue_7t       0x0201fcd4        0x0 /opt/devkitPro/devkitARM/lib/gcc/arm-eabi/4.3.3/../../../../arm-eabi/lib/thumb/libg.a(lib_a-vfprintf.o)
 .glue_7t       0x0201fcd4        0x0 /opt/devkitPro/devkitARM/lib/gcc/arm-eabi/4.3.3/../../../../arm-eabi/lib/thumb/libg.a(lib_a-vfscanf.o)
 .glue_7t       0x0201fcd4        0x0 /opt/devkitPro/devkitARM/lib/gcc/arm-eabi/4.3.3/../../../../arm-eabi/lib/thumb/libg.a(lib_a-wcrtomb.o)
 .glue_7t       0x0201fcd4        0x0 /opt/devkitPro/devkitARM/lib/gcc/arm-eabi/4.3.3/../../../../arm-eabi/lib/thumb/libg.a(lib_a-wcsrtombs.o)
 .glue_7t       0x0201fcd4        0x0 /opt/devkitPro/devkitARM/lib/gcc/arm-eabi/4.3.3/../../../../arm-eabi/lib/thumb/libg.a(lib_a-wctob.o)
 .glue_7t       0x0201fcd4        0x0 /opt/devkitPro/devkitARM/lib/gcc/arm-eabi/4.3.3/../../../../arm-eabi/lib/thumb/libg.a(lib_a-wctomb_r.o)
 .glue_7t       0x0201fcd4        0x0 /opt/devkitPro/devkitARM/lib/gcc/arm-eabi/4.3.3/../../../../arm-eabi/lib/thumb/libg.a(lib_a-wsetup.o)
 .glue_7t       0x0201fcd4        0x0 /opt/devkitPro/devkitARM/lib/gcc/arm-eabi/4.3.3/../../../../arm-eabi/lib/thumb/libg.a(lib_a-ctype_.o)
 .glue_7t       0x0201fcd4        0x0 /opt/devkitPro/devkitARM/lib/gcc/arm-eabi/4.3.3/../../../../arm-eabi/lib/thumb/libg.a(lib_a-div.o)
 .glue_7t       0x0201fcd4        0x0 /opt/devkitPro/devkitARM/lib/gcc/arm-eabi/4.3.3/../../../../arm-eabi/lib/thumb/libg.a(lib_a-dtoa.o)
 .glue_7t       0x0201fcd4        0x0 /opt/devkitPro/devkitARM/lib/gcc/arm-eabi/4.3.3/../../../../arm-eabi/lib/thumb/libg.a(lib_a-flags.o)
 .glue_7t       0x0201fcd4        0x0 /opt/devkitPro/devkitARM/lib/gcc/arm-eabi/4.3.3/../../../../arm-eabi/lib/thumb/libg.a(lib_a-fvwrite.o)
 .glue_7t       0x0201fcd4        0x0 /opt/devkitPro/devkitARM/lib/gcc/arm-eabi/4.3.3/../../../../arm-eabi/lib/thumb/libg.a(lib_a-gettzinfo.o)
 .glue_7t       0x0201fcd4        0x0 /opt/devkitPro/devkitARM/lib/gcc/arm-eabi/4.3.3/../../../../arm-eabi/lib/thumb/libg.a(lib_a-iswspace.o)
 .glue_7t       0x0201fcd4        0x0 /opt/devkitPro/devkitARM/lib/gcc/arm-eabi/4.3.3/../../../../arm-eabi/lib/thumb/libg.a(lib_a-jp2uc.o)
 .glue_7t       0x0201fcd4        0x0 /opt/devkitPro/devkitARM/lib/gcc/arm-eabi/4.3.3/../../../../arm-eabi/lib/thumb/libg.a(lib_a-memchr.o)
 .glue_7t       0x0201fcd4        0x0 /opt/devkitPro/devkitARM/lib/gcc/arm-eabi/4.3.3/../../../../arm-eabi/lib/thumb/libg.a(lib_a-mprec.o)
 .glue_7t       0x0201fcd4        0x0 /opt/devkitPro/devkitARM/lib/gcc/arm-eabi/4.3.3/../../../../arm-eabi/lib/thumb/libg.a(lib_a-s_isinfd.o)
 .glue_7t       0x0201fcd4        0x0 /opt/devkitPro/devkitARM/lib/gcc/arm-eabi/4.3.3/../../../../arm-eabi/lib/thumb/libg.a(lib_a-s_isnand.o)
 .glue_7t       0x0201fcd4        0x0 /opt/devkitPro/devkitARM/lib/gcc/arm-eabi/4.3.3/../../../../arm-eabi/lib/thumb/libg.a(lib_a-sccl.o)
 .glue_7t       0x0201fcd4        0x0 /opt/devkitPro/devkitARM/lib/gcc/arm-eabi/4.3.3/../../../../arm-eabi/lib/thumb/libg.a(lib_a-sf_nan.o)
 .glue_7t       0x0201fcd4        0x0 /opt/devkitPro/devkitARM/lib/gcc/arm-eabi/4.3.3/../../../../arm-eabi/lib/thumb/libg.a(lib_a-sprintf.o)
 .glue_7t       0x0201fcd4        0x0 /opt/devkitPro/devkitARM/lib/gcc/arm-eabi/4.3.3/../../../../arm-eabi/lib/thumb/libg.a(lib_a-strtod.o)
 .glue_7t       0x0201fcd4        0x0 /opt/devkitPro/devkitARM/lib/gcc/arm-eabi/4.3.3/../../../../arm-eabi/lib/thumb/libg.a(lib_a-strtol.o)
 .glue_7t       0x0201fcd4        0x0 /opt/devkitPro/devkitARM/lib/gcc/arm-eabi/4.3.3/../../../../arm-eabi/lib/thumb/libg.a(lib_a-strtoul.o)
 .glue_7t       0x0201fcd4        0x0 /opt/devkitPro/devkitARM/lib/gcc/arm-eabi/4.3.3/../../../../arm-eabi/lib/thumb/libg.a(lib_a-svfprintf.o)
 .glue_7t       0x0201fcd4        0x0 /opt/devkitPro/devkitARM/lib/gcc/arm-eabi/4.3.3/../../../../arm-eabi/lib/thumb/libg.a(lib_a-ungetc.o)
 .glue_7t       0x0201fcd4        0x0 /opt/devkitPro/devkitARM/lib/gcc/arm-eabi/4.3.3/../../../../arm-eabi/lib/thumb/libg.a(lib_a-callocr.o)
 .glue_7t       0x0201fcd4        0x0 /opt/devkitPro/devkitARM/lib/gcc/arm-eabi/4.3.3/../../../../arm-eabi/lib/thumb/libg.a(lib_a-gdtoa-gethex.o)
 .glue_7t       0x0201fcd4        0x0 /opt/devkitPro/devkitARM/lib/gcc/arm-eabi/4.3.3/../../../../arm-eabi/lib/thumb/libg.a(lib_a-gdtoa-hexnan.o)
 .glue_7t       0x0201fcd4        0x0 /opt/devkitPro/devkitARM/lib/gcc/arm-eabi/4.3.3/../../../../arm-eabi/lib/thumb/libsysbase.a(iosupport.o)
 .glue_7t       0x0201fcd4        0x0 /opt/devkitPro/devkitARM/lib/gcc/arm-eabi/4.3.3/../../../../arm-eabi/lib/thumb/libsysbase.a(close.o)
 .glue_7t       0x0201fcd4        0x0 /opt/devkitPro/devkitARM/lib/gcc/arm-eabi/4.3.3/../../../../arm-eabi/lib/thumb/libsysbase.a(fstat.o)
 .glue_7t       0x0201fcd4        0x0 /opt/devkitPro/devkitARM/lib/gcc/arm-eabi/4.3.3/../../../../arm-eabi/lib/thumb/libsysbase.a(isatty.o)
 .glue_7t       0x0201fcd4        0x0 /opt/devkitPro/devkitARM/lib/gcc/arm-eabi/4.3.3/../../../../arm-eabi/lib/thumb/libsysbase.a(lseek.o)
 .glue_7t       0x0201fcd4        0x0 /opt/devkitPro/devkitARM/lib/gcc/arm-eabi/4.3.3/../../../../arm-eabi/lib/thumb/libsysbase.a(open.o)
 .glue_7t       0x0201fcd4        0x0 /opt/devkitPro/devkitARM/lib/gcc/arm-eabi/4.3.3/../../../../arm-eabi/lib/thumb/libsysbase.a(read.o)
 .glue_7t       0x0201fcd4        0x0 /opt/devkitPro/devkitARM/lib/gcc/arm-eabi/4.3.3/../../../../arm-eabi/lib/thumb/libsysbase.a(sbrk.o)
 .glue_7t       0x0201fcd4        0x0 /opt/devkitPro/devkitARM/lib/gcc/arm-eabi/4.3.3/../../../../arm-eabi/lib/thumb/libsysbase.a(times.o)
 .glue_7t       0x0201fcd4        0x0 /opt/devkitPro/devkitARM/lib/gcc/arm-eabi/4.3.3/../../../../arm-eabi/lib/thumb/libsysbase.a(write.o)
 .glue_7t       0x0201fcd4        0x0 /opt/devkitPro/devkitARM/lib/gcc/arm-eabi/4.3.3/../../../../arm-eabi/lib/thumb/libsysbase.a(malloc_vars.o)
 .glue_7t       0x0201fcd4        0x0 /opt/devkitPro/devkitARM/lib/gcc/arm-eabi/4.3.3/../../../../arm-eabi/lib/thumb/libsysbase.a(chdir.o)
 .glue_7t       0x0201fcd4        0x0 /opt/devkitPro/devkitARM/lib/gcc/arm-eabi/4.3.3/../../../../arm-eabi/lib/thumb/libsysbase.a(build_argv.o)
 .glue_7t       0x0201fcd4        0x0 /opt/devkitPro/devkitARM/lib/gcc/arm-eabi/4.3.3/../../../../arm-eabi/lib/thumb/libsysbase.a(handle_manager.o)
 .glue_7t       0x0201fcd4        0x0 /opt/devkitPro/devkitARM/lib/gcc/arm-eabi/4.3.3/thumb/libgcc.a(_addsubdf3.o)
 .glue_7t       0x0201fcd4        0x0 /opt/devkitPro/devkitARM/lib/gcc/arm-eabi/4.3.3/thumb/libgcc.a(_muldivdf3.o)
 .glue_7t       0x0201fcd4        0x0 /opt/devkitPro/devkitARM/lib/gcc/arm-eabi/4.3.3/thumb/libgcc.a(_cmpdf2.o)
 .glue_7t       0x0201fcd4        0x0 /opt/devkitPro/devkitARM/lib/gcc/arm-eabi/4.3.3/thumb/libgcc.a(_fixdfsi.o)
 .glue_7t       0x0201fcd4        0x0 /opt/devkitPro/devkitARM/lib/gcc/arm-eabi/4.3.3/thumb/libgcc.a(_fixunsdfsi.o)
 .glue_7t       0x0201fcd4        0x0 /opt/devkitPro/devkitARM/lib/gcc/arm-eabi/4.3.3/thumb/libgcc.a(_truncdfsf2.o)
 .glue_7t       0x0201fcd4        0x0 /opt/devkitPro/devkitARM/lib/gcc/arm-eabi/4.3.3/../../../../arm-eabi/lib/thumb/libg.a(lib_a-errno.o)
 .glue_7t       0x0201fcd4        0x0 /opt/devkitPro/devkitARM/lib/gcc/arm-eabi/4.3.3/thumb/crtend.o
 .glue_7t       0x0201fcd4        0x0 /opt/devkitPro/devkitARM/lib/gcc/arm-eabi/4.3.3/thumb/crtn.o
                0x0201fcd4                . = ALIGN (0x4)

.vfp11_veneer   0x00000000        0x0
 .vfp11_veneer  0x00000000        0x0 /opt/devkitPro/devkitARM/lib/gcc/arm-eabi/4.3.3/../../../../arm-eabi/lib/thumb/ds_arm9_crt0.o
 .vfp11_veneer  0x00000000        0x0 /opt/devkitPro/devkitARM/lib/gcc/arm-eabi/4.3.3/thumb/crti.o
 .vfp11_veneer  0x00000000        0x0 /opt/devkitPro/devkitARM/lib/gcc/arm-eabi/4.3.3/thumb/crtbegin.o
 .vfp11_veneer  0x00000000        0x0 soundbank.bin.o
 .vfp11_veneer  0x00000000        0x0 alexxzandrite.o
 .vfp11_veneer  0x00000000        0x0 amazonite.o
 .vfp11_veneer  0x00000000        0x0 background.o
 .vfp11_veneer  0x00000000        0x0 bronze.o
 .vfp11_veneer  0x00000000        0x0 controls.o
 .vfp11_veneer  0x00000000        0x0 diamond.o
 .vfp11_veneer  0x00000000        0x0 FONDS.o
 .vfp11_veneer  0x00000000        0x0 game_over.o
 .vfp11_veneer  0x00000000        0x0 game_over_sub.o
 .vfp11_veneer  0x00000000        0x0 launcherImage.o
 .vfp11_veneer  0x00000000        0x0 numbers_small.o
 .vfp11_veneer  0x00000000        0x0 PlayerHorizontal.o
 .vfp11_veneer  0x00000000        0x0 PlayerVertical.o
 .vfp11_veneer  0x00000000        0x0 press_to_begin.o
 .vfp11_veneer  0x00000000        0x0 game.o
 .vfp11_veneer  0x00000000        0x0 graphics_main.o
 .vfp11_veneer  0x00000000        0x0 graphics_sub.o
 .vfp11_veneer  0x00000000        0x0 main.o
 .vfp11_veneer  0x00000000        0x0 mineral.o
 .vfp11_veneer  0x00000000        0x0 P_Audio.o
 .vfp11_veneer  0x00000000        0x0 P_Score.o
 .vfp11_veneer  0x00000000        0x0 timer_game.o
 .vfp11_veneer  0x00000000        0x0 /opt/devkitPro/libnds/lib/libfat.a(libfat.o)
 .vfp11_veneer  0x00000000        0x0 /opt/devkitPro/libnds/lib/libfat.a(partition.o)
 .vfp11_veneer  0x00000000        0x0 /opt/devkitPro/libnds/lib/libfat.a(cache.o)
 .vfp11_veneer  0x00000000        0x0 /opt/devkitPro/libnds/lib/libfat.a(disc.o)
 .vfp11_veneer  0x00000000        0x0 /opt/devkitPro/libnds/lib/libfat.a(fatdir.o)
 .vfp11_veneer  0x00000000        0x0 /opt/devkitPro/libnds/lib/libfat.a(fatfile.o)
 .vfp11_veneer  0x00000000        0x0 /opt/devkitPro/libnds/lib/libfat.a(file_allocation_table.o)
 .vfp11_veneer  0x00000000        0x0 /opt/devkitPro/libnds/lib/libfat.a(filetime.o)
 .vfp11_veneer  0x00000000        0x0 /opt/devkitPro/libnds/lib/libfat.a(directory.o)
 .vfp11_veneer  0x00000000        0x0 /opt/devkitPro/libnds/lib/libnds9.a(initSystem.o)
 .vfp11_veneer  0x00000000        0x0 /opt/devkitPro/libnds/lib/libnds9.a(keys.o)
 .vfp11_veneer  0x00000000        0x0 /opt/devkitPro/libnds/lib/libnds9.a(sprite.o)
 .vfp11_veneer  0x00000000        0x0 /opt/devkitPro/libnds/lib/libnds9.a(sprite_alloc.o)
 .vfp11_veneer  0x00000000        0x0 /opt/devkitPro/libnds/lib/libnds9.a(system.o)
 .vfp11_veneer  0x00000000        0x0 /opt/devkitPro/libnds/lib/libnds9.a(touch.o)
 .vfp11_veneer  0x00000000        0x0 /opt/devkitPro/libnds/lib/libnds9.a(trig.o)
 .vfp11_veneer  0x00000000        0x0 /opt/devkitPro/libnds/lib/libnds9.a(videoGL.o)
 .vfp11_veneer  0x00000000        0x0 /opt/devkitPro/libnds/lib/libnds9.a(dldi.o)
 .vfp11_veneer  0x00000000        0x0 /opt/devkitPro/libnds/lib/libnds9.a(fifosystem.o)
 .vfp11_veneer  0x00000000        0x0 /opt/devkitPro/libnds/lib/libnds9.a(interrupts.o)
 .vfp11_veneer  0x00000000        0x0 /opt/devkitPro/libnds/lib/libnds9.a(dcache.o)
 .vfp11_veneer  0x00000000        0x0 /opt/devkitPro/libnds/lib/libnds9.a(dldi_stub.o)
 .vfp11_veneer  0x00000000        0x0 /opt/devkitPro/libnds/lib/libnds9.a(biosCalls.o)
 .vfp11_veneer  0x00000000        0x0 /opt/devkitPro/libnds/lib/libnds9.a(interruptDispatcher.o)
 .vfp11_veneer  0x00000000        0x0 /opt/devkitPro/libnds/lib/libnds9.a(video.o)
 .vfp11_veneer  0x00000000        0x0 /opt/devkitPro/libnds/lib/libmm9.a(mm_comms.o)
 .vfp11_veneer  0x00000000        0x0 /opt/devkitPro/libnds/lib/libmm9.a(mm_main9.o)
 .vfp11_veneer  0x00000000        0x0 /opt/devkitPro/libnds/lib/libmm9.a(mm_memory.o)
 .vfp11_veneer  0x00000000        0x0 /opt/devkitPro/libnds/lib/libmm9.a(mm_soundbank.o)
 .vfp11_veneer  0x00000000        0x0 /opt/devkitPro/libnds/lib/libmm9.a(mm_flusher.o)
 .vfp11_veneer  0x00000000        0x0 /opt/devkitPro/devkitARM/lib/gcc/arm-eabi/4.3.3/thumb/libgcc.a(_udivsi3.o)
 .vfp11_veneer  0x00000000        0x0 /opt/devkitPro/devkitARM/lib/gcc/arm-eabi/4.3.3/thumb/libgcc.a(_divsi3.o)
 .vfp11_veneer  0x00000000        0x0 /opt/devkitPro/devkitARM/lib/gcc/arm-eabi/4.3.3/thumb/libgcc.a(_dvmd_tls.o)
 .vfp11_veneer  0x00000000        0x0 /opt/devkitPro/devkitARM/lib/gcc/arm-eabi/4.3.3/thumb/libgcc.a(_muldi3.o)
 .vfp11_veneer  0x00000000        0x0 /opt/devkitPro/devkitARM/lib/gcc/arm-eabi/4.3.3/../../../../arm-eabi/lib/thumb/libg.a(lib_a-bsearch.o)
 .vfp11_veneer  0x00000000        0x0 /opt/devkitPro/devkitARM/lib/gcc/arm-eabi/4.3.3/../../../../arm-eabi/lib/thumb/libg.a(lib_a-fclose.o)
 .vfp11_veneer  0x00000000        0x0 /opt/devkitPro/devkitARM/lib/gcc/arm-eabi/4.3.3/../../../../arm-eabi/lib/thumb/libg.a(lib_a-fflush.o)
 .vfp11_veneer  0x00000000        0x0 /opt/devkitPro/devkitARM/lib/gcc/arm-eabi/4.3.3/../../../../arm-eabi/lib/thumb/libg.a(lib_a-findfp.o)
 .vfp11_veneer  0x00000000        0x0 /opt/devkitPro/devkitARM/lib/gcc/arm-eabi/4.3.3/../../../../arm-eabi/lib/thumb/libg.a(lib_a-fopen.o)
 .vfp11_veneer  0x00000000        0x0 /opt/devkitPro/devkitARM/lib/gcc/arm-eabi/4.3.3/../../../../arm-eabi/lib/thumb/libg.a(lib_a-fprintf.o)
 .vfp11_veneer  0x00000000        0x0 /opt/devkitPro/devkitARM/lib/gcc/arm-eabi/4.3.3/../../../../arm-eabi/lib/thumb/libg.a(lib_a-fread.o)