Archive member included because of file (symbol)

/opt/devkitPro/libnds/lib/libfat.a(libfat.o)
                              main.o (fatInitDefault)
/opt/devkitPro/libnds/lib/libfat.a(partition.o)
                              /opt/devkitPro/libnds/lib/libfat.a(libfat.o) (_FAT_partition_destructor)
/opt/devkitPro/libnds/lib/libfat.a(cache.o)
                              /opt/devkitPro/libnds/lib/libfat.a(partition.o) (_FAT_cache_destructor)
/opt/devkitPro/libnds/lib/libfat.a(disc.o)
                              /opt/devkitPro/libnds/lib/libfat.a(libfat.o) (_FAT_disc_interfaces)
/opt/devkitPro/libnds/lib/libfat.a(fatdir.o)
                              /opt/devkitPro/libnds/lib/libfat.a(libfat.o) (_FAT_link_r)
/opt/devkitPro/libnds/lib/libfat.a(fatfile.o)
                              /opt/devkitPro/libnds/lib/libfat.a(libfat.o) (_FAT_ftruncate_r)
/opt/devkitPro/libnds/lib/libfat.a(file_allocation_table.o)
                              /opt/devkitPro/libnds/lib/libfat.a(fatfile.o) (_FAT_fat_nextCluster)
/opt/devkitPro/libnds/lib/libfat.a(filetime.o)
                              /opt/devkitPro/libnds/lib/libfat.a(fatdir.o) (_FAT_filetime_getDateFromRTC)
/opt/devkitPro/libnds/lib/libfat.a(directory.o)
                              /opt/devkitPro/libnds/lib/libfat.a(fatdir.o) (_FAT_directory_entryGetCluster)
/opt/devkitPro/libnds/lib/libnds9.a(initSystem.o)
                              /opt/devkitPro/devkitARM/lib/gcc/arm-eabi/4.3.3/../../../../arm-eabi/lib/thumb/ds_arm9_crt0.o (initSystem)
/opt/devkitPro/libnds/lib/libnds9.a(keys.o)
                              game.o (scanKeys)
/opt/devkitPro/libnds/lib/libnds9.a(sprite.o)
                              game.o (oamMain)
/opt/devkitPro/libnds/lib/libnds9.a(sprite_alloc.o)
                              /opt/devkitPro/libnds/lib/libnds9.a(sprite.o) (oamAllocReset)
/opt/devkitPro/libnds/lib/libnds9.a(system.o)
                              main.o (powerOn)
/opt/devkitPro/libnds/lib/libnds9.a(touch.o)
                              game.o (touchRead)
/opt/devkitPro/libnds/lib/libnds9.a(trig.o)
                              /opt/devkitPro/libnds/lib/libnds9.a(sprite.o) (sinLerp)
/opt/devkitPro/libnds/lib/libnds9.a(videoGL.o)
                              game.o (glGlobalData)
/opt/devkitPro/libnds/lib/libnds9.a(dldi.o)
                              /opt/devkitPro/libnds/lib/libfat.a(disc.o) (dldiGetInternal)
/opt/devkitPro/libnds/lib/libnds9.a(fifosystem.o)
                              /opt/devkitPro/libnds/lib/libnds9.a(initSystem.o) (fifoSetValue32Handler)
/opt/devkitPro/libnds/lib/libnds9.a(interrupts.o)
                              game.o (irqSet)
/opt/devkitPro/libnds/lib/libnds9.a(dcache.o)
                              /opt/devkitPro/libnds/lib/libnds9.a(sprite.o) (DC_FlushRange)
/opt/devkitPro/libnds/lib/libnds9.a(dldi_stub.o)
                              /opt/devkitPro/libnds/lib/libnds9.a(dldi.o) (_io_dldi_stub)
/opt/devkitPro/libnds/lib/libnds9.a(biosCalls.o)
                              game.o (swiDelay)
/opt/devkitPro/libnds/lib/libnds9.a(interruptDispatcher.o)
                              /opt/devkitPro/libnds/lib/libnds9.a(interrupts.o) (IntrMain)
/opt/devkitPro/libnds/lib/libnds9.a(video.o)
                              /opt/devkitPro/libnds/lib/libnds9.a(videoGL.o) (vramSetMainBanks)
/opt/devkitPro/libnds/lib/libmm9.a(mm_comms.o)
                              P_Audio.o (mmStart)
/opt/devkitPro/libnds/lib/libmm9.a(mm_main9.o)
                              /opt/devkitPro/libnds/lib/libmm9.a(mm_comms.o) (mmCallback)
/opt/devkitPro/libnds/lib/libmm9.a(mm_memory.o)
                              P_Audio.o (mmLoad)
/opt/devkitPro/libnds/lib/libmm9.a(mm_soundbank.o)
                              /opt/devkitPro/libnds/lib/libmm9.a(mm_main9.o) (mmSoundBankInMemory)
/opt/devkitPro/libnds/lib/libmm9.a(mm_flusher.o)
                              /opt/devkitPro/libnds/lib/libmm9.a(mm_memory.o) (mmFlushBank)
/opt/devkitPro/devkitARM/lib/gcc/arm-eabi/4.3.3/thumb/libgcc.a(_udivsi3.o)
                              /opt/devkitPro/libnds/lib/libfat.a(partition.o) (__aeabi_uidiv)
/opt/devkitPro/devkitARM/lib/gcc/arm-eabi/4.3.3/thumb/libgcc.a(_divsi3.o)
                              graphics_sub.o (__aeabi_idiv)
/opt/devkitPro/devkitARM/lib/gcc/arm-eabi/4.3.3/thumb/libgcc.a(_dvmd_tls.o)
                              /opt/devkitPro/devkitARM/lib/gcc/arm-eabi/4.3.3/thumb/libgcc.a(_udivsi3.o) (__div0)
/opt/devkitPro/devkitARM/lib/gcc/arm-eabi/4.3.3/thumb/libgcc.a(_muldi3.o)
                              /opt/devkitPro/libnds/lib/libfat.a(partition.o) (__aeabi_lmul)
/opt/devkitPro/devkitARM/lib/gcc/arm-eabi/4.3.3/../../../../arm-eabi/lib/thumb/libg.a(lib_a-bsearch.o)
                              /opt/devkitPro/libnds/lib/libnds9.a(trig.o) (bsearch)
/opt/devkitPro/devkitARM/lib/gcc/arm-eabi/4.3.3/../../../../arm-eabi/lib/thumb/libg.a(lib_a-fclose.o)
                              P_Score.o (fclose)
[...]
Memory Configuration

Name             Origin             Length             Attributes
rom              0x08000000         0x02000000
ewram            0x02000000         0x003ff000
dtcm             0x0b000000         0x00004000
vectors          0x01000000         0x00000100
itcm             0x01000100         0x00007f00
*default*        0x00000000         0xffffffff

Linker script and memory map

                0x01000000                __vectors_start = 0x1000000
                0x01000100                __itcm_start = 0x1000100
                0x023ff000                __ewram_end = 0x23ff000
                0x023ff000                __eheap_end = 0x23ff000
                0x0b000000                __dtcm_start = 0xb000000
                0x0b004000                __dtcm_top = 0xb004000
                0x0b003ff8                __irq_flags = (__dtcm_top - 0x8)
                0x0b003ffc                __irq_vector = (__dtcm_top - 0x4)
                0x0b003f00                __sp_svc = (__dtcm_top - 0x100)
                0x0b003e00                __sp_irq = (__sp_svc - 0x100)
                0x0b003d00                __sp_usr = (__sp_irq - 0x100)

.init           0x02000000      0x30c
                0x02000000                __text_start = .
 *(.init)
 .init          0x02000000      0x300 /opt/devkitPro/devkitARM/lib/gcc/arm-eabi/4.3.3/../../../../arm-eabi/lib/thumb/ds_arm9_crt0.o
                0x02000000                _start
 .init          0x02000300        0x4 /opt/devkitPro/devkitARM/lib/gcc/arm-eabi/4.3.3/thumb/crti.o
                0x02000300                _init
 .init          0x02000304        0x8 /opt/devkitPro/devkitARM/lib/gcc/arm-eabi/4.3.3/thumb/crtn.o
                0x0200030c                . = ALIGN (0x4)

.plt
 *(.plt)

.text           0x02000340    0x1f654
 *(EXCLUDE_FILE(*.itcm*) .text)
 .text          0x02000340        0x0 /opt/devkitPro/devkitARM/lib/gcc/arm-eabi/4.3.3/../../../../arm-eabi/lib/thumb/ds_arm9_crt0.o
 .text          0x02000340        0x0 /opt/devkitPro/devkitARM/lib/gcc/arm-eabi/4.3.3/thumb/crti.o
 .text          0x02000340       0x70 /opt/devkitPro/devkitARM/lib/gcc/arm-eabi/4.3.3/thumb/crtbegin.o
 .text          0x020003b0        0x0 soundbank.bin.o
 .text          0x020003b0        0x0 alexxzandrite.o
 .text          0x020003b0        0x0 amazonite.o
 .text          0x020003b0        0x0 background.o
 .text          0x020003b0        0x0 bronze.o
 .text          0x020003b0        0x0 controls.o
 .text          0x020003b0        0x0 diamond.o
 .text          0x020003b0        0x0 FONDS.o
 .text          0x020003b0        0x0 Game-Over.o
 .text          0x020003b0        0x0 launcherImage.o
 .text          0x020003b0        0x0 numbers.o
 .text          0x020003b0        0x0 numbers_small.o
 .text          0x020003b0        0x0 PlayerHorizontal.o
 .text          0x020003b0        0x0 PlayerVertical.o
 .text          0x020003b0        0x0 press_to_begin.o
 .text          0x020003b0      0xf00 game.o
                0x02000fa0                addToAudioEffectQueue
                0x020007e8                player_move_up
                0x020009e0                player_pressed_start
                0x02000420                start_game
                0x020006b8                player_move_left
                0x0200118c                player_fall
                0x0200074c                player_move_down
                0x02001208                gameOverState
                0x020004e0                hasBeenDrilled
                0x02000fe0                update_state
                0x02000880                player_drills
                0x02000e54                addToInventory
                0x020003b0                init_game
                0x02000d84                update_vehicle
                0x02000b00                player_pressed_touchscreen
                0x0200060c                player_move_right
                0x02000ecc                sellItemFromInventory
 .text          0x020012b0      0xc00 graphics_main.o
                0x020013d0                config_main_background
                0x02001700                configureSprites
                0x020018b4                restart_display
                0x02001d04                drilling_path
                0x02001504                init_main_bg
                0x0200196c                print_start
                0x020012b0                showInitImage
                0x02001920                load_start_display
                0x02001c94                update_sprite
                0x02001c50                release_start_display
 .text          0x02001eb0      0x4fc graphics_sub.o
                0x020022e0                score_display
                0x02002140                updateChronoDisp
                0x02002344                print_fuel
                0x020020a0                printDigit
                0x02001eb0                init_sub_background
 .text          0x020023ac      0x2c8 main.o
                0x020023ac                main
 .text          0x02002674      0xa68 mineral.o
                0x02002dc8                refreshMineralSprites
                0x02002b64                drillMineralReturnValue
                0x02002674                isMineralPlaceValid
                0x02002ad8                getMineral
                0x02002a5c                hide_all_minerals
                0x020026fc                initMinerals
 .text          0x020030dc       0x7c P_Audio.o
                0x0200313c                Audio_PlayMusic
                0x02003108                Audio_PlaySoundEX
                0x020030dc                Audio_Init
 .text          0x02003158      0x120 P_Score.o
                0x020031cc                readMaxScore
                0x02003234                writeMaxScore
                0x02003158                updateScore
 .text          0x02003278      0x104 timer_game.o
                0x02003278                timer0_ISR
                0x020032e8                timer1_ISR
 .text          0x0200337c      0x204 /opt/devkitPro/libnds/lib/libfat.a(libfat.o)
                0x020033b4                fatMount
                0x0200337c                fatUnmount
                0x02003570                fatMountSimple
                0x02003560                fatInitDefault
                0x02003418                fatInit
 .text          0x02003580      0x340 /opt/devkitPro/libnds/lib/libfat.a(partition.o)
                0x02003580                _FAT_partition_getPartitionFromPath
                0x02003594                _FAT_partition_destructor
                0x020035bc                _FAT_partition_constructor
 .text          0x020038c0      0x38c /opt/devkitPro/libnds/lib/libfat.a(cache.o)
                0x02003994                _FAT_cache_flush
                0x02003ac0                _FAT_cache_writeLittleEndianValue
                0x02003a74                _FAT_cache_writePartialSector
                0x020039ec                _FAT_cache_invalidate
                0x02003bb8                _FAT_cache_destructor
                0x02003b60                _FAT_cache_readLittleEndianValue
                0x02003bd4                _FAT_cache_constructor
                0x02003b28                _FAT_cache_readPartialSector
                0x02003a10                _FAT_cache_eraseWritePartialSector
 .text          0x02003c4c        0x0 /opt/devkitPro/libnds/lib/libfat.a(disc.o)
 .text          0x02003c4c      0x784 /opt/devkitPro/libnds/lib/libfat.a(fatdir.o)
                0x02003d00                _FAT_stat_r
                0x02003c68                _FAT_dirnext_r
                0x02004274                _FAT_unlink_r
                0x02004098                _FAT_rename_r
                0x02003c4c                _FAT_link_r
                0x02003c58                _FAT_dirclose_r
                0x02004218                _FAT_chdir_r
                0x02003ccc                _FAT_dirreset_r
                0x02003d80                _FAT_diropen_r
                0x02003e30                _FAT_statvfs_r
                0x02003e88                _FAT_mkdir_r
 .text          0x020043d0     0x10b8 /opt/devkitPro/libnds/lib/libfat.a(fatfile.o)
                0x020045c4                _FAT_ftruncate_r
                0x020048d4                _FAT_write_r
                0x02004710                _FAT_seek_r
                0x02004d2c                _FAT_read_r
                0x02005028                _FAT_syncToDisc
                0x02005190                _FAT_open_r
                0x02005108                _FAT_fsync_r
                0x02005130                _FAT_close_r
                0x0200485c                _FAT_fstat_r
 .text          0x02005488      0x458 /opt/devkitPro/libnds/lib/libfat.a(file_allocation_table.o)
                0x02005578                _FAT_fat_freeClusterCount
                0x02005700                _FAT_fat_clearLinks
                0x02005488                _FAT_fat_nextCluster
                0x02005874                _FAT_fat_linkFreeClusterCleared
                0x0200575c                _FAT_fat_trimChain
                0x020057e4                _FAT_fat_linkFreeCluster
                0x020055a4                _FAT_fat_lastCluster
 .text          0x020058e0       0xc8 /opt/devkitPro/libnds/lib/libfat.a(filetime.o)
                0x02005918                _FAT_filetime_getDateFromRTC
                0x020058e0                _FAT_filetime_to_time_t
                0x02005960                _FAT_filetime_getTimeFromRTC
 .text          0x020059a8     0x12dc /opt/devkitPro/libnds/lib/libfat.a(directory.o)
                0x02006c48                _FAT_directory_chdir
                0x02005a48                _FAT_directory_entryStat
                0x02005c84                _FAT_directory_removeEntry
                0x02005b08                _FAT_directory_getRootEntry
                0x02005e14                _FAT_directory_entryFromPosition
                0x02005f54                _FAT_directory_getNextEntry
                0x02006178                _FAT_directory_getFirstEntry
                0x02005a1c                _FAT_directory_entryGetCluster
                0x02006244                _FAT_directory_addEntry
                0x02006a6c                _FAT_directory_entryFromPath
 .text          0x02006c84       0xec /opt/devkitPro/libnds/lib/libnds9.a(initSystem.o)
                0x02006c84                initSystem
 .text          0x02006d70      0x134 /opt/devkitPro/libnds/lib/libnds9.a(keys.o)
                0x02006e30                keysSetRepeat
                0x02006e20                keysDownRepeat
                0x02006e6c                keysCurrent
                0x02006e00                keysHeld
                0x02006e54                keysUp
                0x02006e0c                keysDown
                0x02006d70                scanKeys
 .text          0x02006ea4      0x484 /opt/devkitPro/libnds/lib/libnds9.a(sprite.o)
                0x02006ea4                oamDisable
                0x02006f2c                oamClear
                0x02007158                oamRotateScale
                0x02006ef8                oamGetGfxPtr
                0x02006ed4                oamEnable
                0x02006f54                oamGfxPtrToOffset
                0x020071b8                oamUpdate
                0x0200721c                oamInit
                0x02006f8c                oamSet
 .text          0x02007328      0x364 /opt/devkitPro/libnds/lib/libnds9.a(sprite_alloc.o)
                0x02007364                oamCountFragments
                0x02007328                resizeBuffer
                0x020074a0                oamAllocReset
                0x02007344                getAllocHeader
                0x0200748c                oamFreeGfx
                0x020074d8                simpleAlloc
                0x02007654                oamAllocateGfx
                0x020073b0                simpleFree
 .text          0x0200768c       0xf4 /opt/devkitPro/libnds/lib/libnds9.a(system.o)
                0x0200773c                systemMsgHandler
                0x020076d4                powerOn
                0x02007724                powerValueHandler
                0x0200768c                ledBlink
                0x02007708                systemSleep
                0x020076a4                powerOff
 .text          0x02007780       0x4c /opt/devkitPro/libnds/lib/libnds9.a(touch.o)
                0x02007780                touchRead
                0x020077a8                touchReadXY
 .text          0x020077cc      0x264 /opt/devkitPro/libnds/lib/libnds9.a(trig.o)
                0x02007964                arcSinComp
                0x02007994                asinLerp
                0x02007924                tanLerp
                0x020077cc                sinLutLookup
                0x020078d8                tanLutLookup
                0x020078bc                cosLerp
                0x02007a14                acosLerp
                0x0200781c                sinLerp
 .text          0x02007a30      0xa94 /opt/devkitPro/libnds/lib/libnds9.a(videoGL.o)
                0x02007b78                glTexCoord2f32
                0x02007eb4                glTexImage2D
                0x02007aec                glGenTextures
                0x02007abc                glResetTextures
                0x020081d0                glRotatef32i
                0x02007e5c                glTexLoadPal
                0x02007c04                glTexParameter
                0x02007a30                glGetGlobals
                0x02007c84                getNextPaletteSlot
                0x02007cd8                vramGetBank
                0x02007c74                alignVal
                0x02007c5c                glGetTexParameter
                0x02007e90                gluTexLoadPal
                0x02007a38                glMaterialf
                0x02007b2c                glBindTexture
                0x02007c34                glGetTexturePointer
                0x02007d98                vramIsTextureBank
                0x02007b5c                glColorTable
                0x02007df8                getNextTextureSlot
                0x0200802c                glInit_C
 .text          0x020084c4      0x26c /opt/devkitPro/libnds/lib/libnds9.a(dldi.o)
                0x02008634                dldiLoadFromFile
                0x02008530                dldiFree
                0x020084fc                dldiIsValid
                0x020084c4                dldiGetInternal
                0x02008540                dldiFixDriverAddresses
 .text          0x02008730     0x18b8 /opt/devkitPro/libnds/lib/libnds9.a(fifosystem.o)
                0x020096cc                fifoInternalRecvPopFirst
                0x020087b8                fifoCheckValue32
                0x020088c8                fifoCheckDatamsgLength
                0x020090c0                fifoGetLostWordCount
                0x02009030                fifoGetBufferUsage
                0x02009d90                fifoSendValue32
                0x02009ca0                fifoInternalSend
                0x02008d98                fifoGetDatamsg
                0x02008bb0                fifoGetValue32
                0x020089c8                fifoGetAddress
                0x02008958                fifoCountDatamsg
                0x02008d00                fifoForceValue32Handler
                0x02008840                fifoCheckDatamsg
                0x0200966c                fifoInternalRecvPeek
                0x02009bc0                fifoInternalAllocFreeBlock
                0x02008b88                fifoSetAddressHandler
                0x0200962c                fifoInternalProtect
                0x02008f74                fifoForceDatamsgHandler
                0x02009ad4                fifoInternalSendEnqueue
                0x02009d38                fifoSendDatamsg
                0x0200990c                fifoInternalSendEmpty
                0x02009a58                fifoInternalSendInterrupt
                0x02009dd8                fifoSendAddress
                0x0200991c                fifoInternalSendDeque
                0x020090cc                fifoInternalRecvInterrupt
                0x02008730                fifoCheckAddress
                0x02009c14                fifoInternalFreeCheck
                0x020097a0                fifoInternalRecvWordCount
                0x02009820                fifoInternalRecvPushBack
                0x02009648                fifoInternalUnprotect
                0x02008b18                fifoForceAddressHandler
                0x02008d70                fifoSetValue32Handler
                0x020099f0                fifoInternalBeginSend
                0x02009e14                fifoInit
                0x02009008                fifoSetDatamsgHandler
                0x02009bf0                fifoInternalFreeBlock
 .text          0x02009fe8      0x1a8 /opt/devkitPro/libnds/lib/libnds9.a(interrupts.o)
                0x0200a0c8                irqEnable
                0x02009fec                irqSet
                0x0200a114                irqDisable
                0x0200a04c                irqInit
                0x02009fe8                irqDummy
                0x0200a098                irqInitHandler
                0x0200a160                irqClear
 .text          0x0200a190       0x70 /opt/devkitPro/libnds/lib/libnds9.a(dcache.o)
                0x0200a190                DC_FlushAll
                0x0200a1bc                DC_FlushRange
                0x0200a1e4                DC_InvalidateRange
                0x0200a1d8                DC_InvalidateAll
 .text          0x0200a200     0x8000 /opt/devkitPro/libnds/lib/libnds9.a(dldi_stub.o)
                0x0200a200                _io_dldi_stub
 .text          0x02012200       0x70 /opt/devkitPro/libnds/lib/libnds9.a(biosCalls.o)
                0x02012210                swiSleep
                0x0201224a                swiDecompressLZSSVram
                0x02012232                swiFastCopy
                0x02012236                swiSqrt
                0x02012200                swiSoftReset
                0x0201223a                swiCRC16
                0x0201224e                swiDecompressHuffman
                0x02012266                swiSetHaltCR
                0x0201221c                swiRemainder
                0x02012242                swiUnpackBits
                0x02012246                swiDecompressLZSSWram
                0x02012262                swiDecodeDelta16
                0x02012204                swiDelay
                0x02012222                swiDivMod
                0x02012256                swiDecompressRLEVram
                0x02012252                swiDecompressRLEWram
                0x0201225e                swiDecodeDelta8
                0x02012218                swiDivide
                0x02012214                swiChangeSoundBias
                0x0201220c                swiWaitForVBlank
                0x02012208                swiIntrWait
                0x0201223e                swiIsDebugger
                0x0201225a                swiWaitForIRQ
                0x0201222e                swiCopy
 .text          0x02012270        0x0 /opt/devkitPro/libnds/lib/libnds9.a(interruptDispatcher.o)
 .text          0x02012270      0x144 /opt/devkitPro/libnds/lib/libnds9.a(video.o)
                0x02012324                vramSetBankF
                0x020122b4                vramRestoreMainBanks
                0x0201234c                vramSetBankH
                0x020122fc                vramSetBankD
                0x02012310                vramSetBankE
                0x02012374                setBrightness
                0x02012338                vramSetBankG
                0x020122d4                vramSetBankB
                0x020122e8                vramSetBankC
                0x02012360                vramSetBankI
                0x02012270                vramSetMainBanks
                0x020122c0                vramSetBankA
 .text          0x020123b4      0x240 /opt/devkitPro/libnds/lib/libmm9.a(mm_comms.o)
                0x020125a2                mmReverbStop
                0x020124d0                mmEffectVolume
                0x02012436                mmSetModulePitch
                0x0201243e                mmSelectMode
                0x02012416                mmPause
                0x0201242e                mmSetJingleVolume
                0x0201253a                mmReverbEnable
                0x0201240c                mmStart
                0x0201243a                mmSetEffectsVolume
                0x020124f2                mmEffectCancel
                0x02012426                mmJingle
                0x0201241a                mmResume
                0x02012456                mmStreamEnd
                0x02012400                mmLockChannels
                0x020123b4                mmSetupComms
                0x02012406                mmUnlockChannels
                0x020124d8                mmEffectRate
                0x020124ac                mmEffect
                0x02012432                mmSetModuleTempo
                0x020124ec                mmEffectRelease
                0x020124d4                mmEffectPanning
                0x0201242a                mmSetModuleVolume
                0x0201259e                mmReverbStart
                0x02012542                mmReverbConfigure
                0x02012442                mmStreamBegin
                0x02012422                mmPosition
                0x0201253e                mmReverbDisable
                0x0201241e                mmStop
                0x020124f8                mmEffectEx
                0x02012536                mmEffectCancelAll
                0x020124e2                mmEffectScaleRate
                0x020123f6                mmSendBank
 .text          0x020125f4      0x108 /opt/devkitPro/libnds/lib/libmm9.a(mm_main9.o)
                0x0201262a                mmInitDefault
                0x020126b4                mmRestoreIRQ_t
                0x02012674                mmInitDefaultMem
                0x02012696                mmSuspendIRQ_t
                0x02012600                mmInit
                0x020125fa                mmSetEventHandler
                0x020125f4                mmActive
 .text          0x020126fc      0x120 /opt/devkitPro/libnds/lib/libmm9.a(mm_memory.o)
                0x020126fc                mmLoad
                0x020127a4                mmLoadEffect
                0x0201274c                mmUnload
                0x020127dc                mmUnloadEffect
 .text          0x0201281c      0x100 /opt/devkitPro/libnds/lib/libmm9.a(mm_soundbank.o)
                0x02012862                mmsHandleFileOp
                0x02012824                mmSoundBankInFiles
                0x0201281c                mmSoundBankInMemory
                0x02012836                mmSetCustomSoundBankHandler
 .text          0x0201291c       0x3c /opt/devkitPro/libnds/lib/libmm9.a(mm_flusher.o)
                0x0201291c                mmFlushBank
 .text          0x02012958       0x8c /opt/devkitPro/devkitARM/lib/gcc/arm-eabi/4.3.3/thumb/libgcc.a(_udivsi3.o)
                0x02012958                __udivsi3
                0x02012958                __aeabi_uidiv
                0x020129d4                __aeabi_uidivmod
 .text          0x020129e4       0xa4 /opt/devkitPro/devkitARM/lib/gcc/arm-eabi/4.3.3/thumb/libgcc.a(_divsi3.o)
                0x020129e4                __aeabi_idiv
                0x020129e4                __divsi3
                0x02012a78                __aeabi_idivmod
 .text          0x02012a88        0x4 /opt/devkitPro/devkitARM/lib/gcc/arm-eabi/4.3.3/thumb/libgcc.a(_dvmd_tls.o)
                0x02012a88                __aeabi_ldiv0
                0x02012a88                __div0
                0x02012a88                __aeabi_idiv0
 .text          0x02012a8c       0x70 /opt/devkitPro/devkitARM/lib/gcc/arm-eabi/4.3.3/thumb/libgcc.a(_muldi3.o)
                0x02012a8c                __aeabi_lmul
                0x02012a8c                __muldi3
 .text          0x02012afc       0x5c /opt/devkitPro/devkitARM/lib/gcc/arm-eabi/4.3.3/../../../../arm-eabi/lib/thumb/libg.a(lib_a-bsearch.o)
                0x02012afc                bsearch
 .text          0x02012b58       0xc0 /opt/devkitPro/devkitARM/lib/gcc/arm-eabi/4.3.3/../../../../arm-eabi/lib/thumb/libg.a(lib_a-fclose.o)
                0x02012b58                _fclose_r
                0x02012bfc                fclose
 .text          0x02012c18      0x150 /opt/devkitPro/devkitARM/lib/gcc/arm-eabi/4.3.3/../../../../arm-eabi/lib/thumb/libg.a(lib_a-fflush.o)
                0x02012d34                fflush
                0x02012c18                _fflush_r
 .text          0x02012d68      0x1f0 /opt/devkitPro/devkitARM/lib/gcc/arm-eabi/4.3.3/../../../../arm-eabi/lib/thumb/libg.a(lib_a-findfp.o)
                0x02012e34                __sinit
                0x02012e90                __sfmoreglue
                0x02012dcc                _cleanup
                0x02012db8                _cleanup_r
                0x02012d9c                __fp_lock_all
                0x02012d68                __sfp_lock_acquire
                0x02012ec4                __sfp
                0x02012d74                __sinit_lock_release
                0x02012d80                __fp_unlock_all
                0x02012d6c                __sfp_lock_release
                0x02012d70                __sinit_lock_acquire
 .text          0x02012f58       0xa4 /opt/devkitPro/devkitARM/lib/gcc/arm-eabi/4.3.3/../../../../arm-eabi/lib/thumb/libg.a(lib_a-fopen.o)
                0x02012fe0                fopen
                0x02012f58                _fopen_r
 .text          0x02012ffc       0x38 /opt/devkitPro/devkitARM/lib/gcc/arm-eabi/4.3.3/../../../../arm-eabi/lib/thumb/libg.a(lib_a-fprintf.o)
                0x02012ffc                fprintf
                0x0201301c                _fprintf_r
 .text          0x02013034      0x19c /opt/devkitPro/devkitARM/lib/gcc/arm-eabi/4.3.3/../../../../arm-eabi/lib/thumb/libg.a(lib_a-fread.o)
                0x020131a8                fread
                0x02013034                _fread_r
 .text          0x020131d0      0x23c /opt/devkitPro/devkitARM/lib/gcc/arm-eabi/4.3.3/../../../../arm-eabi/lib/thumb/libg.a(lib_a-freer.o)
                0x02013278                _free_r
                0x020131d0                _malloc_trim_r
 .text          0x0201340c       0x38 /opt/devkitPro/devkitARM/lib/gcc/arm-eabi/4.3.3/../../../../arm-eabi/lib/thumb/libg.a(lib_a-fscanf.o)
                0x02013424                fscanf
                0x0201340c                _fscanf_r
 .text          0x02013444      0x30c /opt/devkitPro/devkitARM/lib/gcc/arm-eabi/4.3.3/../../../../arm-eabi/lib/thumb/libg.a(lib_a-fseek.o)
                0x02013728                fseek
                0x02013444                _fseek_r
 .text          0x02013750       0xc8 /opt/devkitPro/devkitARM/lib/gcc/arm-eabi/4.3.3/../../../../arm-eabi/lib/thumb/libg.a(lib_a-fwalk.o)
                0x020137b8                _fwalk
                0x02013750                _fwalk_reent
 .text          0x02013818        0x0 /opt/devkitPro/devkitARM/lib/gcc/arm-eabi/4.3.3/../../../../arm-eabi/lib/thumb/libg.a(lib_a-impure.o)
 .text          0x02013818       0x88 /opt/devkitPro/devkitARM/lib/gcc/arm-eabi/4.3.3/../../../../arm-eabi/lib/thumb/libg.a(lib_a-init.o)
                0x02013848                __libc_init_array
                0x02013818                __libc_fini_array
 .text          0x020138a0       0x10 /opt/devkitPro/devkitARM/lib/gcc/arm-eabi/4.3.3/../../../../arm-eabi/lib/thumb/libg.a(lib_a-lcltime_r.o)
                0x020138a0                localtime_r
 .text          0x020138b0      0x28c /opt/devkitPro/devkitARM/lib/gcc/arm-eabi/4.3.3/../../../../arm-eabi/lib/thumb/libg.a(lib_a-locale.o)
                0x020138cc                _setlocale_r
                0x020138b0                __locale_charset
                0x020138bc                _localeconv_r
                0x02013b20                setlocale
                0x020138c4                localeconv
 .text          0x02013b3c       0xe8 /opt/devkitPro/devkitARM/lib/gcc/arm-eabi/4.3.3/../../../../arm-eabi/lib/thumb/libg.a(lib_a-makebuf.o)
                0x02013b3c                __smakebuf_r
 .text          0x02013c24       0x30 /opt/devkitPro/devkitARM/lib/gcc/arm-eabi/4.3.3/../../../../arm-eabi/lib/thumb/libg.a(lib_a-malloc.o)
                0x02013c3c                malloc
                0x02013c24                free
 .text          0x02013c54      0x510 /opt/devkitPro/devkitARM/lib/gcc/arm-eabi/4.3.3/../../../../arm-eabi/lib/thumb/libg.a(lib_a-mallocr.o)
                0x02013c54                _malloc_r
 .text          0x02014164       0x70 /opt/devkitPro/devkitARM/lib/gcc/arm-eabi/4.3.3/../../../../arm-eabi/lib/thumb/libg.a(lib_a-mbrtowc.o)
                0x020141ac                mbrtowc
                0x02014164                _mbrtowc_r
 .text          0x020141d4       0xf4 /opt/devkitPro/devkitARM/lib/gcc/arm-eabi/4.3.3/../../../../arm-eabi/lib/thumb/libg.a(lib_a-mbsrtowcs.o)
                0x020142a0                mbsrtowcs
                0x020141d4                _mbsrtowcs_r
 .text          0x020142c8      0x69c /opt/devkitPro/devkitARM/lib/gcc/arm-eabi/4.3.3/../../../../arm-eabi/lib/thumb/libg.a(lib_a-mbtowc_r.o)
                0x020142c8                _mbtowc_r
 .text          0x02014964       0x58 /opt/devkitPro/devkitARM/lib/gcc/arm-eabi/4.3.3/../../../../arm-eabi/lib/thumb/libg.a(lib_a-memcmp.o)
                0x02014964                memcmp
 .text          0x020149bc       0x88 /opt/devkitPro/devkitARM/lib/gcc/arm-eabi/4.3.3/../../../../arm-eabi/lib/thumb/libg.a(lib_a-memcpy.o)
                0x020149bc                memcpy
 .text          0x02014a44       0xb0 /opt/devkitPro/devkitARM/lib/gcc/arm-eabi/4.3.3/../../../../arm-eabi/lib/thumb/libg.a(lib_a-memmove.o)
                0x02014a44                memmove
 .text          0x02014af4       0xb0 /opt/devkitPro/devkitARM/lib/gcc/arm-eabi/4.3.3/../../../../arm-eabi/lib/thumb/libg.a(lib_a-memset.o)
                0x02014af4                memset
 .text          0x02014ba4      0x4b0 /opt/devkitPro/devkitARM/lib/gcc/arm-eabi/4.3.3/../../../../arm-eabi/lib/thumb/libg.a(lib_a-mktime.o)
                0x02014dc0                mktime
 .text          0x02015054      0x518 /opt/devkitPro/devkitARM/lib/gcc/arm-eabi/4.3.3/../../../../arm-eabi/lib/thumb/libg.a(lib_a-mktm_r.o)
                0x02015054                __tzcalc_limits
                0x020151f4                _mktm_r
 .text          0x0201556c        0x8 /opt/devkitPro/devkitARM/lib/gcc/arm-eabi/4.3.3/../../../../arm-eabi/lib/thumb/libg.a(lib_a-mlock.o)
                0x02015570                __malloc_unlock
                0x0201556c                __malloc_lock
 .text          0x02015574       0x3c /opt/devkitPro/devkitARM/lib/gcc/arm-eabi/4.3.3/../../../../arm-eabi/lib/thumb/libg.a(lib_a-printf.o)
                0x02015574                printf
                0x02015598                _printf_r
 .text          0x020155b0       0x58 /opt/devkitPro/devkitARM/lib/gcc/arm-eabi/4.3.3/../../../../arm-eabi/lib/thumb/libg.a(lib_a-rand.o)
                0x020155c4                rand
                0x020155b0                srand
 .text          0x02015608       0x1c /opt/devkitPro/devkitARM/lib/gcc/arm-eabi/4.3.3/../../../../arm-eabi/lib/thumb/libg.a(lib_a-realloc.o)
                0x02015608                realloc
 .text          0x02015624      0x340 /opt/devkitPro/devkitARM/lib/gcc/arm-eabi/4.3.3/../../../../arm-eabi/lib/thumb/libg.a(lib_a-reallocr.o)
                0x02015624                _realloc_r
 .text          0x02015964      0x128 /opt/devkitPro/devkitARM/lib/gcc/arm-eabi/4.3.3/../../../../arm-eabi/lib/thumb/libg.a(lib_a-refill.o)
                0x02015964                __srefill_r
 .text          0x02015a8c       0xb8 /opt/devkitPro/devkitARM/lib/gcc/arm-eabi/4.3.3/../../../../arm-eabi/lib/thumb/libg.a(lib_a-stdio.o)
                0x02015aa0                __sseek
                0x02015b14                __sread
                0x02015a8c                __sclose
                0x02015ad4                __swrite
 .text          0x02015b44       0xc4 /opt/devkitPro/devkitARM/lib/gcc/arm-eabi/4.3.3/../../../../arm-eabi/lib/thumb/libg.a(lib_a-strchr.o)
                0x02015b44                strchr
 .text          0x02015c08       0x5c /opt/devkitPro/devkitARM/lib/gcc/arm-eabi/4.3.3/../../../../arm-eabi/lib/thumb/libg.a(lib_a-strcmp.o)
                0x02015c08                strcmp
 .text          0x02015c64       0x48 /opt/devkitPro/devkitARM/lib/gcc/arm-eabi/4.3.3/../../../../arm-eabi/lib/thumb/libg.a(lib_a-strcpy.o)
                0x02015c64                strcpy
 .text          0x02015cac       0x60 /opt/devkitPro/devkitARM/lib/gcc/arm-eabi/4.3.3/../../../../arm-eabi/lib/thumb/libg.a(lib_a-strlen.o)
                0x02015cac                strlen
 .text          0x02015d0c       0x94 /opt/devkitPro/devkitARM/lib/gcc/arm-eabi/4.3.3/../../../../arm-eabi/lib/thumb/libg.a(lib_a-strncasecmp.o)
                0x02015d0c                strncasecmp
 .text          0x02015da0       0x9c /opt/devkitPro/devkitARM/lib/gcc/arm-eabi/4.3.3/../../../../arm-eabi/lib/thumb/libg.a(lib_a-strncmp.o)
                0x02015da0                strncmp
 .text          0x02015e3c       0x74 /opt/devkitPro/devkitARM/lib/gcc/arm-eabi/4.3.3/../../../../arm-eabi/lib/thumb/libg.a(lib_a-strncpy.o)
                0x02015e3c                strncpy
 .text          0x02015eb0       0x2c /opt/devkitPro/devkitARM/lib/gcc/arm-eabi/4.3.3/../../../../arm-eabi/lib/thumb/libg.a(lib_a-strnlen.o)
                0x02015eb0                strnlen
 .text          0x02015edc       0x48 /opt/devkitPro/devkitARM/lib/gcc/arm-eabi/4.3.3/../../../../arm-eabi/lib/thumb/libg.a(lib_a-strpbrk.o)
                0x02015edc                strpbrk
 .text          0x02015f24       0x34 /opt/devkitPro/devkitARM/lib/gcc/arm-eabi/4.3.3/../../../../arm-eabi/lib/thumb/libg.a(lib_a-strrchr.o)
                0x02015f24                strrchr
 .text          0x02015f58       0x18 /opt/devkitPro/devkitARM/lib/gcc/arm-eabi/4.3.3/../../../../arm-eabi/lib/thumb/libg.a(lib_a-sysclose.o)
                0x02015f58                close
 .text          0x02015f70       0x24 /opt/devkitPro/devkitARM/lib/gcc/arm-eabi/4.3.3/../../../../arm-eabi/lib/thumb/libg.a(lib_a-syslseek.o)
                0x02015f70                lseek
 .text          0x02015f94       0x1c /opt/devkitPro/devkitARM/lib/gcc/arm-eabi/4.3.3/../../../../arm-eabi/lib/thumb/libg.a(lib_a-sysopen.o)
                0x02015f94                open
 .text          0x02015fb0       0x24 /opt/devkitPro/devkitARM/lib/gcc/arm-eabi/4.3.3/../../../../arm-eabi/lib/thumb/libg.a(lib_a-sysread.o)
                0x02015fb0                read
 .text          0x02015fd4       0x34 /opt/devkitPro/devkitARM/lib/gcc/arm-eabi/4.3.3/../../../../arm-eabi/lib/thumb/libg.a(lib_a-time.o)
                0x02015fd4                time
 .text          0x02016008      0x4dc /opt/devkitPro/devkitARM/lib/gcc/arm-eabi/4.3.3/../../../../arm-eabi/lib/thumb/libg.a(lib_a-towlower.o)
                0x02016008                towlower
 .text          0x020164e4      0x5d8 /opt/devkitPro/devkitARM/lib/gcc/arm-eabi/4.3.3/../../../../arm-eabi/lib/thumb/libg.a(lib_a-towupper.o)
                0x020164e4                towupper
 .text          0x02016abc        0x8 /opt/devkitPro/devkitARM/lib/gcc/arm-eabi/4.3.3/../../../../arm-eabi/lib/thumb/libg.a(lib_a-tzlock.o)
                0x02016ac0                __tz_unlock
                0x02016abc                __tz_lock
 .text          0x02016ac4        0x0 /opt/devkitPro/devkitARM/lib/gcc/arm-eabi/4.3.3/../../../../arm-eabi/lib/thumb/libg.a(lib_a-tzvars.o)
 *fill*         0x02016ac4        0x4 ff
 .text          0x02016ac8     0x16f8 /opt/devkitPro/devkitARM/lib/gcc/arm-eabi/4.3.3/../../../../arm-eabi/lib/thumb/libg.a(lib_a-vfprintf.o)
                0x02016ae8                _vfprintf_r
                0x0201819c                vfprintf
 .text          0x020181c0      0xcd0 /opt/devkitPro/devkitARM/lib/gcc/arm-eabi/4.3.3/../../../../arm-eabi/lib/thumb/libg.a(lib_a-vfscanf.o)
                0x02018e04                __svfscanf
                0x02018e28                _vfscanf_r
                0x02018e58                vfscanf
                0x020181c0                __svfscanf_r
 .text          0x02018e90       0x68 /opt/devkitPro/devkitARM/lib/gcc/arm-eabi/4.3.3/../../../../arm-eabi/lib/thumb/libg.a(lib_a-wcrtomb.o)
                0x02018e90                _wcrtomb_r
                0x02018ed4                wcrtomb
 .text          0x02018ef8      0x108 /opt/devkitPro/devkitARM/lib/gcc/arm-eabi/4.3.3/../../../../arm-eabi/lib/thumb/libg.a(lib_a-wcsrtombs.o)
                0x02018ef8                _wcsrtombs_r
                0x02018fd8                wcsrtombs
 .text          0x02019000       0x40 /opt/devkitPro/devkitARM/lib/gcc/arm-eabi/4.3.3/../../../../arm-eabi/lib/thumb/libg.a(lib_a-wctob.o)
                0x02019000                wctob
 .text          0x02019040      0x2c8 /opt/devkitPro/devkitARM/lib/gcc/arm-eabi/4.3.3/../../../../arm-eabi/lib/thumb/libg.a(lib_a-wctomb_r.o)
                0x02019040                _wctomb_r
 .text          0x02019308       0xc8 /opt/devkitPro/devkitARM/lib/gcc/arm-eabi/4.3.3/../../../../arm-eabi/lib/thumb/libg.a(lib_a-wsetup.o)
                0x02019308                __swsetup_r
 .text          0x020193d0        0x0 /opt/devkitPro/devkitARM/lib/gcc/arm-eabi/4.3.3/../../../../arm-eabi/lib/thumb/libg.a(lib_a-ctype_.o)
 .text          0x020193d0       0x44 /opt/devkitPro/devkitARM/lib/gcc/arm-eabi/4.3.3/../../../../arm-eabi/lib/thumb/libg.a(lib_a-div.o)
                0x020193d0                div
 *fill*         0x02019414        0x4 ff
 .text          0x02019418      0xf70 /opt/devkitPro/devkitARM/lib/gcc/arm-eabi/4.3.3/../../../../arm-eabi/lib/thumb/libg.a(lib_a-dtoa.o)
                0x02019584                _dtoa_r
 .text          0x0201a388       0x7c /opt/devkitPro/devkitARM/lib/gcc/arm-eabi/4.3.3/../../../../arm-eabi/lib/thumb/libg.a(lib_a-flags.o)
                0x0201a388                __sflags
 .text          0x0201a404      0x318 /opt/devkitPro/devkitARM/lib/gcc/arm-eabi/4.3.3/../../../../arm-eabi/lib/thumb/libg.a(lib_a-fvwrite.o)
                0x0201a404                __sfvwrite_r
 .text          0x0201a71c        0x8 /opt/devkitPro/devkitARM/lib/gcc/arm-eabi/4.3.3/../../../../arm-eabi/lib/thumb/libg.a(lib_a-gettzinfo.o)
                0x0201a71c                __gettzinfo
 .text          0x0201a724       0xec /opt/devkitPro/devkitARM/lib/gcc/arm-eabi/4.3.3/../../../../arm-eabi/lib/thumb/libg.a(lib_a-iswspace.o)
                0x0201a724                iswspace
 .text          0x0201a810      0x178 /opt/devkitPro/devkitARM/lib/gcc/arm-eabi/4.3.3/../../../../arm-eabi/lib/thumb/libg.a(lib_a-jp2uc.o)
                0x0201a810                __jp2uc
 .text          0x0201a988       0x8c /opt/devkitPro/devkitARM/lib/gcc/arm-eabi/4.3.3/../../../../arm-eabi/lib/thumb/libg.a(lib_a-memchr.o)
                0x0201a988                memchr
 *fill*         0x0201aa14        0x4 ff
 .text          0x0201aa18      0x9e8 /opt/devkitPro/devkitARM/lib/gcc/arm-eabi/4.3.3/../../../../arm-eabi/lib/thumb/libg.a(lib_a-mprec.o)
                0x0201ac90                _mprec_log10
                0x0201ad20                __any_on
                0x0201ad7c                _Balloc
                0x0201ac3c                __ratio
                0x0201b1e8                __i2b
                0x0201ab80                __b2d
                0x0201b360                __s2b
                0x0201aaf0                __mcmp
                0x0201aa34                __hi0bits
                0x0201b2a8                __pow5mult
                0x0201afc8                __lshift
                0x0201b088                __multiply
                0x0201add0                __d2b
                0x0201acd4                __copybits
                0x0201ab34                __ulp
                0x0201aea4                __mdiff
                0x0201aa88                __lo0bits
                0x0201b200                __multadd
                0x0201aa18                _Bfree
 .text          0x0201b400       0x24 /opt/devkitPro/devkitARM/lib/gcc/arm-eabi/4.3.3/../../../../arm-eabi/lib/thumb/libg.a(lib_a-s_isinfd.o)
                0x0201b400                __isinfd
 .text          0x0201b424       0x1c /opt/devkitPro/devkitARM/lib/gcc/arm-eabi/4.3.3/../../../../arm-eabi/lib/thumb/libg.a(lib_a-s_isnand.o)
                0x0201b424                __isnand
 .text          0x0201b440       0x78 /opt/devkitPro/devkitARM/lib/gcc/arm-eabi/4.3.3/../../../../arm-eabi/lib/thumb/libg.a(lib_a-sccl.o)
                0x0201b440                __sccl
 .text          0x0201b4b8        0x8 /opt/devkitPro/devkitARM/lib/gcc/arm-eabi/4.3.3/../../../../arm-eabi/lib/thumb/libg.a(lib_a-sf_nan.o)
                0x0201b4b8                nanf
 .text          0x0201b4c0       0x84 /opt/devkitPro/devkitARM/lib/gcc/arm-eabi/4.3.3/../../../../arm-eabi/lib/thumb/libg.a(lib_a-sprintf.o)
                0x0201b504                _sprintf_r
                0x0201b4c0                sprintf
 *fill*         0x0201b544        0x4 ff
 .text          0x0201b548      0xf10 /opt/devkitPro/devkitARM/lib/gcc/arm-eabi/4.3.3/../../../../arm-eabi/lib/thumb/libg.a(lib_a-strtod.o)
                0x0201b548                _strtod_r
                0x0201c43c                strtod
                0x0201c400                strtof
 .text          0x0201c458      0x18c /opt/devkitPro/devkitARM/lib/gcc/arm-eabi/4.3.3/../../../../arm-eabi/lib/thumb/libg.a(lib_a-strtol.o)
                0x0201c5c0                strtol
                0x0201c458                _strtol_r
 .text          0x0201c5e4      0x190 /opt/devkitPro/devkitARM/lib/gcc/arm-eabi/4.3.3/../../../../arm-eabi/lib/thumb/libg.a(lib_a-strtoul.o)
                0x0201c750                strtoul
                0x0201c5e4                _strtoul_r
 *fill*         0x0201c774        0x4 ff
 .text          0x0201c778     0x15e0 /opt/devkitPro/devkitARM/lib/gcc/arm-eabi/4.3.3/../../../../arm-eabi/lib/thumb/libg.a(lib_a-svfprintf.o)
                0x0201c8a4                _svfprintf_r
 .text          0x0201dd58      0x1a0 /opt/devkitPro/devkitARM/lib/gcc/arm-eabi/4.3.3/../../../../arm-eabi/lib/thumb/libg.a(lib_a-ungetc.o)
                0x0201dedc                ungetc
                0x0201dd58                __submore
                0x0201ddd4                _ungetc_r
 .text          0x0201def8       0x5c /opt/devkitPro/devkitARM/lib/gcc/arm-eabi/4.3.3/../../../../arm-eabi/lib/thumb/libg.a(lib_a-callocr.o)
                0x0201def8                _calloc_r
 .text          0x0201df54      0x5e8 /opt/devkitPro/devkitARM/lib/gcc/arm-eabi/4.3.3/../../../../arm-eabi/lib/thumb/libg.a(lib_a-gdtoa-gethex.o)
                0x0201df54                __hexdig_init
                0x0201e064                __gethex
 .text          0x0201e53c      0x1a4 /opt/devkitPro/devkitARM/lib/gcc/arm-eabi/4.3.3/../../../../arm-eabi/lib/thumb/libg.a(lib_a-gdtoa-hexnan.o)
                0x0201e53c                __hexnan
 .text          0x0201e6e0      0x134 /opt/devkitPro/devkitARM/lib/gcc/arm-eabi/4.3.3/../../../../arm-eabi/lib/thumb/libsysbase.a(iosupport.o)
                0x0201e7f0                RemoveDevice
                0x0201e6e0                setDefaultDevice
                0x0201e6f4                AddDevice
                0x0201e7d0                GetDeviceOpTab
                0x0201e76c                FindDevice
 .text          0x0201e814       0x54 /opt/devkitPro/devkitARM/lib/gcc/arm-eabi/4.3.3/../../../../arm-eabi/lib/thumb/libsysbase.a(close.o)
                0x0201e814                _close_r
 .text          0x0201e868       0x5c /opt/devkitPro/devkitARM/lib/gcc/arm-eabi/4.3.3/../../../../arm-eabi/lib/thumb/libsysbase.a(fstat.o)
                0x0201e868                _fstat_r
 .text          0x0201e8c4        0x4 /opt/devkitPro/devkitARM/lib/gcc/arm-eabi/4.3.3/../../../../arm-eabi/lib/thumb/libsysbase.a(isatty.o)
                0x0201e8c4                _isatty_r
 .text          0x0201e8c8       0x54 /opt/devkitPro/devkitARM/lib/gcc/arm-eabi/4.3.3/../../../../arm-eabi/lib/thumb/libsysbase.a(lseek.o)
                0x0201e8c8                _lseek_r
 .text          0x0201e91c       0x9c /opt/devkitPro/devkitARM/lib/gcc/arm-eabi/4.3.3/../../../../arm-eabi/lib/thumb/libsysbase.a(open.o)
                0x0201e91c                _open_r
 .text          0x0201e9b8       0x54 /opt/devkitPro/devkitARM/lib/gcc/arm-eabi/4.3.3/../../../../arm-eabi/lib/thumb/libsysbase.a(read.o)
                0x0201e9b8                _read_r
 .text          0x0201ea0c       0x54 /opt/devkitPro/devkitARM/lib/gcc/arm-eabi/4.3.3/../../../../arm-eabi/lib/thumb/libsysbase.a(sbrk.o)
                0x0201ea0c                _sbrk_r
 .text          0x0201ea60       0x4c /opt/devkitPro/devkitARM/lib/gcc/arm-eabi/4.3.3/../../../../arm-eabi/lib/thumb/libsysbase.a(times.o)
                0x0201ea68                _gettimeofday_r
                0x0201ea60                _times_r
                0x0201ea94                _times
 .text          0x0201eaac       0x54 /opt/devkitPro/devkitARM/lib/gcc/arm-eabi/4.3.3/../../../../arm-eabi/lib/thumb/libsysbase.a(write.o)
                0x0201eaac                _write_r
 .text          0x0201eb00        0x0 /opt/devkitPro/devkitARM/lib/gcc/arm-eabi/4.3.3/../../../../arm-eabi/lib/thumb/libsysbase.a(malloc_vars.o)
 .text          0x0201eb00      0x25c /opt/devkitPro/devkitARM/lib/gcc/arm-eabi/4.3.3/../../../../arm-eabi/lib/thumb/libsysbase.a(chdir.o)
                0x0201ec6c                chdir
                0x0201eb00                getcwd
                0x0201eb50                _concatenate_path
 .text          0x0201ed5c       0x54 /opt/devkitPro/devkitARM/lib/gcc/arm-eabi/4.3.3/../../../../arm-eabi/lib/thumb/libsysbase.a(build_argv.o)
                0x0201ed5c                build_argv
 .text          0x0201edb0       0x90 /opt/devkitPro/devkitARM/lib/gcc/arm-eabi/4.3.3/../../../../arm-eabi/lib/thumb/libsysbase.a(handle_manager.o)
                0x0201ee10                __release_handle
                0x0201edd0                __alloc_handle
                0x0201edb0                __get_handle
 .text          0x0201ee40      0x41c /opt/devkitPro/devkitARM/lib/gcc/arm-eabi/4.3.3/thumb/libgcc.a(_addsubdf3.o)
                0x0201f1fc                __floatdidf
                0x0201f180                __floatsidf
                0x0201f15c                __aeabi_ui2d
                0x0201ee40                __aeabi_drsub
                0x0201f1a8                __extendsfdf2
                0x0201ee4c                __adddf3
                0x0201f15c                __floatunsidf
                0x0201ee4c                __aeabi_dadd
                0x0201f1e8                __aeabi_ul2d
                0x0201ee48                __aeabi_dsub
                0x0201f1e8                __floatundidf
                0x0201f180                __aeabi_i2d
                0x0201f1fc                __aeabi_l2d
                0x0201f1a8                __aeabi_f2d
                0x0201ee48                __subdf3
 .text          0x0201f25c      0x49c /opt/devkitPro/devkitARM/lib/gcc/arm-eabi/4.3.3/thumb/libgcc.a(_muldivdf3.o)
                0x0201f4ec                __aeabi_ddiv
                0x0201f25c                __aeabi_dmul
                0x0201f4ec                __divdf3
                0x0201f25c                __muldf3
 .text          0x0201f6f8      0x140 /opt/devkitPro/devkitARM/lib/gcc/arm-eabi/4.3.3/thumb/libgcc.a(_cmpdf2.o)
                0x0201f7f0                __aeabi_dcmple
                0x0201f708                __cmpdf2
                0x0201f708                __eqdf2
                0x0201f6f8                __gtdf2
                0x0201f7a8                __aeabi_cdcmple
                0x0201f78c                __aeabi_cdrcmple
                0x0201f700                __ltdf2
                0x0201f7d8                __aeabi_dcmplt
                0x0201f700                __ledf2
                0x0201f820                __aeabi_dcmpgt
                0x0201f808                __aeabi_dcmpge
                0x0201f708                __nedf2
                0x0201f7c0                __aeabi_dcmpeq
                0x0201f7a8                __aeabi_cdcmpeq
                0x0201f6f8                __gedf2
 .text          0x0201f838       0x5c /opt/devkitPro/devkitARM/lib/gcc/arm-eabi/4.3.3/thumb/libgcc.a(_fixdfsi.o)
                0x0201f838                __fixdfsi
                0x0201f838                __aeabi_d2iz
 .text          0x0201f894       0x54 /opt/devkitPro/devkitARM/lib/gcc/arm-eabi/4.3.3/thumb/libgcc.a(_fixunsdfsi.o)
                0x0201f894                __fixunsdfsi
                0x0201f894                __aeabi_d2uiz
 .text          0x0201f8e8       0xa0 /opt/devkitPro/devkitARM/lib/gcc/arm-eabi/4.3.3/thumb/libgcc.a(_truncdfsf2.o)
                0x0201f8e8                __aeabi_d2f
                0x0201f8e8                __truncdfsf2
 .text          0x0201f988        0xc /opt/devkitPro/devkitARM/lib/gcc/arm-eabi/4.3.3/../../../../arm-eabi/lib/thumb/libg.a(lib_a-errno.o)
                0x0201f988                __errno
 .text          0x0201f994        0x0 /opt/devkitPro/devkitARM/lib/gcc/arm-eabi/4.3.3/thumb/crtend.o
 .text          0x0201f994        0x0 /opt/devkitPro/devkitARM/lib/gcc/arm-eabi/4.3.3/thumb/crtn.o
 *(.text.*)
 *(.stub)
 *(.gnu.warning)
 *(.gnu.linkonce.t*)
 *(.glue_7)
 .glue_7        0x0201f994        0x0 /opt/devkitPro/devkitARM/lib/gcc/arm-eabi/4.3.3/../../../../arm-eabi/lib/thumb/ds_arm9_crt0.o
 .glue_7        0x0201f994        0x0 /opt/devkitPro/devkitARM/lib/gcc/arm-eabi/4.3.3/thumb/crti.o
 .glue_7        0x0201f994        0x0 /opt/devkitPro/devkitARM/lib/gcc/arm-eabi/4.3.3/thumb/crtbegin.o
 .glue_7        0x0201f994        0x0 soundbank.bin.o
 .glue_7        0x0201f994        0x0 alexxzandrite.o
 .glue_7        0x0201f994        0x0 amazonite.o
 .glue_7        0x0201f994        0x0 background.o
 .glue_7        0x0201f994        0x0 bronze.o
 .glue_7        0x0201f994        0x0 controls.o
 .glue_7        0x0201f994        0x0 diamond.o
 .glue_7        0x0201f994        0x0 FONDS.o
 .glue_7        0x0201f994        0x0 Game-Over.o
 .glue_7        0x0201f994        0x0 launcherImage.o
 .glue_7        0x0201f994        0x0 numbers.o
 .glue_7        0x0201f994        0x0 numbers_small.o
 .glue_7        0x0201f994        0x0 PlayerHorizontal.o
 .glue_7        0x0201f994        0x0 PlayerVertical.o
 .glue_7        0x0201f994        0x0 press_to_begin.o
 .glue_7        0x0201f994        0x0 game.o
 .glue_7        0x0201f994        0x0 graphics_main.o
 .glue_7        0x0201f994        0x0 graphics_sub.o
 .glue_7        0x0201f994        0x0 main.o
 .glue_7        0x0201f994        0x0 mineral.o
 .glue_7        0x0201f994        0x0 P_Audio.o
 .glue_7        0x0201f994        0x0 P_Score.o
 .glue_7        0x0201f994        0x0 timer_game.o
 .glue_7        0x0201f994        0x0 /opt/devkitPro/libnds/lib/libfat.a(libfat.o)
 .glue_7        0x0201f994        0x0 /opt/devkitPro/libnds/lib/libfat.a(partition.o)
 .glue_7        0x0201f994        0x0 /opt/devkitPro/libnds/lib/libfat.a(cache.o)
 .glue_7        0x0201f994        0x0 /opt/devkitPro/libnds/lib/libfat.a(disc.o)
 .glue_7        0x0201f994        0x0 /opt/devkitPro/libnds/lib/libfat.a(fatdir.o)
 .glue_7        0x0201f994        0x0 /opt/devkitPro/libnds/lib/libfat.a(fatfile.o)
 .glue_7        0x0201f994        0x0 /opt/devkitPro/libnds/lib/libfat.a(file_allocation_table.o)
 .glue_7        0x0201f994        0x0 /opt/devkitPro/libnds/lib/libfat.a(filetime.o)
 .glue_7        0x0201f994        0x0 /opt/devkitPro/libnds/lib/libfat.a(directory.o)
 .glue_7        0x0201f994        0x0 /opt/devkitPro/libnds/lib/libnds9.a(initSystem.o)
 .glue_7        0x0201f994        0x0 /opt/devkitPro/libnds/lib/libnds9.a(keys.o)
 .glue_7        0x0201f994        0x0 /opt/devkitPro/libnds/lib/libnds9.a(sprite.o)
 .glue_7        0x0201f994        0x0 /opt/devkitPro/libnds/lib/libnds9.a(sprite_alloc.o)
 .glue_7        0x0201f994        0x0 /opt/devkitPro/libnds/lib/libnds9.a(system.o)
 .glue_7        0x0201f994        0x0 /opt/devkitPro/libnds/lib/libnds9.a(touch.o)
 .glue_7        0x0201f994        0x0 /opt/devkitPro/libnds/lib/libnds9.a(trig.o)
 .glue_7        0x0201f994        0x0 /opt/devkitPro/libnds/lib/libnds9.a(videoGL.o)
 .glue_7        0x0201f994        0x0 /opt/devkitPro/libnds/lib/libnds9.a(dldi.o)
 .glue_7        0x0201f994        0x0 /opt/devkitPro/libnds/lib/libnds9.a(fifosystem.o)
 .glue_7        0x0201f994        0x0 /opt/devkitPro/libnds/lib/libnds9.a(interrupts.o)
 .glue_7        0x0201f994        0x0 /opt/devkitPro/libnds/lib/libnds9.a(dcache.o)
 .glue_7        0x0201f994        0x0 /opt/devkitPro/libnds/lib/libnds9.a(dldi_stub.o)
 .glue_7        0x0201f994        0x0 /opt/devkitPro/libnds/lib/libnds9.a(biosCalls.o)
 .glue_7        0x0201f994        0x0 /opt/devkitPro/libnds/lib/libnds9.a(interruptDispatcher.o)
 .glue_7        0x0201f994        0x0 /opt/devkitPro/libnds/lib/libnds9.a(video.o)
 .glue_7        0x0201f994        0x0 /opt/devkitPro/libnds/lib/libmm9.a(mm_comms.o)
 .glue_7        0x0201f994        0x0 /opt/devkitPro/libnds/lib/libmm9.a(mm_main9.o)
 .glue_7        0x0201f994        0x0 /opt/devkitPro/libnds/lib/libmm9.a(mm_memory.o)
 .glue_7        0x0201f994        0x0 /opt/devkitPro/libnds/lib/libmm9.a(mm_soundbank.o)
 .glue_7        0x0201f994        0x0 /opt/devkitPro/libnds/lib/libmm9.a(mm_flusher.o)
 .glue_7        0x0201f994        0x0 /opt/devkitPro/devkitARM/lib/gcc/arm-eabi/4.3.3/thumb/libgcc.a(_udivsi3.o)
 .glue_7        0x0201f994        0x0 /opt/devkitPro/devkitARM/lib/gcc/arm-eabi/4.3.3/thumb/libgcc.a(_divsi3.o)
 .glue_7        0x0201f994        0x0 /opt/devkitPro/devkitARM/lib/gcc/arm-eabi/4.3.3/thumb/libgcc.a(_dvmd_tls.o)
 .glue_7        0x0201f994        0x0 /opt/devkitPro/devkitARM/lib/gcc/arm-eabi/4.3.3/thumb/libgcc.a(_muldi3.o)
 .glue_7        0x0201f994        0x0 /opt/devkitPro/devkitARM/lib/gcc/arm-eabi/4.3.3/../../../../arm-eabi/lib/thumb/libg.a(lib_a-bsearch.o)
 .glue_7        0x0201f994        0x0 /opt/devkitPro/devkitARM/lib/gcc/arm-eabi/4.3.3/../../../../arm-eabi/lib/thumb/libg.a(lib_a-fclose.o)
 .glue_7        0x0201f994        0x0 /opt/devkitPro/devkitARM/lib/gcc/arm-eabi/4.3.3/../../../../arm-eabi/lib/thumb/libg.a(lib_a-fflush.o)
 .glue_7        0x0201f994        0x0 /opt/devkitPro/devkitARM/lib/gcc/arm-eabi/4.3.3/../../../../arm-eabi/lib/thumb/libg.a(lib_a-findfp.o)
 .glue_7        0x0201f994        0x0 /opt/devkitPro/devkitARM/lib/gcc/arm-eabi/4.3.3/../../../../arm-eabi/lib/thumb/libg.a(lib_a-fopen.o)
 .glue_7        0x0201f994        0x0 /opt/devkitPro/devkitARM/lib/gcc/arm-eabi/4.3.3/../../../../arm-eabi/lib/thumb/libg.a(lib_a-fprintf.o)
 .glue_7        0x0201f994        0x0 /opt/devkitPro/devkitARM/lib/gcc/arm-eabi/4.3.3/../../../../arm-eabi/lib/thumb/libg.a(lib_a-fread.o)
 .glue_7        0x0201f994        0x0 /opt/devkitPro/devkitARM/lib/gcc/arm-eabi/4.3.3/../../../../arm-eabi/lib/thumb/libg.a(lib_a-freer.o)
 .glue_7        0x0201f994        0x0 /opt/devkitPro/devkitARM/lib/gcc/arm-eabi/4.3.3/../../../../arm-eabi/lib/thumb/libg.a(lib_a-fscanf.o)
 .glue_7        0x0201f994        0x0 /opt/devkitPro/devkitARM/lib/gcc/arm-eabi/4.3.3/../../../../arm-eabi/lib/thumb/libg.a(lib_a-fseek.o)
 .glue_7        0x0201f994        0x0 /opt/devkitPro/devkitARM/lib/gcc/arm-eabi/4.3.3/../../../../arm-eabi/lib/thumb/libg.a(lib_a-fwalk.o)
 .glue_7        0x0201f994        0x0 /opt/devkitPro/devkitARM/lib/gcc/arm-eabi/4.3.3/../../../../arm-eabi/lib/thumb/libg.a(lib_a-impure.o)
 .glue_7        0x0201f994        0x0 /opt/devkitPro/devkitARM/lib/gcc/arm-eabi/4.3.3/../../../../arm-eabi/lib/thumb/libg.a(lib_a-init.o)
 .glue_7        0x0201f994        0x0 /opt/devkitPro/devkitARM/lib/gcc/arm-eabi/4.3.3/../../../../arm-eabi/lib/thumb/libg.a(lib_a-lcltime_r.o)
 .glue_7        0x0201f994        0x0 /opt/devkitPro/devkitARM/lib/gcc/arm-eabi/4.3.3/../../../../arm-eabi/lib/thumb/libg.a(lib_a-locale.o)
 .glue_7        0x0201f994        0x0 /opt/devkitPro/devkitARM/lib/gcc/arm-eabi/4.3.3/../../../../arm-eabi/lib/thumb/libg.a(lib_a-makebuf.o)
 .glue_7        0x0201f994        0x0 /opt/devkitPro/devkitARM/lib/gcc/arm-eabi/4.3.3/../../../../arm-eabi/lib/thumb/libg.a(lib_a-malloc.o)
 .glue_7        0x0201f994        0x0 /opt/devkitPro/devkitARM/lib/gcc/arm-eabi/4.3.3/../../../../arm-eabi/lib/thumb/libg.a(lib_a-mallocr.o)
 .glue_7        0x0201f994        0x0 /opt/devkitPro/devkitARM/lib/gcc/arm-eabi/4.3.3/../../../../arm-eabi/lib/thumb/libg.a(lib_a-mbrtowc.o)
 .glue_7        0x0201f994        0x0 /opt/devkitPro/devkitARM/lib/gcc/arm-eabi/4.3.3/../../../../arm-eabi/lib/thumb/libg.a(lib_a-mbsrtowcs.o)
 .glue_7        0x0201f994        0x0 /opt/devkitPro/devkitARM/lib/gcc/arm-eabi/4.3.3/../../../../arm-eabi/lib/thumb/libg.a(lib_a-mbtowc_r.o)
 .glue_7        0x0201f994        0x0 /opt/devkitPro/devkitARM/lib/gcc/arm-eabi/4.3.3/../../../../arm-eabi/lib/thumb/libg.a(lib_a-memcmp.o)
 .glue_7        0x0201f994        0x0 /opt/devkitPro/devkitARM/lib/gcc/arm-eabi/4.3.3/../../../../arm-eabi/lib/thumb/libg.a(lib_a-memcpy.o)
 .glue_7        0x0201f994        0x0 /opt/devkitPro/devkitARM/lib/gcc/arm-eabi/4.3.3/../../../../arm-eabi/lib/thumb/libg.a(lib_a-memmove.o)
 .glue_7        0x0201f994        0x0 /opt/devkitPro/devkitARM/lib/gcc/arm-eabi/4.3.3/../../../../arm-eabi/lib/thumb/libg.a(lib_a-memset.o)
 .glue_7        0x0201f994        0x0 /opt/devkitPro/devkitARM/lib/gcc/arm-eabi/4.3.3/../../../../arm-eabi/lib/thumb/libg.a(lib_a-mktime.o)
 .glue_7        0x0201f994        0x0 /opt/devkitPro/devkitARM/lib/gcc/arm-eabi/4.3.3/../../../../arm-eabi/lib/thumb/libg.a(lib_a-mktm_r.o)
 .glue_7        0x0201f994        0x0 /opt/devkitPro/devkitARM/lib/gcc/arm-eabi/4.3.3/../../../../arm-eabi/lib/thumb/libg.a(lib_a-mlock.o)
 .glue_7        0x0201f994        0x0 /opt/devkitPro/devkitARM/lib/gcc/arm-eabi/4.3.3/../../../../arm-eabi/lib/thumb/libg.a(lib_a-printf.o)
 .glue_7        0x0201f994        0x0 /opt/devkitPro/devkitARM/lib/gcc/arm-eabi/4.3.3/../../../../arm-eabi/lib/thumb/libg.a(lib_a-rand.o)
 .glue_7        0x0201f994        0x0 /opt/devkitPro/devkitARM/lib/gcc/arm-eabi/4.3.3/../../../../arm-eabi/lib/thumb/libg.a(lib_a-realloc.o)
 .glue_7        0x0201f994        0x0 /opt/devkitPro/devkitARM/lib/gcc/arm-eabi/4.3.3/../../../../arm-eabi/lib/thumb/libg.a(lib_a-reallocr.o)
 .glue_7        0x0201f994        0x0 /opt/devkitPro/devkitARM/lib/gcc/arm-eabi/4.3.3/../../../../arm-eabi/lib/thumb/libg.a(lib_a-refill.o)
 .glue_7        0x0201f994        0x0 /opt/devkitPro/devkitARM/lib/gcc/arm-eabi/4.3.3/../../../../arm-eabi/lib/thumb/libg.a(lib_a-stdio.o)
 .glue_7        0x0201f994        0x0 /opt/devkitPro/devkitARM/lib/gcc/arm-eabi/4.3.3/../../../../arm-eabi/lib/thumb/libg.a(lib_a-strchr.o)
 .glue_7        0x0201f994        0x0 /opt/devkitPro/devkitARM/lib/gcc/arm-eabi/4.3.3/../../../../arm-eabi/lib/thumb/libg.a(lib_a-strcmp.o)
 .glue_7        0x0201f994        0x0 /opt/devkitPro/devkitARM/lib/gcc/arm-eabi/4.3.3/../../../../arm-eabi/lib/thumb/libg.a(lib_a-strcpy.o)
 .glue_7        0x0201f994        0x0 /opt/devkitPro/devkitARM/lib/gcc/arm-eabi/4.3.3/../../../../arm-eabi/lib/thumb/libg.a(lib_a-strlen.o)
 .glue_7        0x0201f994        0x0 /opt/devkitPro/devkitARM/lib/gcc/arm-eabi/4.3.3/../../../../arm-eabi/lib/thumb/libg.a(lib_a-strncasecmp.o)
 .glue_7        0x0201f994        0x0 /opt/devkitPro/devkitARM/lib/gcc/arm-eabi/4.3.3/../../../../arm-eabi/lib/thumb/libg.a(lib_a-strncmp.o)
 .glue_7        0x0201f994        0x0 /opt/devkitPro/devkitARM/lib/gcc/arm-eabi/4.3.3/../../../../arm-eabi/lib/thumb/libg.a(lib_a-strncpy.o)
 .glue_7        0x0201f994        0x0 /opt/devkitPro/devkitARM/lib/gcc/arm-eabi/4.3.3/../../../../arm-eabi/lib/thumb/libg.a(lib_a-strnlen.o)
 .glue_7        0x0201f994        0x0 /opt/devkitPro/devkitARM/lib/gcc/arm-eabi/4.3.3/../../../../arm-eabi/lib/thumb/libg.a(lib_a-strpbrk.o)
 .glue_7        0x0201f994        0x0 /opt/devkitPro/devkitARM/lib/gcc/arm-eabi/4.3.3/../../../../arm-eabi/lib/thumb/libg.a(lib_a-strrchr.o)
 .glue_7        0x0201f994        0x0 /opt/devkitPro/devkitARM/lib/gcc/arm-eabi/4.3.3/../../../../arm-eabi/lib/thumb/libg.a(lib_a-sysclose.o)
 .glue_7        0x0201f994        0x0 /opt/devkitPro/devkitARM/lib/gcc/arm-eabi/4.3.3/../../../../arm-eabi/lib/thumb/libg.a(lib_a-syslseek.o)
 .glue_7        0x0201f994        0x0 /opt/devkitPro/devkitARM/lib/gcc/arm-eabi/4.3.3/../../../../arm-eabi/lib/thumb/libg.a(lib_a-sysopen.o)
 .glue_7        0x0201f994        0x0 /opt/devkitPro/devkitARM/lib/gcc/arm-eabi/4.3.3/../../../../arm-eabi/lib/thumb/libg.a(lib_a-sysread.o)
 .glue_7        0x0201f994        0x0 /opt/devkitPro/devkitARM/lib/gcc/arm-eabi/4.3.3/../../../../arm-eabi/lib/thumb/libg.a(lib_a-time.o)
 .glue_7        0x0201f994        0x0 /opt/devkitPro/devkitARM/lib/gcc/arm-eabi/4.3.3/../../../../arm-eabi/lib/thumb/libg.a(lib_a-towlower.o)
 .glue_7        0x0201f994        0x0 /opt/devkitPro/devkitARM/lib/gcc/arm-eabi/4.3.3/../../../../arm-eabi/lib/thumb/libg.a(lib_a-towupper.o)
 .glue_7        0x0201f994        0x0 /opt/devkitPro/devkitARM/lib/gcc/arm-eabi/4.3.3/../../../../arm-eabi/lib/thumb/libg.a(lib_a-tzlock.o)
 .glue_7        0x0201f994        0x0 /opt/devkitPro/devkitARM/lib/gcc/arm-eabi/4.3.3/../../../../arm-eabi/lib/thumb/libg.a(lib_a-tzvars.o)
 .glue_7        0x0201f994        0x0 /opt/devkitPro/devkitARM/lib/gcc/arm-eabi/4.3.3/../../../../arm-eabi/lib/thumb/libg.a(lib_a-vfprintf.o)
 .glue_7        0x0201f994        0x0 /opt/devkitPro/devkitARM/lib/gcc/arm-eabi/4.3.3/../../../../arm-eabi/lib/thumb/libg.a(lib_a-vfscanf.o)
 .glue_7        0x0201f994        0x0 /opt/devkitPro/devkitARM/lib/gcc/arm-eabi/4.3.3/../../../../arm-eabi/lib/thumb/libg.a(lib_a-wcrtomb.o)
 .glue_7        0x0201f994        0x0 /opt/devkitPro/devkitARM/lib/gcc/arm-eabi/4.3.3/../../../../arm-eabi/lib/thumb/libg.a(lib_a-wcsrtombs.o)
 .glue_7        0x0201f994        0x0 /opt/devkitPro/devkitARM/lib/gcc/arm-eabi/4.3.3/../../../../arm-eabi/lib/thumb/libg.a(lib_a-wctob.o)
 .glue_7        0x0201f994        0x0 /opt/devkitPro/devkitARM/lib/gcc/arm-eabi/4.3.3/../../../../arm-eabi/lib/thumb/libg.a(lib_a-wctomb_r.o)
 .glue_7        0x0201f994        0x0 /opt/devkitPro/devkitARM/lib/gcc/arm-eabi/4.3.3/../../../../arm-eabi/lib/thumb/libg.a(lib_a-wsetup.o)
 .glue_7        0x0201f994        0x0 /opt/devkitPro/devkitARM/lib/gcc/arm-eabi/4.3.3/../../../../arm-eabi/lib/thumb/libg.a(lib_a-ctype_.o)
 .glue_7        0x0201f994        0x0 /opt/devkitPro/devkitARM/lib/gcc/arm-eabi/4.3.3/../../../../arm-eabi/lib/thumb/libg.a(lib_a-div.o)
 .glue_7        0x0201f994        0x0 /opt/devkitPro/devkitARM/lib/gcc/arm-eabi/4.3.3/../../../../arm-eabi/lib/thumb/libg.a(lib_a-dtoa.o)
 .glue_7        0x0201f994        0x0 /opt/devkitPro/devkitARM/lib/gcc/arm-eabi/4.3.3/../../../../arm-eabi/lib/thumb/libg.a(lib_a-flags.o)
 .glue_7        0x0201f994        0x0 /opt/devkitPro/devkitARM/lib/gcc/arm-eabi/4.3.3/../../../../arm-eabi/lib/thumb/libg.a(lib_a-fvwrite.o)
 .glue_7        0x0201f994        0x0 /opt/devkitPro/devkitARM/lib/gcc/arm-eabi/4.3.3/../../../../arm-eabi/lib/thumb/libg.a(lib_a-gettzinfo.o)
 .glue_7        0x0201f994        0x0 /opt/devkitPro/devkitARM/lib/gcc/arm-eabi/4.3.3/../../../../arm-eabi/lib/thumb/libg.a(lib_a-iswspace.o)
 .glue_7        0x0201f994        0x0 /opt/devkitPro/devkitARM/lib/gcc/arm-eabi/4.3.3/../../../../arm-eabi/lib/thumb/libg.a(lib_a-jp2uc.o)
 .glue_7        0x0201f994        0x0 /opt/devkitPro/devkitARM/lib/gcc/arm-eabi/4.3.3/../../../../arm-eabi/lib/thumb/libg.a(lib_a-memchr.o)
 .glue_7        0x0201f994        0x0 /opt/devkitPro/devkitARM/lib/gcc/arm-eabi/4.3.3/../../../../arm-eabi/lib/thumb/libg.a(lib_a-mprec.o)
 .glue_7        0x0201f994        0x0 /opt/devkitPro/devkitARM/lib/gcc/arm-eabi/4.3.3/../../../../arm-eabi/lib/thumb/libg.a(lib_a-s_isinfd.o)
 .glue_7        0x0201f994        0x0 /opt/devkitPro/devkitARM/lib/gcc/arm-eabi/4.3.3/../../../../arm-eabi/lib/thumb/libg.a(lib_a-s_isnand.o)
 .glue_7        0x0201f994        0x0 /opt/devkitPro/devkitARM/lib/gcc/arm-eabi/4.3.3/../../../../arm-eabi/lib/thumb/libg.a(lib_a-sccl.o)
 .glue_7        0x0201f994        0x0 /opt/devkitPro/devkitARM/lib/gcc/arm-eabi/4.3.3/../../../../arm-eabi/lib/thumb/libg.a(lib_a-sf_nan.o)
 .glue_7        0x0201f994        0x0 /opt/devkitPro/devkitARM/lib/gcc/arm-eabi/4.3.3/../../../../arm-eabi/lib/thumb/libg.a(lib_a-sprintf.o)
 .glue_7        0x0201f994        0x0 /opt/devkitPro/devkitARM/lib/gcc/arm-eabi/4.3.3/../../../../arm-eabi/lib/thumb/libg.a(lib_a-strtod.o)
 .glue_7        0x0201f994        0x0 /opt/devkitPro/devkitARM/lib/gcc/arm-eabi/4.3.3/../../../../arm-eabi/lib/thumb/libg.a(lib_a-strtol.o)
 .glue_7        0x0201f994        0x0 /opt/devkitPro/devkitARM/lib/gcc/arm-eabi/4.3.3/../../../../arm-eabi/lib/thumb/libg.a(lib_a-strtoul.o)
 .glue_7        0x0201f994        0x0 /opt/devkitPro/devkitARM/lib/gcc/arm-eabi/4.3.3/../../../../arm-eabi/lib/thumb/libg.a(lib_a-svfprintf.o)
 .glue_7        0x0201f994        0x0 /opt/devkitPro/devkitARM/lib/gcc/arm-eabi/4.3.3/../../../../arm-eabi/lib/thumb/libg.a(lib_a-ungetc.o)
 .glue_7        0x0201f994        0x0 /opt/devkitPro/devkitARM/lib/gcc/arm-eabi/4.3.3/../../../../arm-eabi/lib/thumb/libg.a(lib_a-callocr.o)
 .glue_7        0x0201f994        0x0 /opt/devkitPro/devkitARM/lib/gcc/arm-eabi/4.3.3/../../../../arm-eabi/lib/thumb/libg.a(lib_a-gdtoa-gethex.o)
 .glue_7        0x0201f994        0x0 /opt/devkitPro/devkitARM/lib/gcc/arm-eabi/4.3.3/../../../../arm-eabi/lib/thumb/libg.a(lib_a-gdtoa-hexnan.o)
 .glue_7        0x0201f994        0x0 /opt/devkitPro/devkitARM/lib/gcc/arm-eabi/4.3.3/../../../../arm-eabi/lib/thumb/libsysbase.a(iosupport.o)
 .glue_7        0x0201f994        0x0 /opt/devkitPro/devkitARM/lib/gcc/arm-eabi/4.3.3/../../../../arm-eabi/lib/thumb/libsysbase.a(close.o)
 .glue_7        0x0201f994        0x0 /opt/devkitPro/devkitARM/lib/gcc/arm-eabi/4.3.3/../../../../arm-eabi/lib/thumb/libsysbase.a(fstat.o)
 .glue_7        0x0201f994        0x0 /opt/devkitPro/devkitARM/lib/gcc/arm-eabi/4.3.3/../../../../arm-eabi/lib/thumb/libsysbase.a(isatty.o)
 .glue_7        0x0201f994        0x0 /opt/devkitPro/devkitARM/lib/gcc/arm-eabi/4.3.3/../../../../arm-eabi/lib/thumb/libsysbase.a(lseek.o)
 .glue_7        0x0201f994        0x0 /opt/devkitPro/devkitARM/lib/gcc/arm-eabi/4.3.3/../../../../arm-eabi/lib/thumb/libsysbase.a(open.o)
 .glue_7        0x0201f994        0x0 /opt/devkitPro/devkitARM/lib/gcc/arm-eabi/4.3.3/../../../../arm-eabi/lib/thumb/libsysbase.a(read.o)
 .glue_7        0x0201f994        0x0 /opt/devkitPro/devkitARM/lib/gcc/arm-eabi/4.3.3/../../../../arm-eabi/lib/thumb/libsysbase.a(sbrk.o)
 .glue_7        0x0201f994        0x0 /opt/devkitPro/devkitARM/lib/gcc/arm-eabi/4.3.3/../../../../arm-eabi/lib/thumb/libsysbase.a(times.o)
 .glue_7        0x0201f994        0x0 /opt/devkitPro/devkitARM/lib/gcc/arm-eabi/4.3.3/../../../../arm-eabi/lib/thumb/libsysbase.a(write.o)
 .glue_7        0x0201f994        0x0 /opt/devkitPro/devkitARM/lib/gcc/arm-eabi/4.3.3/../../../../arm-eabi/lib/thumb/libsysbase.a(malloc_vars.o)
 .glue_7        0x0201f994        0x0 /opt/devkitPro/devkitARM/lib/gcc/arm-eabi/4.3.3/../../../../arm-eabi/lib/thumb/libsysbase.a(chdir.o)
 .glue_7        0x0201f994        0x0 /opt/devkitPro/devkitARM/lib/gcc/arm-eabi/4.3.3/../../../../arm-eabi/lib/thumb/libsysbase.a(build_argv.o)
 .glue_7        0x0201f994        0x0 /opt/devkitPro/devkitARM/lib/gcc/arm-eabi/4.3.3/../../../../arm-eabi/lib/thumb/libsysbase.a(handle_manager.o)
 .glue_7        0x0201f994        0x0 /opt/devkitPro/devkitARM/lib/gcc/arm-eabi/4.3.3/thumb/libgcc.a(_addsubdf3.o)
 .glue_7        0x0201f994        0x0 /opt/devkitPro/devkitARM/lib/gcc/arm-eabi/4.3.3/thumb/libgcc.a(_muldivdf3.o)
 .glue_7        0x0201f994        0x0 /opt/devkitPro/devkitARM/lib/gcc/arm-eabi/4.3.3/thumb/libgcc.a(_cmpdf2.o)
 .glue_7        0x0201f994        0x0 /opt/devkitPro/devkitARM/lib/gcc/arm-eabi/4.3.3/thumb/libgcc.a(_fixdfsi.o)
 .glue_7        0x0201f994        0x0 /opt/devkitPro/devkitARM/lib/gcc/arm-eabi/4.3.3/thumb/libgcc.a(_fixunsdfsi.o)
 .glue_7        0x0201f994        0x0 /opt/devkitPro/devkitARM/lib/gcc/arm-eabi/4.3.3/thumb/libgcc.a(_truncdfsf2.o)
 .glue_7        0x0201f994        0x0 /opt/devkitPro/devkitARM/lib/gcc/arm-eabi/4.3.3/../../../../arm-eabi/lib/thumb/libg.a(lib_a-errno.o)
 .glue_7        0x0201f994        0x0 /opt/devkitPro/devkitARM/lib/gcc/arm-eabi/4.3.3/thumb/crtend.o
 .glue_7        0x0201f994        0x0 /opt/devkitPro/devkitARM/lib/gcc/arm-eabi/4.3.3/thumb/crtn.o
 *(.glue_7t)
 .glue_7t       0x0201f994        0x0 /opt/devkitPro/devkitARM/lib/gcc/arm-eabi/4.3.3/../../../../arm-eabi/lib/thumb/ds_arm9_crt0.o
 .glue_7t       0x0201f994        0x0 /opt/devkitPro/devkitARM/lib/gcc/arm-eabi/4.3.3/thumb/crti.o
 .glue_7t       0x0201f994        0x0 /opt/devkitPro/devkitARM/lib/gcc/arm-eabi/4.3.3/thumb/crtbegin.o
 .glue_7t       0x0201f994        0x0 soundbank.bin.o
 .glue_7t       0x0201f994        0x0 alexxzandrite.o
 .glue_7t       0x0201f994        0x0 amazonite.o
 .glue_7t       0x0201f994        0x0 background.o
 .glue_7t       0x0201f994        0x0 bronze.o
 .glue_7t       0x0201f994        0x0 controls.o
 .glue_7t       0x0201f994        0x0 diamond.o
 .glue_7t       0x0201f994        0x0 FONDS.o
 .glue_7t       0x0201f994        0x0 Game-Over.o
 .glue_7t       0x0201f994        0x0 launcherImage.o
 .glue_7t       0x0201f994        0x0 numbers.o
 .glue_7t       0x0201f994        0x0 numbers_small.o
 .glue_7t       0x0201f994        0x0 PlayerHorizontal.o
 .glue_7t       0x0201f994        0x0 PlayerVertical.o
 .glue_7t       0x0201f994        0x0 press_to_begin.o
 .glue_7t       0x0201f994        0x0 game.o
 .glue_7t       0x0201f994        0x0 graphics_main.o
 .glue_7t       0x0201f994        0x0 graphics_sub.o
 .glue_7t       0x0201f994        0x0 main.o
 .glue_7t       0x0201f994        0x0 mineral.o
 .glue_7t       0x0201f994        0x0 P_Audio.o
 .glue_7t       0x0201f994        0x0 P_Score.o
 .glue_7t       0x0201f994        0x0 timer_game.o
 .glue_7t       0x0201f994        0x0 /opt/devkitPro/libnds/lib/libfat.a(libfat.o)
 .glue_7t       0x0201f994        0x0 /opt/devkitPro/libnds/lib/libfat.a(partition.o)
 .glue_7t       0x0201f994        0x0 /opt/devkitPro/libnds/lib/libfat.a(cache.o)
 .glue_7t       0x0201f994        0x0 /opt/devkitPro/libnds/lib/libfat.a(disc.o)
 .glue_7t       0x0201f994        0x0 /opt/devkitPro/libnds/lib/libfat.a(fatdir.o)
 .glue_7t       0x0201f994        0x0 /opt/devkitPro/libnds/lib/libfat.a(fatfile.o)
 .glue_7t       0x0201f994        0x0 /opt/devkitPro/libnds/lib/libfat.a(file_allocation_table.o)
 .glue_7t       0x0201f994        0x0 /opt/devkitPro/libnds/lib/libfat.a(filetime.o)
 .glue_7t       0x0201f994        0x0 /opt/devkitPro/libnds/lib/libfat.a(directory.o)
 .glue_7t       0x0201f994        0x0 /opt/devkitPro/libnds/lib/libnds9.a(initSystem.o)
 .glue_7t       0x0201f994        0x0 /opt/devkitPro/libnds/lib/libnds9.a(keys.o)
 .glue_7t       0x0201f994        0x0 /opt/devkitPro/libnds/lib/libnds9.a(sprite.o)
 .glue_7t       0x0201f994        0x0 /opt/devkitPro/libnds/lib/libnds9.a(sprite_alloc.o)
 .glue_7t       0x0201f994        0x0 /opt/devkitPro/libnds/lib/libnds9.a(system.o)
 .glue_7t       0x0201f994        0x0 /opt/devkitPro/libnds/lib/libnds9.a(touch.o)
 .glue_7t       0x0201f994        0x0 /opt/devkitPro/libnds/lib/libnds9.a(trig.o)
 .glue_7t       0x0201f994        0x0 /opt/devkitPro/libnds/lib/libnds9.a(videoGL.o)
 .glue_7t       0x0201f994        0x0 /opt/devkitPro/libnds/lib/libnds9.a(dldi.o)
 .glue_7t       0x0201f994        0x0 /opt/devkitPro/libnds/lib/libnds9.a(fifosystem.o)
 .glue_7t       0x0201f994        0x0 /opt/devkitPro/libnds/lib/libnds9.a(interrupts.o)
 .glue_7t       0x0201f994        0x0 /opt/devkitPro/libnds/lib/libnds9.a(dcache.o)
 .glue_7t       0x0201f994        0x0 /opt/devkitPro/libnds/lib/libnds9.a(dldi_stub.o)
 .glue_7t       0x0201f994        0x0 /opt/devkitPro/libnds/lib/libnds9.a(biosCalls.o)
 .glue_7t       0x0201f994        0x0 /opt/devkitPro/libnds/lib/libnds9.a(interruptDispatcher.o)
 .glue_7t       0x0201f994        0x0 /opt/devkitPro/libnds/lib/libnds9.a(video.o)
 .glue_7t       0x0201f994        0x0 /opt/devkitPro/libnds/lib/libmm9.a(mm_comms.o)
 .glue_7t       0x0201f994        0x0 /opt/devkitPro/libnds/lib/libmm9.a(mm_main9.o)
 .glue_7t       0x0201f994        0x0 /opt/devkitPro/libnds/lib/libmm9.a(mm_memory.o)
 .glue_7t       0x0201f994        0x0 /opt/devkitPro/libnds/lib/libmm9.a(mm_soundbank.o)
 .glue_7t       0x0201f994        0x0 /opt/devkitPro/libnds/lib/libmm9.a(mm_flusher.o)
 .glue_7t       0x0201f994        0x0 /opt/devkitPro/devkitARM/lib/gcc/arm-eabi/4.3.3/thumb/libgcc.a(_udivsi3.o)
 .glue_7t       0x0201f994        0x0 /opt/devkitPro/devkitARM/lib/gcc/arm-eabi/4.3.3/thumb/libgcc.a(_divsi3.o)
 .glue_7t       0x0201f994        0x0 /opt/devkitPro/devkitARM/lib/gcc/arm-eabi/4.3.3/thumb/libgcc.a(_dvmd_tls.o)
 .glue_7t       0x0201f994        0x0 /opt/devkitPro/devkitARM/lib/gcc/arm-eabi/4.3.3/thumb/libgcc.a(_muldi3.o)
 .glue_7t       0x0201f994        0x0 /opt/devkitPro/devkitARM/lib/gcc/arm-eabi/4.3.3/../../../../arm-eabi/lib/thumb/libg.a(lib_a-bsearch.o)
 .glue_7t       0x0201f994        0x0 /opt/devkitPro/devkitARM/lib/gcc/arm-eabi/4.3.3/../../../../arm-eabi/lib/thumb/libg.a(lib_a-fclose.o)
 .glue_7t       0x0201f994        0x0 /opt/devkitPro/devkitARM/lib/gcc/arm-eabi/4.3.3/../../../../arm-eabi/lib/thumb/libg.a(lib_a-fflush.o)
 .glue_7t       0x0201f994        0x0 /opt/devkitPro/devkitARM/lib/gcc/arm-eabi/4.3.3/../../../../arm-eabi/lib/thumb/libg.a(lib_a-findfp.o)
 .glue_7t       0x0201f994        0x0 /opt/devkitPro/devkitARM/lib/gcc/arm-eabi/4.3.3/../../../../arm-eabi/lib/thumb/libg.a(lib_a-fopen.o)
 .glue_7t       0x0201f994        0x0 /opt/devkitPro/devkitARM/lib/gcc/arm-eabi/4.3.3/../../../../arm-eabi/lib/thumb/libg.a(lib_a-fprintf.o)
 .glue_7t       0x0201f994        0x0 /opt/devkitPro/devkitARM/lib/gcc/arm-eabi/4.3.3/../../../../arm-eabi/lib/thumb/libg.a(lib_a-fread.o)
 .glue_7t       0x0201f994        0x0 /opt/devkitPro/devkitARM/lib/gcc/arm-eabi/4.3.3/../../../../arm-eabi/lib/thumb/libg.a(lib_a-freer.o)
 .glue_7t       0x0201f994        0x0 /opt/devkitPro/devkitARM/lib/gcc/arm-eabi/4.3.3/../../../../arm-eabi/lib/thumb/libg.a(lib_a-fscanf.o)
 .glue_7t       0x0201f994        0x0 /opt/devkitPro/devkitARM/lib/gcc/arm-eabi/4.3.3/../../../../arm-eabi/lib/thumb/libg.a(lib_a-fseek.o)
 .glue_7t       0x0201f994        0x0 /opt/devkitPro/devkitARM/lib/gcc/arm-eabi/4.3.3/../../../../arm-eabi/lib/thumb/libg.a(lib_a-fwalk.o)
 .glue_7t       0x0201f994        0x0 /opt/devkitPro/devkitARM/lib/gcc/arm-eabi/4.3.3/../../../../arm-eabi/lib/thumb/libg.a(lib_a-impure.o)
 .glue_7t       0x0201f994        0x0 /opt/devkitPro/devkitARM/lib/gcc/arm-eabi/4.3.3/../../../../arm-eabi/lib/thumb/libg.a(lib_a-init.o)
 .glue_7t       0x0201f994        0x0 /opt/devkitPro/devkitARM/lib/gcc/arm-eabi/4.3.3/../../../../arm-eabi/lib/thumb/libg.a(lib_a-lcltime_r.o)
 .glue_7t       0x0201f994        0x0 /opt/devkitPro/devkitARM/lib/gcc/arm-eabi/4.3.3/../../../../arm-eabi/lib/thumb/libg.a(lib_a-locale.o)
 .glue_7t       0x0201f994        0x0 /opt/devkitPro/devkitARM/lib/gcc/arm-eabi/4.3.3/../../../../arm-eabi/lib/thumb/libg.a(lib_a-makebuf.o)
 .glue_7t       0x0201f994        0x0 /opt/devkitPro/devkitARM/lib/gcc/arm-eabi/4.3.3/../../../../arm-eabi/lib/thumb/libg.a(lib_a-malloc.o)
 .glue_7t       0x0201f994        0x0 /opt/devkitPro/devkitARM/lib/gcc/arm-eabi/4.3.3/../../../../arm-eabi/lib/thumb/libg.a(lib_a-mallocr.o)
 .glue_7t       0x0201f994        0x0 /opt/devkitPro/devkitARM/lib/gcc/arm-eabi/4.3.3/../../../../arm-eabi/lib/thumb/libg.a(lib_a-mbrtowc.o)
 .glue_7t       0x0201f994        0x0 /opt/devkitPro/devkitARM/lib/gcc/arm-eabi/4.3.3/../../../../arm-eabi/lib/thumb/libg.a(lib_a-mbsrtowcs.o)
 .glue_7t       0x0201f994        0x0 /opt/devkitPro/devkitARM/lib/gcc/arm-eabi/4.3.3/../../../../arm-eabi/lib/thumb/libg.a(lib_a-mbtowc_r.o)
 .glue_7t       0x0201f994        0x0 /opt/devkitPro/devkitARM/lib/gcc/arm-eabi/4.3.3/../../../../arm-eabi/lib/thumb/libg.a(lib_a-memcmp.o)
 .glue_7t       0x0201f994        0x0 /opt/devkitPro/devkitARM/lib/gcc/arm-eabi/4.3.3/../../../../arm-eabi/lib/thumb/libg.a(lib_a-memcpy.o)
 .glue_7t       0x0201f994        0x0 /opt/devkitPro/devkitARM/lib/gcc/arm-eabi/4.3.3/../../../../arm-eabi/lib/thumb/libg.a(lib_a-memmove.o)
 .glue_7t       0x0201f994        0x0 /opt/devkitPro/devkitARM/lib/gcc/arm-eabi/4.3.3/../../../../arm-eabi/lib/thumb/libg.a(lib_a-memset.o)
 .glue_7t       0x0201f994        0x0 /opt/devkitPro/devkitARM/lib/gcc/arm-eabi/4.3.3/../../../../arm-eabi/lib/thumb/libg.a(lib_a-mktime.o)
 .glue_7t       0x0201f994        0x0 /opt/devkitPro/devkitARM/lib/gcc/arm-eabi/4.3.3/../../../../arm-eabi/lib/thumb/libg.a(lib_a-mktm_r.o)
 .glue_7t       0x0201f994        0x0 /opt/devkitPro/devkitARM/lib/gcc/arm-eabi/4.3.3/../../../../arm-eabi/lib/thumb/libg.a(lib_a-mlock.o)
 .glue_7t       0x0201f994        0x0 /opt/devkitPro/devkitARM/lib/gcc/arm-eabi/4.3.3/../../../../arm-eabi/lib/thumb/libg.a(lib_a-printf.o)
 .glue_7t       0x0201f994        0x0 /opt/devkitPro/devkitARM/lib/gcc/arm-eabi/4.3.3/../../../../arm-eabi/lib/thumb/libg.a(lib_a-rand.o)
 .glue_7t       0x0201f994        0x0 /opt/devkitPro/devkitARM/lib/gcc/arm-eabi/4.3.3/../../../../arm-eabi/lib/thumb/libg.a(lib_a-realloc.o)
 .glue_7t       0x0201f994        0x0 /opt/devkitPro/devkitARM/lib/gcc/arm-eabi/4.3.3/../../../../arm-eabi/lib/thumb/libg.a(lib_a-reallocr.o)
 .glue_7t       0x0201f994        0x0 /opt/devkitPro/devkitARM/lib/gcc/arm-eabi/4.3.3/../../../../arm-eabi/lib/thumb/libg.a(lib_a-refill.o)
 .glue_7t       0x0201f994        0x0 /opt/devkitPro/devkitARM/lib/gcc/arm-eabi/4.3.3/../../../../arm-eabi/lib/thumb/libg.a(lib_a-stdio.o)
 .glue_7t       0x0201f994        0x0 /opt/devkitPro/devkitARM/lib/gcc/arm-eabi/4.3.3/../../../../arm-eabi/lib/thumb/libg.a(lib_a-strchr.o)
 .glue_7t       0x0201f994        0x0 /opt/devkitPro/devkitARM/lib/gcc/arm-eabi/4.3.3/../../../../arm-eabi/lib/thumb/libg.a(lib_a-strcmp.o)
 .glue_7t       0x0201f994        0x0 /opt/devkitPro/devkitARM/lib/gcc/arm-eabi/4.3.3/../../../../arm-eabi/lib/thumb/libg.a(lib_a-strcpy.o)
 .glue_7t       0x0201f994        0x0 /opt/devkitPro/devkitARM/lib/gcc/arm-eabi/4.3.3/../../../../arm-eabi/lib/thumb/libg.a(lib_a-strlen.o)
 .glue_7t       0x0201f994        0x0 /opt/devkitPro/devkitARM/lib/gcc/arm-eabi/4.3.3/../../../../arm-eabi/lib/thumb/libg.a(lib_a-strncasecmp.o)
 .glue_7t       0x0201f994        0x0 /opt/devkitPro/devkitARM/lib/gcc/arm-eabi/4.3.3/../../../../arm-eabi/lib/thumb/libg.a(lib_a-strncmp.o)
 .glue_7t       0x0201f994        0x0 /opt/devkitPro/devkitARM/lib/gcc/arm-eabi/4.3.3/../../../../arm-eabi/lib/thumb/libg.a(lib_a-strncpy.o)
 .glue_7t       0x0201f994        0x0 /opt/devkitPro/devkitARM/lib/gcc/arm-eabi/4.3.3/../../../../arm-eabi/lib/thumb/libg.a(lib_a-strnlen.o)
 .glue_7t       0x0201f994        0x0 /opt/devkitPro/devkitARM/lib/gcc/arm-eabi/4.3.3/../../../../arm-eabi/lib/thumb/libg.a(lib_a-strpbrk.o)
 .glue_7t       0x0201f994        0x0 /opt/devkitPro/devkitARM/lib/gcc/arm-eabi/4.3.3/../../../../arm-eabi/lib/thumb/libg.a(lib_a-strrchr.o)
 .glue_7t       0x0201f994        0x0 /opt/devkitPro/devkitARM/lib/gcc/arm-eabi/4.3.3/../../../../arm-eabi/lib/thumb/libg.a(lib_a-sysclose.o)
 .glue_7t       0x0201f994        0x0 /opt/devkitPro/devkitARM/lib/gcc/arm-eabi/4.3.3/../../../../arm-eabi/lib/thumb/libg.a(lib_a-syslseek.o)
 .glue_7t       0x0201f994        0x0 /opt/devkitPro/devkitARM/lib/gcc/arm-eabi/4.3.3/../../../../arm-eabi/lib/thumb/libg.a(lib_a-sysopen.o)
 .glue_7t       0x0201f994        0x0 /opt/devkitPro/devkitARM/lib/gcc/arm-eabi/4.3.3/../../../../arm-eabi/lib/thumb/libg.a(lib_a-sysread.o)
 .glue_7t       0x0201f994        0x0 /opt/devkitPro/devkitARM/lib/gcc/arm-eabi/4.3.3/../../../../arm-eabi/lib/thumb/libg.a(lib_a-time.o)
 .glue_7t       0x0201f994        0x0 /opt/devkitPro/devkitARM/lib/gcc/arm-eabi/4.3.3/../../../../arm-eabi/lib/thumb/libg.a(lib_a-towlower.o)
 .glue_7t       0x0201f994        0x0 /opt/devkitPro/devkitARM/lib/gcc/arm-eabi/4.3.3/../../../../arm-eabi/lib/thumb/libg.a(lib_a-towupper.o)
 .glue_7t       0x0201f994        0x0 /opt/devkitPro/devkitARM/lib/gcc/arm-eabi/4.3.3/../../../../arm-eabi/lib/thumb/libg.a(lib_a-tzlock.o)
 .glue_7t       0x0201f994        0x0 /opt/devkitPro/devkitARM/lib/gcc/arm-eabi/4.3.3/../../../../arm-eabi/lib/thumb/libg.a(lib_a-tzvars.o)
 .glue_7t       0x0201f994        0x0 /opt/devkitPro/devkitARM/lib/gcc/arm-eabi/4.3.3/../../../../arm-eabi/lib/thumb/libg.a(lib_a-vfprintf.o)
 .glue_7t       0x0201f994        0x0 /opt/devkitPro/devkitARM/lib/gcc/arm-eabi/4.3.3/../../../../arm-eabi/lib/thumb/libg.a(lib_a-vfscanf.o)
 .glue_7t       0x0201f994        0x0 /opt/devkitPro/devkitARM/lib/gcc/arm-eabi/4.3.3/../../../../arm-eabi/lib/thumb/libg.a(lib_a-wcrtomb.o)
 .glue_7t       0x0201f994        0x0 /opt/devkitPro/devkitARM/lib/gcc/arm-eabi/4.3.3/../../../../arm-eabi/lib/thumb/libg.a(lib_a-wcsrtombs.o)
 .glue_7t       0x0201f994        0x0 /opt/devkitPro/devkitARM/lib/gcc/arm-eabi/4.3.3/../../../../arm-eabi/lib/thumb/libg.a(lib_a-wctob.o)
 .glue_7t       0x0201f994        0x0 /opt/devkitPro/devkitARM/lib/gcc/arm-eabi/4.3.3/../../../../arm-eabi/lib/thumb/libg.a(lib_a-wctomb_r.o)
 .glue_7t       0x0201f994        0x0 /opt/devkitPro/devkitARM/lib/gcc/arm-eabi/4.3.3/../../../../arm-eabi/lib/thumb/libg.a(lib_a-wsetup.o)
 .glue_7t       0x0201f994        0x0 /opt/devkitPro/devkitARM/lib/gcc/arm-eabi/4.3.3/../../../../arm-eabi/lib/thumb/libg.a(lib_a-ctype_.o)
 .glue_7t       0x0201f994        0x0 /opt/devkitPro/devkitARM/lib/gcc/arm-eabi/4.3.3/../../../../arm-eabi/lib/thumb/libg.a(lib_a-div.o)
 .glue_7t       0x0201f994        0x0 /opt/devkitPro/devkitARM/lib/gcc/arm-eabi/4.3.3/../../../../arm-eabi/lib/thumb/libg.a(lib_a-dtoa.o)
 .glue_7t       0x0201f994        0x0 /opt/devkitPro/devkitARM/lib/gcc/arm-eabi/4.3.3/../../../../arm-eabi/lib/thumb/libg.a(lib_a-flags.o)
 .glue_7t       0x0201f994        0x0 /opt/devkitPro/devkitARM/lib/gcc/arm-eabi/4.3.3/../../../../arm-eabi/lib/thumb/libg.a(lib_a-fvwrite.o)
 .glue_7t       0x0201f994        0x0 /opt/devkitPro/devkitARM/lib/gcc/arm-eabi/4.3.3/../../../../arm-eabi/lib/thumb/libg.a(lib_a-gettzinfo.o)
 .glue_7t       0x0201f994        0x0 /opt/devkitPro/devkitARM/lib/gcc/arm-eabi/4.3.3/../../../../arm-eabi/lib/thumb/libg.a(lib_a-iswspace.o)
 .glue_7t       0x0201f994        0x0 /opt/devkitPro/devkitARM/lib/gcc/arm-eabi/4.3.3/../../../../arm-eabi/lib/thumb/libg.a(lib_a-jp2uc.o)
 .glue_7t       0x0201f994        0x0 /opt/devkitPro/devkitARM/lib/gcc/arm-eabi/4.3.3/../../../../arm-eabi/lib/thumb/libg.a(lib_a-memchr.o)
 .glue_7t       0x0201f994        0x0 /opt/devkitPro/devkitARM/lib/gcc/arm-eabi/4.3.3/../../../../arm-eabi/lib/thumb/libg.a(lib_a-mprec.o)
 .glue_7t       0x0201f994        0x0 /opt/devkitPro/devkitARM/lib/gcc/arm-eabi/4.3.3/../../../../arm-eabi/lib/thumb/libg.a(lib_a-s_isinfd.o)
 .glue_7t       0x0201f994        0x0 /opt/devkitPro/devkitARM/lib/gcc/arm-eabi/4.3.3/../../../../arm-eabi/lib/thumb/libg.a(lib_a-s_isnand.o)
 .glue_7t       0x0201f994        0x0 /opt/devkitPro/devkitARM/lib/gcc/arm-eabi/4.3.3/../../../../arm-eabi/lib/thumb/libg.a(lib_a-sccl.o)
 .glue_7t       0x0201f994        0x0 /opt/devkitPro/devkitARM/lib/gcc/arm-eabi/4.3.3/../../../../arm-eabi/lib/thumb/libg.a(lib_a-sf_nan.o)
 .glue_7t       0x0201f994        0x0 /opt/devkitPro/devkitARM/lib/gcc/arm-eabi/4.3.3/../../../../arm-eabi/lib/thumb/libg.a(lib_a-sprintf.o)
 .glue_7t       0x0201f994        0x0 /opt/devkitPro/devkitARM/lib/gcc/arm-eabi/4.3.3/../../../../arm-eabi/lib/thumb/libg.a(lib_a-strtod.o)
 .glue_7t       0x0201f994        0x0 /opt/devkitPro/devkitARM/lib/gcc/arm-eabi/4.3.3/../../../../arm-eabi/lib/thumb/libg.a(lib_a-strtol.o)
 .glue_7t       0x0201f994        0x0 /opt/devkitPro/devkitARM/lib/gcc/arm-eabi/4.3.3/../../../../arm-eabi/lib/thumb/libg.a(lib_a-strtoul.o)
 .glue_7t       0x0201f994        0x0 /opt/devkitPro/devkitARM/lib/gcc/arm-eabi/4.3.3/../../../../arm-eabi/lib/thumb/libg.a(lib_a-svfprintf.o)
 .glue_7t       0x0201f994        0x0 /opt/devkitPro/devkitARM/lib/gcc/arm-eabi/4.3.3/../../../../arm-eabi/lib/thumb/libg.a(lib_a-ungetc.o)
 .glue_7t       0x0201f994        0x0 /opt/devkitPro/devkitARM/lib/gcc/arm-eabi/4.3.3/../../../../arm-eabi/lib/thumb/libg.a(lib_a-callocr.o)
 .glue_7t       0x0201f994        0x0 /opt/devkitPro/devkitARM/lib/gcc/arm-eabi/4.3.3/../../../../arm-eabi/lib/thumb/libg.a(lib_a-gdtoa-gethex.o)
 .glue_7t       0x0201f994        0x0 /opt/devkitPro/devkitARM/lib/gcc/arm-eabi/4.3.3/../../../../arm-eabi/lib/thumb/libg.a(lib_a-gdtoa-hexnan.o)
 .glue_7t       0x0201f994        0x0 /opt/devkitPro/devkitARM/lib/gcc/arm-eabi/4.3.3/../../../../arm-eabi/lib/thumb/libsysbase.a(iosupport.o)
 .glue_7t       0x0201f994        0x0 /opt/devkitPro/devkitARM/lib/gcc/arm-eabi/4.3.3/../../../../arm-eabi/lib/thumb/libsysbase.a(close.o)
 .glue_7t       0x0201f994        0x0 /opt/devkitPro/devkitARM/lib/gcc/arm-eabi/4.3.3/../../../../arm-eabi/lib/thumb/libsysbase.a(fstat.o)
 .glue_7t       0x0201f994        0x0 /opt/devkitPro/devkitARM/lib/gcc/arm-eabi/4.3.3/../../../../arm-eabi/lib/thumb/libsysbase.a(isatty.o)
 .glue_7t       0x0201f994        0x0 /opt/devkitPro/devkitARM/lib/gcc/arm-eabi/4.3.3/../../../../arm-eabi/lib/thumb/libsysbase.a(lseek.o)
 .glue_7t       0x0201f994        0x0 /opt/devkitPro/devkitARM/lib/gcc/arm-eabi/4.3.3/../../../../arm-eabi/lib/thumb/libsysbase.a(open.o)
 .glue_7t       0x0201f994        0x0 /opt/devkitPro/devkitARM/lib/gcc/arm-eabi/4.3.3/../../../../arm-eabi/lib/thumb/libsysbase.a(read.o)
 .glue_7t       0x0201f994        0x0 /opt/devkitPro/devkitARM/lib/gcc/arm-eabi/4.3.3/../../../../arm-eabi/lib/thumb/libsysbase.a(sbrk.o)
 .glue_7t       0x0201f994        0x0 /opt/devkitPro/devkitARM/lib/gcc/arm-eabi/4.3.3/../../../../arm-eabi/lib/thumb/libsysbase.a(times.o)
 .glue_7t       0x0201f994        0x0 /opt/devkitPro/devkitARM/lib/gcc/arm-eabi/4.3.3/../../../../arm-eabi/lib/thumb/libsysbase.a(write.o)
 .glue_7t       0x0201f994        0x0 /opt/devkitPro/devkitARM/lib/gcc/arm-eabi/4.3.3/../../../../arm-eabi/lib/thumb/libsysbase.a(malloc_vars.o)
 .glue_7t       0x0201f994        0x0 /opt/devkitPro/devkitARM/lib/gcc/arm-eabi/4.3.3/../../../../arm-eabi/lib/thumb/libsysbase.a(chdir.o)
 .glue_7t       0x0201f994        0x0 /opt/devkitPro/devkitARM/lib/gcc/arm-eabi/4.3.3/../../../../arm-eabi/lib/thumb/libsysbase.a(build_argv.o)
 .glue_7t       0x0201f994        0x0 /opt/devkitPro/devkitARM/lib/gcc/arm-eabi/4.3.3/../../../../arm-eabi/lib/thumb/libsysbase.a(handle_manager.o)
 .glue_7t       0x0201f994        0x0 /opt/devkitPro/devkitARM/lib/gcc/arm-eabi/4.3.3/thumb/libgcc.a(_addsubdf3.o)
 .glue_7t       0x0201f994        0x0 /opt/devkitPro/devkitARM/lib/gcc/arm-eabi/4.3.3/thumb/libgcc.a(_muldivdf3.o)
 .glue_7t       0x0201f994        0x0 /opt/devkitPro/devkitARM/lib/gcc/arm-eabi/4.3.3/thumb/libgcc.a(_cmpdf2.o)
 .glue_7t       0x0201f994        0x0 /opt/devkitPro/devkitARM/lib/gcc/arm-eabi/4.3.3/thumb/libgcc.a(_fixdfsi.o)
 .glue_7t       0x0201f994        0x0 /opt/devkitPro/devkitARM/lib/gcc/arm-eabi/4.3.3/thumb/libgcc.a(_fixunsdfsi.o)
 .glue_7t       0x0201f994        0x0 /opt/devkitPro/devkitARM/lib/gcc/arm-eabi/4.3.3/thumb/libgcc.a(_truncdfsf2.o)
 .glue_7t       0x0201f994        0x0 /opt/devkitPro/devkitARM/lib/gcc/arm-eabi/4.3.3/../../../../arm-eabi/lib/thumb/libg.a(lib_a-errno.o)
 .glue_7t       0x0201f994        0x0 /opt/devkitPro/devkitARM/lib/gcc/arm-eabi/4.3.3/thumb/crtend.o
 .glue_7t       0x0201f994        0x0 /opt/devkitPro/devkitARM/lib/gcc/arm-eabi/4.3.3/thumb/crtn.o
                0x0201f994                . = ALIGN (0x4)

.vfp11_veneer   0x00000000        0x0
 .vfp11_veneer  0x00000000        0x0 /opt/devkitPro/devkitARM/lib/gcc/arm-eabi/4.3.3/../../../../arm-eabi/lib/thumb/ds_arm9_crt0.o
 .vfp11_veneer  0x00000000        0x0 /opt/devkitPro/devkitARM/lib/gcc/arm-eabi/4.3.3/thumb/crti.o
 .vfp11_veneer  0x00000000        0x0 /opt/devkitPro/devkitARM/lib/gcc/arm-eabi/4.3.3/thumb/crtbegin.o
 .vfp11_veneer  0x00000000        0x0 soundbank.bin.o
 .vfp11_veneer  0x00000000        0x0 alexxzandrite.o
 .vfp11_veneer  0x00000000        0x0 amazonite.o
 .vfp11_veneer  0x00000000        0x0 background.o
 .vfp11_veneer  0x00000000        0x0 bronze.o
 .vfp11_veneer  0x00000000        0x0 controls.o
 .vfp11_veneer  0x00000000        0x0 diamond.o
 .vfp11_veneer  0x00000000        0x0 FONDS.o
 .vfp11_veneer  0x00000000        0x0 Game-Over.o
 .vfp11_veneer  0x00000000        0x0 launcherImage.o
 .vfp11_veneer  0x00000000        0x0 numbers.o
 .vfp11_veneer  0x00000000        0x0 numbers_small.o
 .vfp11_veneer  0x00000000        0x0 PlayerHorizontal.o
 .vfp11_veneer  0x00000000        0x0 PlayerVertical.o
 .vfp11_veneer  0x00000000        0x0 press_to_begin.o
 .vfp11_veneer  0x00000000        0x0 game.o
 .vfp11_veneer  0x00000000        0x0 graphics_main.o
 .vfp11_veneer  0x00000000        0x0 graphics_sub.o
 .vfp11_veneer  0x00000000        0x0 main.o
 .vfp11_veneer  0x00000000        0x0 mineral.o
 .vfp11_veneer  0x00000000        0x0 P_Audio.o
 .vfp11_veneer  0x00000000        0x0 P_Score.o
 .vfp11_veneer  0x00000000        0x0 timer_game.o
 .vfp11_veneer  0x00000000        0x0 /opt/devkitPro/libnds/lib/libfat.a(libfat.o)
 .vfp11_veneer  0x00000000        0x0 /opt/devkitPro/libnds/lib/libfat.a(partition.o)
 .vfp11_veneer  0x00000000        0x0 /opt/devkitPro/libnds/lib/libfat.a(cache.o)
 .vfp11_veneer  0x00000000        0x0 /opt/devkitPro/libnds/lib/libfat.a(disc.o)
 .vfp11_veneer  0x00000000        0x0 /opt/devkitPro/libnds/lib/libfat.a(fatdir.o)
 .vfp11_veneer  0x00000000        0x0 /opt/devkitPro/libnds/lib/libfat.a(fatfile.o)
 .vfp11_veneer  0x00000000        0x0 /opt/devkitPro/libnds/lib/libfat.a(file_allocation_table.o)
 .vfp11_veneer  0x00000000        0x0 /opt/devkitPro/libnds/lib/libfat.a(filetime.o)
 .vfp11_veneer  0x00000000        0x0 /opt/devkitPro/libnds/lib/libfat.a(directory.o)
 .vfp11_veneer  0x00000000        0x0 /opt/devkitPro/libnds/lib/libnds9.a(initSystem.o)
 .vfp11_veneer  0x00000000        0x0 /opt/devkitPro/libnds/lib/libnds9.a(keys.o)
 .vfp11_veneer  0x00000000        0x0 /opt/devkitPro/libnds/lib/libnds9.a(sprite.o)
 .vfp11_veneer  0x00000000        0x0 /opt/devkitPro/libnds/lib/libnds9.a(sprite_alloc.o)
 .vfp11_veneer  0x00000000        0x0 /opt/devkitPro/libnds/lib/libnds9.a(system.o)
 .vfp11_veneer  0x00000000        0x0 /opt/devkitPro/libnds/lib/libnds9.a(touch.o)
 .vfp11_veneer  0x00000000        0x0 /opt/devkitPro/libnds/lib/libnds9.a(trig.o)
 .vfp11_veneer  0x00000000        0x0 /opt/devkitPro/libnds/lib/libnds9.a(videoGL.o)
 .vfp11_veneer  0x00000000        0x0 /opt/devkitPro/libnds/lib/libnds9.a(dldi.o)
 .vfp11_veneer  0x00000000        0x0 /opt/devkitPro/libnds/lib/libnds9.a(fifosystem.o)
 .vfp11_veneer  0x00000000        0x0 /opt/devkitPro/libnds/lib/libnds9.a(interrupts.o)
 .vfp11_veneer  0x00000000        0x0 /opt/devkitPro/libnds/lib/libnds9.a(dcache.o)
 .vfp11_veneer  0x00000000        0x0 /opt/devkitPro/libnds/lib/libnds9.a(dldi_stub.o)
 .vfp11_veneer  0x00000000        0x0 /opt/devkitPro/libnds/lib/libnds9.a(biosCalls.o)
 .vfp11_veneer  0x00000000        0x0 /opt/devkitPro/libnds/lib/libnds9.a(interruptDispatcher.o)
 .vfp11_veneer  0x00000000        0x0 /opt/devkitPro/libnds/lib/libnds9.a(video.o)
 .vfp11_veneer  0x00000000        0x0 /opt/devkitPro/libnds/lib/libmm9.a(mm_comms.o)
 .vfp11_veneer  0x00000000        0x0 /opt/devkitPro/libnds/lib/libmm9.a(mm_main9.o)
 .vfp11_veneer  0x00000000        0x0 /opt/devkitPro/libnds/lib/libmm9.a(mm_memory.o)
 .vfp11_veneer  0x00000000        0x0 /opt/devkitPro/libnds/lib/libmm9.a(mm_soundbank.o)
 .vfp11_veneer  0x00000000        0x0 /opt/devkitPro/libnds/lib/libmm9.a(mm_flusher.o)
 .vfp11_veneer  0x00000000        0x0 /opt/devkitPro/devkitARM/lib/gcc/arm-eabi/4.3.3/thumb/libgcc.a(_udivsi3.o)
 .vfp11_veneer  0x00000000        0x0 /opt/devkitPro/devkitARM/lib/gcc/arm-eabi/4.3.3/thumb/libgcc.a(_divsi3.o)
 .vfp11_veneer  0x00000000        0x0 /opt/devkitPro/devkitARM/lib/gcc/arm-eabi/4.3.3/thumb/libgcc.a(_dvmd_tls.o)
 .vfp11_veneer  0x00000000        0x0 /opt/devkitPro/devkitARM/lib/gcc/arm-eabi/4.3.3/thumb/libgcc.a(_muldi3.o)
 .vfp11_veneer  0x00000000        0x0 /opt/devkitPro/devkitARM/lib/gcc/arm-eabi/4.3.3/../../../../arm-eabi/lib/thumb/libg.a(lib_a-bsearch.o)
 .vfp11_veneer  0x00000000        0x0 /opt/devkitPro/devkitARM/lib/gcc/arm-eabi/4.3.3/../../../../arm-eabi/lib/thumb/libg.a(lib_a-fclose.o)
 .vfp11_veneer  0x00000000        0x0 /opt/devkitPro/devkitARM/lib/gcc/arm-eabi/4.3.3/../../../../arm-eabi/lib/thumb/libg.a(lib_a-fflush.o)
 .vfp11_veneer  0x00000000        0x0 /opt/devkitPro/devkitARM/lib/gcc/arm-eabi/4.3.3/../../../../arm-eabi/lib/thumb/libg.a(lib_a-findfp.o)
 .vfp11_veneer  0x00000000        0x0 /opt/devkitPro/devkitARM/lib/gcc/arm-eabi/4.3.3/../../../../arm-eabi/lib/thumb/libg.a(lib_a-fopen.o)
 .vfp11_veneer  0x00000000        0x0 /opt/devkitPro/devkitARM/lib/gcc/arm-eabi/4.3.3/../../../../arm-eabi/lib/thumb/libg.a(lib_a-fprintf.o)
 .vfp11_veneer  0x00000000        0x0 /opt/devkitPro/devkitARM/lib/gcc/arm-eabi/4.3.3/../../../../arm-eabi/lib/thumb/libg.a(lib_a-fread.o)
 .vfp11_veneer  0x00000000        0x0 /opt/devkitPro/devkitARM/lib/gcc/arm-eabi/4.3.3/../../../../arm-eabi/lib/thumb/libg.a(lib_a-freer.o)
 .vfp11_veneer  0x00000000        0x0 /opt/devkitPro/devkitARM/lib/gcc/arm-eabi/4.3.3/../../../../arm-eabi/lib/thumb/libg.a(lib_a-fscanf.o)
 .vfp11_veneer  0x00000000        0x0 /opt/devkitPro/devkitARM/lib/gcc/arm-eabi/4.3.3/../../../../arm-eabi/lib/thumb/libg.a(lib_a-fseek.o)
 .vfp11_veneer  0x00000000        0x0 /opt/devkitPro/devkitARM/lib/gcc/arm-eabi/4.3.3/../../../../arm-eabi/lib/thumb/libg.a(lib_a-fwalk.o)