Archive member included because of file (symbol)

/opt/devkitPro/libnds/lib/libfat.a(libfat.o)
                              main.o (fatInitDefault)
/opt/devkitPro/libnds/lib/libfat.a(partition.o)
                              /opt/devkitPro/libnds/lib/libfat.a(libfat.o) (_FAT_partition_destructor)
/opt/devkitPro/libnds/lib/libfat.a(cache.o)
                              /opt/devkitPro/libnds/lib/libfat.a(partition.o) (_FAT_cache_destructor)
/opt/devkitPro/libnds/lib/libfat.a(disc.o)
                              /opt/devkitPro/libnds/lib/libfat.a(libfat.o) (_FAT_disc_interfaces)
/opt/devkitPro/libnds/lib/libfat.a(fatdir.o)
                              /opt/devkitPro/libnds/lib/libfat.a(libfat.o) (_FAT_link_r)
/opt/devkitPro/libnds/lib/libfat.a(fatfile.o)
                              /opt/devkitPro/libnds/lib/libfat.a(libfat.o) (_FAT_ftruncate_r)
/opt/devkitPro/libnds/lib/libfat.a(file_allocation_table.o)
                              /opt/devkitPro/libnds/lib/libfat.a(fatfile.o) (_FAT_fat_nextCluster)
/opt/devkitPro/libnds/lib/libfat.a(filetime.o)
                              /opt/devkitPro/libnds/lib/libfat.a(fatdir.o) (_FAT_filetime_getDateFromRTC)
/opt/devkitPro/libnds/lib/libfat.a(directory.o)
                              /opt/devkitPro/libnds/lib/libfat.a(fatdir.o) (_FAT_directory_entryGetCluster)
/opt/devkitPro/libnds/lib/libnds9.a(initSystem.o)
                              /opt/devkitPro/devkitARM/lib/gcc/arm-eabi/4.3.3/../../../../arm-eabi/lib/thumb/ds_arm9_crt0.o (initSystem)
/opt/devkitPro/libnds/lib/libnds9.a(keys.o)
                              main.o (scanKeys)
/opt/devkitPro/libnds/lib/libnds9.a(sprite.o)
                              game.o (oamMain)
/opt/devkitPro/libnds/lib/libnds9.a(sprite_alloc.o)
                              /opt/devkitPro/libnds/lib/libnds9.a(sprite.o) (oamAllocReset)
/opt/devkitPro/libnds/lib/libnds9.a(system.o)
                              /opt/devkitPro/libnds/lib/libnds9.a(initSystem.o) (powerValueHandler)
/opt/devkitPro/libnds/lib/libnds9.a(touch.o)
                              game.o (touchRead)
/opt/devkitPro/libnds/lib/libnds9.a(trig.o)
                              /opt/devkitPro/libnds/lib/libnds9.a(sprite.o) (sinLerp)
/opt/devkitPro/libnds/lib/libnds9.a(videoGL.o)
                              game.o (glGlobalData)
/opt/devkitPro/libnds/lib/libnds9.a(dldi.o)
                              /opt/devkitPro/libnds/lib/libfat.a(disc.o) (dldiGetInternal)
/opt/devkitPro/libnds/lib/libnds9.a(fifosystem.o)
                              /opt/devkitPro/libnds/lib/libnds9.a(initSystem.o) (fifoSetValue32Handler)
/opt/devkitPro/libnds/lib/libnds9.a(interrupts.o)
                              game.o (irqSet)
/opt/devkitPro/libnds/lib/libnds9.a(dcache.o)
                              /opt/devkitPro/libnds/lib/libnds9.a(sprite.o) (DC_FlushRange)
/opt/devkitPro/libnds/lib/libnds9.a(dldi_stub.o)
                              /opt/devkitPro/libnds/lib/libnds9.a(dldi.o) (_io_dldi_stub)
/opt/devkitPro/libnds/lib/libnds9.a(biosCalls.o)
                              game.o (swiDelay)
/opt/devkitPro/libnds/lib/libnds9.a(interruptDispatcher.o)
                              /opt/devkitPro/libnds/lib/libnds9.a(interrupts.o) (IntrMain)
/opt/devkitPro/libnds/lib/libnds9.a(video.o)
                              /opt/devkitPro/libnds/lib/libnds9.a(videoGL.o) (vramSetMainBanks)
/opt/devkitPro/libnds/lib/libmm9.a(mm_comms.o)
                              P_Audio.o (mmStart)
/opt/devkitPro/libnds/lib/libmm9.a(mm_main9.o)
                              /opt/devkitPro/libnds/lib/libmm9.a(mm_comms.o) (mmCallback)
/opt/devkitPro/libnds/lib/libmm9.a(mm_memory.o)
                              P_Audio.o (mmLoad)
/opt/devkitPro/libnds/lib/libmm9.a(mm_soundbank.o)
                              /opt/devkitPro/libnds/lib/libmm9.a(mm_main9.o) (mmSoundBankInMemory)
/opt/devkitPro/libnds/lib/libmm9.a(mm_flusher.o)
                              /opt/devkitPro/libnds/lib/libmm9.a(mm_memory.o) (mmFlushBank)
/opt/devkitPro/devkitARM/lib/gcc/arm-eabi/4.3.3/thumb/libgcc.a(_udivsi3.o)
                              /opt/devkitPro/libnds/lib/libfat.a(partition.o) (__aeabi_uidiv)
/opt/devkitPro/devkitARM/lib/gcc/arm-eabi/4.3.3/thumb/libgcc.a(_divsi3.o)
                              graphics_sub.o (__aeabi_idiv)
/opt/devkitPro/devkitARM/lib/gcc/arm-eabi/4.3.3/thumb/libgcc.a(_dvmd_tls.o)
                              /opt/devkitPro/devkitARM/lib/gcc/arm-eabi/4.3.3/thumb/libgcc.a(_udivsi3.o) (__div0)
/opt/devkitPro/devkitARM/lib/gcc/arm-eabi/4.3.3/thumb/libgcc.a(_muldi3.o)
                              /opt/devkitPro/libnds/lib/libfat.a(partition.o) (__aeabi_lmul)
/opt/devkitPro/devkitARM/lib/gcc/arm-eabi/4.3.3/../../../../arm-eabi/lib/thumb/libg.a(lib_a-bsearch.o)
                              /opt/devkitPro/libnds/lib/libnds9.a(trig.o) (bsearch)
/opt/devkitPro/devkitARM/lib/gcc/arm-eabi/4.3.3/../../../../arm-eabi/lib/thumb/libg.a(lib_a-fclose.o)
                              P_Score.o (fclose)
[...]
Memory Configuration

Name             Origin             Length             Attributes
rom              0x08000000         0x02000000
ewram            0x02000000         0x003ff000
dtcm             0x0b000000         0x00004000
vectors          0x01000000         0x00000100
itcm             0x01000100         0x00007f00
*default*        0x00000000         0xffffffff

Linker script and memory map

                0x01000000                __vectors_start = 0x1000000
                0x01000100                __itcm_start = 0x1000100
                0x023ff000                __ewram_end = 0x23ff000
                0x023ff000                __eheap_end = 0x23ff000
                0x0b000000                __dtcm_start = 0xb000000
                0x0b004000                __dtcm_top = 0xb004000
                0x0b003ff8                __irq_flags = (__dtcm_top - 0x8)
                0x0b003ffc                __irq_vector = (__dtcm_top - 0x4)
                0x0b003f00                __sp_svc = (__dtcm_top - 0x100)
                0x0b003e00                __sp_irq = (__sp_svc - 0x100)
                0x0b003d00                __sp_usr = (__sp_irq - 0x100)

.init           0x02000000      0x30c
                0x02000000                __text_start = .
 *(.init)
 .init          0x02000000      0x300 /opt/devkitPro/devkitARM/lib/gcc/arm-eabi/4.3.3/../../../../arm-eabi/lib/thumb/ds_arm9_crt0.o
                0x02000000                _start
 .init          0x02000300        0x4 /opt/devkitPro/devkitARM/lib/gcc/arm-eabi/4.3.3/thumb/crti.o
                0x02000300                _init
 .init          0x02000304        0x8 /opt/devkitPro/devkitARM/lib/gcc/arm-eabi/4.3.3/thumb/crtn.o
                0x0200030c                . = ALIGN (0x4)

.plt
 *(.plt)

.text           0x02000340    0x1f354
 *(EXCLUDE_FILE(*.itcm*) .text)
 .text          0x02000340        0x0 /opt/devkitPro/devkitARM/lib/gcc/arm-eabi/4.3.3/../../../../arm-eabi/lib/thumb/ds_arm9_crt0.o
 .text          0x02000340        0x0 /opt/devkitPro/devkitARM/lib/gcc/arm-eabi/4.3.3/thumb/crti.o
 .text          0x02000340       0x70 /opt/devkitPro/devkitARM/lib/gcc/arm-eabi/4.3.3/thumb/crtbegin.o
 .text          0x020003b0        0x0 soundbank.bin.o
 .text          0x020003b0        0x0 alexxzandrite.o
 .text          0x020003b0        0x0 amazonite.o
 .text          0x020003b0        0x0 background.o
 .text          0x020003b0        0x0 bronze.o
 .text          0x020003b0        0x0 controls.o
 .text          0x020003b0        0x0 diamond.o
 .text          0x020003b0        0x0 FONDS.o
 .text          0x020003b0        0x0 Game-Over.o
 .text          0x020003b0        0x0 numbers.o
 .text          0x020003b0        0x0 numbers_small.o
 .text          0x020003b0        0x0 PlayerHorizontal.o
 .text          0x020003b0        0x0 PlayerVertical.o
 .text          0x020003b0      0xe04 game.o
                0x02000f94                addToAudioEffectQueue
                0x020007dc                player_move_up
                0x020009d4                player_pressed_start
                0x02000420                start_game
                0x020006ac                player_move_left
                0x02001138                player_fall
                0x02000740                player_move_down
                0x020004d4                hasBeenDrilled
                0x02000fd4                update_state
                0x02000874                player_drills
                0x02000e48                addToInventory
                0x020003b0                init_game
                0x02000d78                update_vehicle
                0x02000af4                player_pressed_touchscreen
                0x02000600                player_move_right
                0x02000ec0                sellItemFromInventory
 .text          0x020011b4      0xad4 graphics_main.o
                0x020011b4                config_main_background
                0x02001524                configureSprites
                0x020016d8                restart_display
                0x02001adc                drilling_path
                0x02001328                init_main_bg
                0x02001744                print_start
                0x020016f8                load_start_display
                0x02001a6c                update_sprite
                0x02001a28                release_start_display
 .text          0x02001c88      0x4fc graphics_sub.o
                0x020020b8                score_display
                0x02001f18                updateChronoDisp
                0x0200211c                print_fuel
                0x02001e78                printDigit
                0x02001c88                init_sub_background
 .text          0x02002184      0x1d4 main.o
                0x02002184                main
 .text          0x02002358      0xa68 mineral.o
                0x02002aac                refreshMineralSprites
                0x02002848                drillMineralReturnValue
                0x02002358                isMineralPlaceValid
                0x020027bc                getMineral
                0x02002740                hide_all_minerals
                0x020023e0                initMinerals
 .text          0x02002dc0       0x7c P_Audio.o
                0x02002e20                Audio_PlayMusic
                0x02002dec                Audio_PlaySoundEX
                0x02002dc0                Audio_Init
 .text          0x02002e3c      0x120 P_Score.o
                0x02002eb0                readMaxScore
                0x02002f18                writeMaxScore
                0x02002e3c                updateScore
 .text          0x02002f5c      0x104 timer_game.o
                0x02002f5c                timer0_ISR
                0x02002fcc                timer1_ISR
 .text          0x02003060      0x204 /opt/devkitPro/libnds/lib/libfat.a(libfat.o)
                0x02003098                fatMount
                0x02003060                fatUnmount
                0x02003254                fatMountSimple
                0x02003244                fatInitDefault
                0x020030fc                fatInit
 *fill*         0x02003264        0x4 ff
 .text          0x02003268      0x340 /opt/devkitPro/libnds/lib/libfat.a(partition.o)
                0x02003268                _FAT_partition_getPartitionFromPath
                0x0200327c                _FAT_partition_destructor
                0x020032a4                _FAT_partition_constructor
 .text          0x020035a8      0x38c /opt/devkitPro/libnds/lib/libfat.a(cache.o)
                0x0200367c                _FAT_cache_flush
                0x020037a8                _FAT_cache_writeLittleEndianValue
                0x0200375c                _FAT_cache_writePartialSector
                0x020036d4                _FAT_cache_invalidate
                0x020038a0                _FAT_cache_destructor
                0x02003848                _FAT_cache_readLittleEndianValue
                0x020038bc                _FAT_cache_constructor
                0x02003810                _FAT_cache_readPartialSector
                0x020036f8                _FAT_cache_eraseWritePartialSector
 .text          0x02003934        0x0 /opt/devkitPro/libnds/lib/libfat.a(disc.o)
 .text          0x02003934      0x784 /opt/devkitPro/libnds/lib/libfat.a(fatdir.o)
                0x020039e8                _FAT_stat_r
                0x02003950                _FAT_dirnext_r
                0x02003f5c                _FAT_unlink_r
                0x02003d80                _FAT_rename_r
                0x02003934                _FAT_link_r
                0x02003940                _FAT_dirclose_r
                0x02003f00                _FAT_chdir_r
                0x020039b4                _FAT_dirreset_r
                0x02003a68                _FAT_diropen_r
                0x02003b18                _FAT_statvfs_r
                0x02003b70                _FAT_mkdir_r
 .text          0x020040b8     0x10b8 /opt/devkitPro/libnds/lib/libfat.a(fatfile.o)
                0x020042ac                _FAT_ftruncate_r
                0x020045bc                _FAT_write_r
                0x020043f8                _FAT_seek_r
                0x02004a14                _FAT_read_r
                0x02004d10                _FAT_syncToDisc
                0x02004e78                _FAT_open_r
                0x02004df0                _FAT_fsync_r
                0x02004e18                _FAT_close_r
                0x02004544                _FAT_fstat_r
 .text          0x02005170      0x458 /opt/devkitPro/libnds/lib/libfat.a(file_allocation_table.o)
                0x02005260                _FAT_fat_freeClusterCount
                0x020053e8                _FAT_fat_clearLinks
                0x02005170                _FAT_fat_nextCluster
                0x0200555c                _FAT_fat_linkFreeClusterCleared
                0x02005444                _FAT_fat_trimChain
                0x020054cc                _FAT_fat_linkFreeCluster
                0x0200528c                _FAT_fat_lastCluster
 .text          0x020055c8       0xc8 /opt/devkitPro/libnds/lib/libfat.a(filetime.o)
                0x02005600                _FAT_filetime_getDateFromRTC
                0x020055c8                _FAT_filetime_to_time_t
                0x02005648                _FAT_filetime_getTimeFromRTC
 .text          0x02005690     0x12dc /opt/devkitPro/libnds/lib/libfat.a(directory.o)
                0x02006930                _FAT_directory_chdir
                0x02005730                _FAT_directory_entryStat
                0x0200596c                _FAT_directory_removeEntry
                0x020057f0                _FAT_directory_getRootEntry
                0x02005afc                _FAT_directory_entryFromPosition
                0x02005c3c                _FAT_directory_getNextEntry
                0x02005e60                _FAT_directory_getFirstEntry
                0x02005704                _FAT_directory_entryGetCluster
                0x02005f2c                _FAT_directory_addEntry
                0x02006754                _FAT_directory_entryFromPath
 .text          0x0200696c       0xec /opt/devkitPro/libnds/lib/libnds9.a(initSystem.o)
                0x0200696c                initSystem
 .text          0x02006a58      0x134 /opt/devkitPro/libnds/lib/libnds9.a(keys.o)
                0x02006b18                keysSetRepeat
                0x02006b08                keysDownRepeat
                0x02006b54                keysCurrent
                0x02006ae8                keysHeld
                0x02006b3c                keysUp
                0x02006af4                keysDown
                0x02006a58                scanKeys
 .text          0x02006b8c      0x484 /opt/devkitPro/libnds/lib/libnds9.a(sprite.o)
                0x02006b8c                oamDisable
                0x02006c14                oamClear
                0x02006e40                oamRotateScale
                0x02006be0                oamGetGfxPtr
                0x02006bbc                oamEnable
                0x02006c3c                oamGfxPtrToOffset
                0x02006ea0                oamUpdate
                0x02006f04                oamInit
                0x02006c74                oamSet
 .text          0x02007010      0x364 /opt/devkitPro/libnds/lib/libnds9.a(sprite_alloc.o)
                0x0200704c                oamCountFragments
                0x02007010                resizeBuffer
                0x02007188                oamAllocReset
                0x0200702c                getAllocHeader
                0x02007174                oamFreeGfx
                0x020071c0                simpleAlloc
                0x0200733c                oamAllocateGfx
                0x02007098                simpleFree
 .text          0x02007374       0xf4 /opt/devkitPro/libnds/lib/libnds9.a(system.o)
                0x02007424                systemMsgHandler
                0x020073bc                powerOn
                0x0200740c                powerValueHandler
                0x02007374                ledBlink
                0x020073f0                systemSleep
                0x0200738c                powerOff
 .text          0x02007468       0x4c /opt/devkitPro/libnds/lib/libnds9.a(touch.o)
                0x02007468                touchRead
                0x02007490                touchReadXY
 .text          0x020074b4      0x264 /opt/devkitPro/libnds/lib/libnds9.a(trig.o)
                0x0200764c                arcSinComp
                0x0200767c                asinLerp
                0x0200760c                tanLerp
                0x020074b4                sinLutLookup
                0x020075c0                tanLutLookup
                0x020075a4                cosLerp
                0x020076fc                acosLerp
                0x02007504                sinLerp
 .text          0x02007718      0xa94 /opt/devkitPro/libnds/lib/libnds9.a(videoGL.o)
                0x02007860                glTexCoord2f32
                0x02007b9c                glTexImage2D
                0x020077d4                glGenTextures
                0x020077a4                glResetTextures
                0x02007eb8                glRotatef32i
                0x02007b44                glTexLoadPal
                0x020078ec                glTexParameter
                0x02007718                glGetGlobals
                0x0200796c                getNextPaletteSlot
                0x020079c0                vramGetBank
                0x0200795c                alignVal
                0x02007944                glGetTexParameter
                0x02007b78                gluTexLoadPal
                0x02007720                glMaterialf
                0x02007814                glBindTexture
                0x0200791c                glGetTexturePointer
                0x02007a80                vramIsTextureBank
                0x02007844                glColorTable
                0x02007ae0                getNextTextureSlot
                0x02007d14                glInit_C
 .text          0x020081ac      0x26c /opt/devkitPro/libnds/lib/libnds9.a(dldi.o)
                0x0200831c                dldiLoadFromFile
                0x02008218                dldiFree
                0x020081e4                dldiIsValid
                0x020081ac                dldiGetInternal
                0x02008228                dldiFixDriverAddresses
 .text          0x02008418     0x18b8 /opt/devkitPro/libnds/lib/libnds9.a(fifosystem.o)
                0x020093b4                fifoInternalRecvPopFirst
                0x020084a0                fifoCheckValue32
                0x020085b0                fifoCheckDatamsgLength
                0x02008da8                fifoGetLostWordCount
                0x02008d18                fifoGetBufferUsage
                0x02009a78                fifoSendValue32
                0x02009988                fifoInternalSend
                0x02008a80                fifoGetDatamsg
                0x02008898                fifoGetValue32
                0x020086b0                fifoGetAddress
                0x02008640                fifoCountDatamsg
                0x020089e8                fifoForceValue32Handler
                0x02008528                fifoCheckDatamsg
                0x02009354                fifoInternalRecvPeek
                0x020098a8                fifoInternalAllocFreeBlock
                0x02008870                fifoSetAddressHandler
                0x02009314                fifoInternalProtect
                0x02008c5c                fifoForceDatamsgHandler
                0x020097bc                fifoInternalSendEnqueue
                0x02009a20                fifoSendDatamsg
                0x020095f4                fifoInternalSendEmpty
                0x02009740                fifoInternalSendInterrupt
                0x02009ac0                fifoSendAddress
                0x02009604                fifoInternalSendDeque
                0x02008db4                fifoInternalRecvInterrupt
                0x02008418                fifoCheckAddress
                0x020098fc                fifoInternalFreeCheck
                0x02009488                fifoInternalRecvWordCount
                0x02009508                fifoInternalRecvPushBack
                0x02009330                fifoInternalUnprotect
                0x02008800                fifoForceAddressHandler
                0x02008a58                fifoSetValue32Handler
                0x020096d8                fifoInternalBeginSend
                0x02009afc                fifoInit
                0x02008cf0                fifoSetDatamsgHandler
                0x020098d8                fifoInternalFreeBlock
 .text          0x02009cd0      0x1a8 /opt/devkitPro/libnds/lib/libnds9.a(interrupts.o)
                0x02009db0                irqEnable
                0x02009cd4                irqSet
                0x02009dfc                irqDisable
                0x02009d34                irqInit
                0x02009cd0                irqDummy
                0x02009d80                irqInitHandler
                0x02009e48                irqClear
 .text          0x02009e78       0x70 /opt/devkitPro/libnds/lib/libnds9.a(dcache.o)
                0x02009e78                DC_FlushAll
                0x02009ea4                DC_FlushRange
                0x02009ecc                DC_InvalidateRange
                0x02009ec0                DC_InvalidateAll
 *fill*         0x02009ee8       0x18 ff
 .text          0x02009f00     0x8000 /opt/devkitPro/libnds/lib/libnds9.a(dldi_stub.o)
                0x02009f00                _io_dldi_stub
 .text          0x02011f00       0x70 /opt/devkitPro/libnds/lib/libnds9.a(biosCalls.o)
                0x02011f10                swiSleep
                0x02011f4a                swiDecompressLZSSVram
                0x02011f32                swiFastCopy
                0x02011f36                swiSqrt
                0x02011f00                swiSoftReset
                0x02011f3a                swiCRC16
                0x02011f4e                swiDecompressHuffman
                0x02011f66                swiSetHaltCR
                0x02011f1c                swiRemainder
                0x02011f42                swiUnpackBits
                0x02011f46                swiDecompressLZSSWram
                0x02011f62                swiDecodeDelta16
                0x02011f04                swiDelay
                0x02011f22                swiDivMod
                0x02011f56                swiDecompressRLEVram
                0x02011f52                swiDecompressRLEWram
                0x02011f5e                swiDecodeDelta8
                0x02011f18                swiDivide
                0x02011f14                swiChangeSoundBias
                0x02011f0c                swiWaitForVBlank
                0x02011f08                swiIntrWait
                0x02011f3e                swiIsDebugger
                0x02011f5a                swiWaitForIRQ
                0x02011f2e                swiCopy
 .text          0x02011f70        0x0 /opt/devkitPro/libnds/lib/libnds9.a(interruptDispatcher.o)
 .text          0x02011f70      0x144 /opt/devkitPro/libnds/lib/libnds9.a(video.o)
                0x02012024                vramSetBankF
                0x02011fb4                vramRestoreMainBanks
                0x0201204c                vramSetBankH
                0x02011ffc                vramSetBankD
                0x02012010                vramSetBankE
                0x02012074                setBrightness
                0x02012038                vramSetBankG
                0x02011fd4                vramSetBankB
                0x02011fe8                vramSetBankC
                0x02012060                vramSetBankI
                0x02011f70                vramSetMainBanks
                0x02011fc0                vramSetBankA
 .text          0x020120b4      0x240 /opt/devkitPro/libnds/lib/libmm9.a(mm_comms.o)
                0x020122a2                mmReverbStop
                0x020121d0                mmEffectVolume
                0x02012136                mmSetModulePitch
                0x0201213e                mmSelectMode
                0x02012116                mmPause
                0x0201212e                mmSetJingleVolume
                0x0201223a                mmReverbEnable
                0x0201210c                mmStart
                0x0201213a                mmSetEffectsVolume
                0x020121f2                mmEffectCancel
                0x02012126                mmJingle
                0x0201211a                mmResume
                0x02012156                mmStreamEnd
                0x02012100                mmLockChannels
                0x020120b4                mmSetupComms
                0x02012106                mmUnlockChannels
                0x020121d8                mmEffectRate
                0x020121ac                mmEffect
                0x02012132                mmSetModuleTempo
                0x020121ec                mmEffectRelease
                0x020121d4                mmEffectPanning
                0x0201212a                mmSetModuleVolume
                0x0201229e                mmReverbStart
                0x02012242                mmReverbConfigure
                0x02012142                mmStreamBegin
                0x02012122                mmPosition
                0x0201223e                mmReverbDisable
                0x0201211e                mmStop
                0x020121f8                mmEffectEx
                0x02012236                mmEffectCancelAll
                0x020121e2                mmEffectScaleRate
                0x020120f6                mmSendBank
 .text          0x020122f4      0x108 /opt/devkitPro/libnds/lib/libmm9.a(mm_main9.o)
                0x0201232a                mmInitDefault
                0x020123b4                mmRestoreIRQ_t
                0x02012374                mmInitDefaultMem
                0x02012396                mmSuspendIRQ_t
                0x02012300                mmInit
                0x020122fa                mmSetEventHandler
                0x020122f4                mmActive
 .text          0x020123fc      0x120 /opt/devkitPro/libnds/lib/libmm9.a(mm_memory.o)
                0x020123fc                mmLoad
                0x020124a4                mmLoadEffect
                0x0201244c                mmUnload
                0x020124dc                mmUnloadEffect
 .text          0x0201251c      0x100 /opt/devkitPro/libnds/lib/libmm9.a(mm_soundbank.o)
                0x02012562                mmsHandleFileOp
                0x02012524                mmSoundBankInFiles
                0x0201251c                mmSoundBankInMemory
                0x02012536                mmSetCustomSoundBankHandler
 .text          0x0201261c       0x3c /opt/devkitPro/libnds/lib/libmm9.a(mm_flusher.o)
                0x0201261c                mmFlushBank
 .text          0x02012658       0x8c /opt/devkitPro/devkitARM/lib/gcc/arm-eabi/4.3.3/thumb/libgcc.a(_udivsi3.o)
                0x02012658                __udivsi3
                0x02012658                __aeabi_uidiv
                0x020126d4                __aeabi_uidivmod
 .text          0x020126e4       0xa4 /opt/devkitPro/devkitARM/lib/gcc/arm-eabi/4.3.3/thumb/libgcc.a(_divsi3.o)
                0x020126e4                __aeabi_idiv
                0x020126e4                __divsi3
                0x02012778                __aeabi_idivmod
 .text          0x02012788        0x4 /opt/devkitPro/devkitARM/lib/gcc/arm-eabi/4.3.3/thumb/libgcc.a(_dvmd_tls.o)
                0x02012788                __aeabi_ldiv0
                0x02012788                __div0
                0x02012788                __aeabi_idiv0
 .text          0x0201278c       0x70 /opt/devkitPro/devkitARM/lib/gcc/arm-eabi/4.3.3/thumb/libgcc.a(_muldi3.o)
                0x0201278c                __aeabi_lmul
                0x0201278c                __muldi3
 .text          0x020127fc       0x5c /opt/devkitPro/devkitARM/lib/gcc/arm-eabi/4.3.3/../../../../arm-eabi/lib/thumb/libg.a(lib_a-bsearch.o)
                0x020127fc                bsearch
 .text          0x02012858       0xc0 /opt/devkitPro/devkitARM/lib/gcc/arm-eabi/4.3.3/../../../../arm-eabi/lib/thumb/libg.a(lib_a-fclose.o)
                0x02012858                _fclose_r
                0x020128fc                fclose
 .text          0x02012918      0x150 /opt/devkitPro/devkitARM/lib/gcc/arm-eabi/4.3.3/../../../../arm-eabi/lib/thumb/libg.a(lib_a-fflush.o)
                0x02012a34                fflush
                0x02012918                _fflush_r
 .text          0x02012a68      0x1f0 /opt/devkitPro/devkitARM/lib/gcc/arm-eabi/4.3.3/../../../../arm-eabi/lib/thumb/libg.a(lib_a-findfp.o)
                0x02012b34                __sinit
                0x02012b90                __sfmoreglue
                0x02012acc                _cleanup
                0x02012ab8                _cleanup_r
                0x02012a9c                __fp_lock_all
                0x02012a68                __sfp_lock_acquire
                0x02012bc4                __sfp
                0x02012a74                __sinit_lock_release
                0x02012a80                __fp_unlock_all
                0x02012a6c                __sfp_lock_release
                0x02012a70                __sinit_lock_acquire
 .text          0x02012c58       0xa4 /opt/devkitPro/devkitARM/lib/gcc/arm-eabi/4.3.3/../../../../arm-eabi/lib/thumb/libg.a(lib_a-fopen.o)
                0x02012ce0                fopen
                0x02012c58                _fopen_r
 .text          0x02012cfc       0x38 /opt/devkitPro/devkitARM/lib/gcc/arm-eabi/4.3.3/../../../../arm-eabi/lib/thumb/libg.a(lib_a-fprintf.o)
                0x02012cfc                fprintf
                0x02012d1c                _fprintf_r
 .text          0x02012d34      0x19c /opt/devkitPro/devkitARM/lib/gcc/arm-eabi/4.3.3/../../../../arm-eabi/lib/thumb/libg.a(lib_a-fread.o)
                0x02012ea8                fread
                0x02012d34                _fread_r
 .text          0x02012ed0      0x23c /opt/devkitPro/devkitARM/lib/gcc/arm-eabi/4.3.3/../../../../arm-eabi/lib/thumb/libg.a(lib_a-freer.o)
                0x02012f78                _free_r
                0x02012ed0                _malloc_trim_r
 .text          0x0201310c       0x38 /opt/devkitPro/devkitARM/lib/gcc/arm-eabi/4.3.3/../../../../arm-eabi/lib/thumb/libg.a(lib_a-fscanf.o)
                0x02013124                fscanf
                0x0201310c                _fscanf_r
 .text          0x02013144      0x30c /opt/devkitPro/devkitARM/lib/gcc/arm-eabi/4.3.3/../../../../arm-eabi/lib/thumb/libg.a(lib_a-fseek.o)
                0x02013428                fseek
                0x02013144                _fseek_r
 .text          0x02013450       0xc8 /opt/devkitPro/devkitARM/lib/gcc/arm-eabi/4.3.3/../../../../arm-eabi/lib/thumb/libg.a(lib_a-fwalk.o)
                0x020134b8                _fwalk
                0x02013450                _fwalk_reent
 .text          0x02013518        0x0 /opt/devkitPro/devkitARM/lib/gcc/arm-eabi/4.3.3/../../../../arm-eabi/lib/thumb/libg.a(lib_a-impure.o)
 .text          0x02013518       0x88 /opt/devkitPro/devkitARM/lib/gcc/arm-eabi/4.3.3/../../../../arm-eabi/lib/thumb/libg.a(lib_a-init.o)
                0x02013548                __libc_init_array
                0x02013518                __libc_fini_array
 .text          0x020135a0       0x10 /opt/devkitPro/devkitARM/lib/gcc/arm-eabi/4.3.3/../../../../arm-eabi/lib/thumb/libg.a(lib_a-lcltime_r.o)
                0x020135a0                localtime_r
 .text          0x020135b0      0x28c /opt/devkitPro/devkitARM/lib/gcc/arm-eabi/4.3.3/../../../../arm-eabi/lib/thumb/libg.a(lib_a-locale.o)
                0x020135cc                _setlocale_r
                0x020135b0                __locale_charset
                0x020135bc                _localeconv_r
                0x02013820                setlocale
                0x020135c4                localeconv
 .text          0x0201383c       0xe8 /opt/devkitPro/devkitARM/lib/gcc/arm-eabi/4.3.3/../../../../arm-eabi/lib/thumb/libg.a(lib_a-makebuf.o)
                0x0201383c                __smakebuf_r
 .text          0x02013924       0x30 /opt/devkitPro/devkitARM/lib/gcc/arm-eabi/4.3.3/../../../../arm-eabi/lib/thumb/libg.a(lib_a-malloc.o)
                0x0201393c                malloc
                0x02013924                free
 .text          0x02013954      0x510 /opt/devkitPro/devkitARM/lib/gcc/arm-eabi/4.3.3/../../../../arm-eabi/lib/thumb/libg.a(lib_a-mallocr.o)
                0x02013954                _malloc_r
 .text          0x02013e64       0x70 /opt/devkitPro/devkitARM/lib/gcc/arm-eabi/4.3.3/../../../../arm-eabi/lib/thumb/libg.a(lib_a-mbrtowc.o)
                0x02013eac                mbrtowc
                0x02013e64                _mbrtowc_r
 .text          0x02013ed4       0xf4 /opt/devkitPro/devkitARM/lib/gcc/arm-eabi/4.3.3/../../../../arm-eabi/lib/thumb/libg.a(lib_a-mbsrtowcs.o)
                0x02013fa0                mbsrtowcs
                0x02013ed4                _mbsrtowcs_r
 .text          0x02013fc8      0x69c /opt/devkitPro/devkitARM/lib/gcc/arm-eabi/4.3.3/../../../../arm-eabi/lib/thumb/libg.a(lib_a-mbtowc_r.o)
                0x02013fc8                _mbtowc_r
 .text          0x02014664       0x58 /opt/devkitPro/devkitARM/lib/gcc/arm-eabi/4.3.3/../../../../arm-eabi/lib/thumb/libg.a(lib_a-memcmp.o)
                0x02014664                memcmp
 .text          0x020146bc       0x88 /opt/devkitPro/devkitARM/lib/gcc/arm-eabi/4.3.3/../../../../arm-eabi/lib/thumb/libg.a(lib_a-memcpy.o)
                0x020146bc                memcpy
 .text          0x02014744       0xb0 /opt/devkitPro/devkitARM/lib/gcc/arm-eabi/4.3.3/../../../../arm-eabi/lib/thumb/libg.a(lib_a-memmove.o)
                0x02014744                memmove
 .text          0x020147f4       0xb0 /opt/devkitPro/devkitARM/lib/gcc/arm-eabi/4.3.3/../../../../arm-eabi/lib/thumb/libg.a(lib_a-memset.o)
                0x020147f4                memset
 .text          0x020148a4      0x4b0 /opt/devkitPro/devkitARM/lib/gcc/arm-eabi/4.3.3/../../../../arm-eabi/lib/thumb/libg.a(lib_a-mktime.o)
                0x02014ac0                mktime
 .text          0x02014d54      0x518 /opt/devkitPro/devkitARM/lib/gcc/arm-eabi/4.3.3/../../../../arm-eabi/lib/thumb/libg.a(lib_a-mktm_r.o)
                0x02014d54                __tzcalc_limits
                0x02014ef4                _mktm_r
 .text          0x0201526c        0x8 /opt/devkitPro/devkitARM/lib/gcc/arm-eabi/4.3.3/../../../../arm-eabi/lib/thumb/libg.a(lib_a-mlock.o)
                0x02015270                __malloc_unlock
                0x0201526c                __malloc_lock
 .text          0x02015274       0x3c /opt/devkitPro/devkitARM/lib/gcc/arm-eabi/4.3.3/../../../../arm-eabi/lib/thumb/libg.a(lib_a-printf.o)
                0x02015274                printf
                0x02015298                _printf_r
 .text          0x020152b0       0x58 /opt/devkitPro/devkitARM/lib/gcc/arm-eabi/4.3.3/../../../../arm-eabi/lib/thumb/libg.a(lib_a-rand.o)
                0x020152c4                rand
                0x020152b0                srand
 .text          0x02015308       0x1c /opt/devkitPro/devkitARM/lib/gcc/arm-eabi/4.3.3/../../../../arm-eabi/lib/thumb/libg.a(lib_a-realloc.o)
                0x02015308                realloc
 .text          0x02015324      0x340 /opt/devkitPro/devkitARM/lib/gcc/arm-eabi/4.3.3/../../../../arm-eabi/lib/thumb/libg.a(lib_a-reallocr.o)
                0x02015324                _realloc_r
 .text          0x02015664      0x128 /opt/devkitPro/devkitARM/lib/gcc/arm-eabi/4.3.3/../../../../arm-eabi/lib/thumb/libg.a(lib_a-refill.o)
                0x02015664                __srefill_r
 .text          0x0201578c       0xb8 /opt/devkitPro/devkitARM/lib/gcc/arm-eabi/4.3.3/../../../../arm-eabi/lib/thumb/libg.a(lib_a-stdio.o)
                0x020157a0                __sseek
                0x02015814                __sread
                0x0201578c                __sclose
                0x020157d4                __swrite
 .text          0x02015844       0xc4 /opt/devkitPro/devkitARM/lib/gcc/arm-eabi/4.3.3/../../../../arm-eabi/lib/thumb/libg.a(lib_a-strchr.o)
                0x02015844                strchr
 .text          0x02015908       0x5c /opt/devkitPro/devkitARM/lib/gcc/arm-eabi/4.3.3/../../../../arm-eabi/lib/thumb/libg.a(lib_a-strcmp.o)
                0x02015908                strcmp
 .text          0x02015964       0x48 /opt/devkitPro/devkitARM/lib/gcc/arm-eabi/4.3.3/../../../../arm-eabi/lib/thumb/libg.a(lib_a-strcpy.o)
                0x02015964                strcpy
 .text          0x020159ac       0x60 /opt/devkitPro/devkitARM/lib/gcc/arm-eabi/4.3.3/../../../../arm-eabi/lib/thumb/libg.a(lib_a-strlen.o)
                0x020159ac                strlen
 .text          0x02015a0c       0x94 /opt/devkitPro/devkitARM/lib/gcc/arm-eabi/4.3.3/../../../../arm-eabi/lib/thumb/libg.a(lib_a-strncasecmp.o)
                0x02015a0c                strncasecmp
 .text          0x02015aa0       0x9c /opt/devkitPro/devkitARM/lib/gcc/arm-eabi/4.3.3/../../../../arm-eabi/lib/thumb/libg.a(lib_a-strncmp.o)
                0x02015aa0                strncmp
 .text          0x02015b3c       0x74 /opt/devkitPro/devkitARM/lib/gcc/arm-eabi/4.3.3/../../../../arm-eabi/lib/thumb/libg.a(lib_a-strncpy.o)
                0x02015b3c                strncpy
 .text          0x02015bb0       0x2c /opt/devkitPro/devkitARM/lib/gcc/arm-eabi/4.3.3/../../../../arm-eabi/lib/thumb/libg.a(lib_a-strnlen.o)
                0x02015bb0                strnlen
 .text          0x02015bdc       0x48 /opt/devkitPro/devkitARM/lib/gcc/arm-eabi/4.3.3/../../../../arm-eabi/lib/thumb/libg.a(lib_a-strpbrk.o)
                0x02015bdc                strpbrk
 .text          0x02015c24       0x34 /opt/devkitPro/devkitARM/lib/gcc/arm-eabi/4.3.3/../../../../arm-eabi/lib/thumb/libg.a(lib_a-strrchr.o)
                0x02015c24                strrchr
 .text          0x02015c58       0x18 /opt/devkitPro/devkitARM/lib/gcc/arm-eabi/4.3.3/../../../../arm-eabi/lib/thumb/libg.a(lib_a-sysclose.o)
                0x02015c58                close
 .text          0x02015c70       0x24 /opt/devkitPro/devkitARM/lib/gcc/arm-eabi/4.3.3/../../../../arm-eabi/lib/thumb/libg.a(lib_a-syslseek.o)
                0x02015c70                lseek
 .text          0x02015c94       0x1c /opt/devkitPro/devkitARM/lib/gcc/arm-eabi/4.3.3/../../../../arm-eabi/lib/thumb/libg.a(lib_a-sysopen.o)
                0x02015c94                open
 .text          0x02015cb0       0x24 /opt/devkitPro/devkitARM/lib/gcc/arm-eabi/4.3.3/../../../../arm-eabi/lib/thumb/libg.a(lib_a-sysread.o)
                0x02015cb0                read
 .text          0x02015cd4       0x34 /opt/devkitPro/devkitARM/lib/gcc/arm-eabi/4.3.3/../../../../arm-eabi/lib/thumb/libg.a(lib_a-time.o)
                0x02015cd4                time
 .text          0x02015d08      0x4dc /opt/devkitPro/devkitARM/lib/gcc/arm-eabi/4.3.3/../../../../arm-eabi/lib/thumb/libg.a(lib_a-towlower.o)
                0x02015d08                towlower
 .text          0x020161e4      0x5d8 /opt/devkitPro/devkitARM/lib/gcc/arm-eabi/4.3.3/../../../../arm-eabi/lib/thumb/libg.a(lib_a-towupper.o)
                0x020161e4                towupper
 .text          0x020167bc        0x8 /opt/devkitPro/devkitARM/lib/gcc/arm-eabi/4.3.3/../../../../arm-eabi/lib/thumb/libg.a(lib_a-tzlock.o)
                0x020167c0                __tz_unlock
                0x020167bc                __tz_lock
 .text          0x020167c4        0x0 /opt/devkitPro/devkitARM/lib/gcc/arm-eabi/4.3.3/../../../../arm-eabi/lib/thumb/libg.a(lib_a-tzvars.o)
 *fill*         0x020167c4        0x4 ff
 .text          0x020167c8     0x16f8 /opt/devkitPro/devkitARM/lib/gcc/arm-eabi/4.3.3/../../../../arm-eabi/lib/thumb/libg.a(lib_a-vfprintf.o)
                0x020167e8                _vfprintf_r
                0x02017e9c                vfprintf
 .text          0x02017ec0      0xcd0 /opt/devkitPro/devkitARM/lib/gcc/arm-eabi/4.3.3/../../../../arm-eabi/lib/thumb/libg.a(lib_a-vfscanf.o)
                0x02018b04                __svfscanf
                0x02018b28                _vfscanf_r
                0x02018b58                vfscanf
                0x02017ec0                __svfscanf_r
 .text          0x02018b90       0x68 /opt/devkitPro/devkitARM/lib/gcc/arm-eabi/4.3.3/../../../../arm-eabi/lib/thumb/libg.a(lib_a-wcrtomb.o)
                0x02018b90                _wcrtomb_r
                0x02018bd4                wcrtomb
 .text          0x02018bf8      0x108 /opt/devkitPro/devkitARM/lib/gcc/arm-eabi/4.3.3/../../../../arm-eabi/lib/thumb/libg.a(lib_a-wcsrtombs.o)
                0x02018bf8                _wcsrtombs_r
                0x02018cd8                wcsrtombs
 .text          0x02018d00       0x40 /opt/devkitPro/devkitARM/lib/gcc/arm-eabi/4.3.3/../../../../arm-eabi/lib/thumb/libg.a(lib_a-wctob.o)
                0x02018d00                wctob
 .text          0x02018d40      0x2c8 /opt/devkitPro/devkitARM/lib/gcc/arm-eabi/4.3.3/../../../../arm-eabi/lib/thumb/libg.a(lib_a-wctomb_r.o)
                0x02018d40                _wctomb_r
 .text          0x02019008       0xc8 /opt/devkitPro/devkitARM/lib/gcc/arm-eabi/4.3.3/../../../../arm-eabi/lib/thumb/libg.a(lib_a-wsetup.o)
                0x02019008                __swsetup_r
 .text          0x020190d0        0x0 /opt/devkitPro/devkitARM/lib/gcc/arm-eabi/4.3.3/../../../../arm-eabi/lib/thumb/libg.a(lib_a-ctype_.o)
 .text          0x020190d0       0x44 /opt/devkitPro/devkitARM/lib/gcc/arm-eabi/4.3.3/../../../../arm-eabi/lib/thumb/libg.a(lib_a-div.o)
                0x020190d0                div
 *fill*         0x02019114        0x4 ff
 .text          0x02019118      0xf70 /opt/devkitPro/devkitARM/lib/gcc/arm-eabi/4.3.3/../../../../arm-eabi/lib/thumb/libg.a(lib_a-dtoa.o)
                0x02019284                _dtoa_r
 .text          0x0201a088       0x7c /opt/devkitPro/devkitARM/lib/gcc/arm-eabi/4.3.3/../../../../arm-eabi/lib/thumb/libg.a(lib_a-flags.o)
                0x0201a088                __sflags
 .text          0x0201a104      0x318 /opt/devkitPro/devkitARM/lib/gcc/arm-eabi/4.3.3/../../../../arm-eabi/lib/thumb/libg.a(lib_a-fvwrite.o)
                0x0201a104                __sfvwrite_r
 .text          0x0201a41c        0x8 /opt/devkitPro/devkitARM/lib/gcc/arm-eabi/4.3.3/../../../../arm-eabi/lib/thumb/libg.a(lib_a-gettzinfo.o)
                0x0201a41c                __gettzinfo
 .text          0x0201a424       0xec /opt/devkitPro/devkitARM/lib/gcc/arm-eabi/4.3.3/../../../../arm-eabi/lib/thumb/libg.a(lib_a-iswspace.o)
                0x0201a424                iswspace
 .text          0x0201a510      0x178 /opt/devkitPro/devkitARM/lib/gcc/arm-eabi/4.3.3/../../../../arm-eabi/lib/thumb/libg.a(lib_a-jp2uc.o)
                0x0201a510                __jp2uc
 .text          0x0201a688       0x8c /opt/devkitPro/devkitARM/lib/gcc/arm-eabi/4.3.3/../../../../arm-eabi/lib/thumb/libg.a(lib_a-memchr.o)
                0x0201a688                memchr
 *fill*         0x0201a714        0x4 ff
 .text          0x0201a718      0x9e8 /opt/devkitPro/devkitARM/lib/gcc/arm-eabi/4.3.3/../../../../arm-eabi/lib/thumb/libg.a(lib_a-mprec.o)
                0x0201a990                _mprec_log10
                0x0201aa20                __any_on
                0x0201aa7c                _Balloc
                0x0201a93c                __ratio
                0x0201aee8                __i2b
                0x0201a880                __b2d
                0x0201b060                __s2b
                0x0201a7f0                __mcmp
                0x0201a734                __hi0bits
                0x0201afa8                __pow5mult
                0x0201acc8                __lshift
                0x0201ad88                __multiply
                0x0201aad0                __d2b
                0x0201a9d4                __copybits
                0x0201a834                __ulp
                0x0201aba4                __mdiff
                0x0201a788                __lo0bits
                0x0201af00                __multadd
                0x0201a718                _Bfree
 .text          0x0201b100       0x24 /opt/devkitPro/devkitARM/lib/gcc/arm-eabi/4.3.3/../../../../arm-eabi/lib/thumb/libg.a(lib_a-s_isinfd.o)
                0x0201b100                __isinfd
 .text          0x0201b124       0x1c /opt/devkitPro/devkitARM/lib/gcc/arm-eabi/4.3.3/../../../../arm-eabi/lib/thumb/libg.a(lib_a-s_isnand.o)
                0x0201b124                __isnand
 .text          0x0201b140       0x78 /opt/devkitPro/devkitARM/lib/gcc/arm-eabi/4.3.3/../../../../arm-eabi/lib/thumb/libg.a(lib_a-sccl.o)
                0x0201b140                __sccl
 .text          0x0201b1b8        0x8 /opt/devkitPro/devkitARM/lib/gcc/arm-eabi/4.3.3/../../../../arm-eabi/lib/thumb/libg.a(lib_a-sf_nan.o)
                0x0201b1b8                nanf
 .text          0x0201b1c0       0x84 /opt/devkitPro/devkitARM/lib/gcc/arm-eabi/4.3.3/../../../../arm-eabi/lib/thumb/libg.a(lib_a-sprintf.o)
                0x0201b204                _sprintf_r
                0x0201b1c0                sprintf
 *fill*         0x0201b244        0x4 ff
 .text          0x0201b248      0xf10 /opt/devkitPro/devkitARM/lib/gcc/arm-eabi/4.3.3/../../../../arm-eabi/lib/thumb/libg.a(lib_a-strtod.o)
                0x0201b248                _strtod_r
                0x0201c13c                strtod
                0x0201c100                strtof
 .text          0x0201c158      0x18c /opt/devkitPro/devkitARM/lib/gcc/arm-eabi/4.3.3/../../../../arm-eabi/lib/thumb/libg.a(lib_a-strtol.o)
                0x0201c2c0                strtol
                0x0201c158                _strtol_r
 .text          0x0201c2e4      0x190 /opt/devkitPro/devkitARM/lib/gcc/arm-eabi/4.3.3/../../../../arm-eabi/lib/thumb/libg.a(lib_a-strtoul.o)
                0x0201c450                strtoul
                0x0201c2e4                _strtoul_r
 *fill*         0x0201c474        0x4 ff
 .text          0x0201c478     0x15e0 /opt/devkitPro/devkitARM/lib/gcc/arm-eabi/4.3.3/../../../../arm-eabi/lib/thumb/libg.a(lib_a-svfprintf.o)
                0x0201c5a4                _svfprintf_r
 .text          0x0201da58      0x1a0 /opt/devkitPro/devkitARM/lib/gcc/arm-eabi/4.3.3/../../../../arm-eabi/lib/thumb/libg.a(lib_a-ungetc.o)
                0x0201dbdc                ungetc
                0x0201da58                __submore
                0x0201dad4                _ungetc_r
 .text          0x0201dbf8       0x5c /opt/devkitPro/devkitARM/lib/gcc/arm-eabi/4.3.3/../../../../arm-eabi/lib/thumb/libg.a(lib_a-callocr.o)
                0x0201dbf8                _calloc_r
 .text          0x0201dc54      0x5e8 /opt/devkitPro/devkitARM/lib/gcc/arm-eabi/4.3.3/../../../../arm-eabi/lib/thumb/libg.a(lib_a-gdtoa-gethex.o)
                0x0201dc54                __hexdig_init
                0x0201dd64                __gethex
 .text          0x0201e23c      0x1a4 /opt/devkitPro/devkitARM/lib/gcc/arm-eabi/4.3.3/../../../../arm-eabi/lib/thumb/libg.a(lib_a-gdtoa-hexnan.o)
                0x0201e23c                __hexnan
 .text          0x0201e3e0      0x134 /opt/devkitPro/devkitARM/lib/gcc/arm-eabi/4.3.3/../../../../arm-eabi/lib/thumb/libsysbase.a(iosupport.o)
                0x0201e4f0                RemoveDevice
                0x0201e3e0                setDefaultDevice
                0x0201e3f4                AddDevice
                0x0201e4d0                GetDeviceOpTab
                0x0201e46c                FindDevice
 .text          0x0201e514       0x54 /opt/devkitPro/devkitARM/lib/gcc/arm-eabi/4.3.3/../../../../arm-eabi/lib/thumb/libsysbase.a(close.o)
                0x0201e514                _close_r
 .text          0x0201e568       0x5c /opt/devkitPro/devkitARM/lib/gcc/arm-eabi/4.3.3/../../../../arm-eabi/lib/thumb/libsysbase.a(fstat.o)
                0x0201e568                _fstat_r
 .text          0x0201e5c4        0x4 /opt/devkitPro/devkitARM/lib/gcc/arm-eabi/4.3.3/../../../../arm-eabi/lib/thumb/libsysbase.a(isatty.o)
                0x0201e5c4                _isatty_r
 .text          0x0201e5c8       0x54 /opt/devkitPro/devkitARM/lib/gcc/arm-eabi/4.3.3/../../../../arm-eabi/lib/thumb/libsysbase.a(lseek.o)
                0x0201e5c8                _lseek_r
 .text          0x0201e61c       0x9c /opt/devkitPro/devkitARM/lib/gcc/arm-eabi/4.3.3/../../../../arm-eabi/lib/thumb/libsysbase.a(open.o)
                0x0201e61c                _open_r
 .text          0x0201e6b8       0x54 /opt/devkitPro/devkitARM/lib/gcc/arm-eabi/4.3.3/../../../../arm-eabi/lib/thumb/libsysbase.a(read.o)
                0x0201e6b8                _read_r
 .text          0x0201e70c       0x54 /opt/devkitPro/devkitARM/lib/gcc/arm-eabi/4.3.3/../../../../arm-eabi/lib/thumb/libsysbase.a(sbrk.o)
                0x0201e70c                _sbrk_r
 .text          0x0201e760       0x4c /opt/devkitPro/devkitARM/lib/gcc/arm-eabi/4.3.3/../../../../arm-eabi/lib/thumb/libsysbase.a(times.o)
                0x0201e768                _gettimeofday_r
                0x0201e760                _times_r
                0x0201e794                _times
 .text          0x0201e7ac       0x54 /opt/devkitPro/devkitARM/lib/gcc/arm-eabi/4.3.3/../../../../arm-eabi/lib/thumb/libsysbase.a(write.o)
                0x0201e7ac                _write_r
 .text          0x0201e800        0x0 /opt/devkitPro/devkitARM/lib/gcc/arm-eabi/4.3.3/../../../../arm-eabi/lib/thumb/libsysbase.a(malloc_vars.o)
 .text          0x0201e800      0x25c /opt/devkitPro/devkitARM/lib/gcc/arm-eabi/4.3.3/../../../../arm-eabi/lib/thumb/libsysbase.a(chdir.o)
                0x0201e96c                chdir
                0x0201e800                getcwd
                0x0201e850                _concatenate_path
 .text          0x0201ea5c       0x54 /opt/devkitPro/devkitARM/lib/gcc/arm-eabi/4.3.3/../../../../arm-eabi/lib/thumb/libsysbase.a(build_argv.o)
                0x0201ea5c                build_argv
 .text          0x0201eab0       0x90 /opt/devkitPro/devkitARM/lib/gcc/arm-eabi/4.3.3/../../../../arm-eabi/lib/thumb/libsysbase.a(handle_manager.o)
                0x0201eb10                __release_handle
                0x0201ead0                __alloc_handle
                0x0201eab0                __get_handle
 .text          0x0201eb40      0x41c /opt/devkitPro/devkitARM/lib/gcc/arm-eabi/4.3.3/thumb/libgcc.a(_addsubdf3.o)
                0x0201eefc                __floatdidf
                0x0201ee80                __floatsidf
                0x0201ee5c                __aeabi_ui2d
                0x0201eb40                __aeabi_drsub
                0x0201eea8                __extendsfdf2
                0x0201eb4c                __adddf3
                0x0201ee5c                __floatunsidf
                0x0201eb4c                __aeabi_dadd
                0x0201eee8                __aeabi_ul2d
                0x0201eb48                __aeabi_dsub
                0x0201eee8                __floatundidf
                0x0201ee80                __aeabi_i2d
                0x0201eefc                __aeabi_l2d
                0x0201eea8                __aeabi_f2d
                0x0201eb48                __subdf3
 .text          0x0201ef5c      0x49c /opt/devkitPro/devkitARM/lib/gcc/arm-eabi/4.3.3/thumb/libgcc.a(_muldivdf3.o)
                0x0201f1ec                __aeabi_ddiv
                0x0201ef5c                __aeabi_dmul
                0x0201f1ec                __divdf3
                0x0201ef5c                __muldf3
 .text          0x0201f3f8      0x140 /opt/devkitPro/devkitARM/lib/gcc/arm-eabi/4.3.3/thumb/libgcc.a(_cmpdf2.o)
                0x0201f4f0                __aeabi_dcmple
                0x0201f408                __cmpdf2
                0x0201f408                __eqdf2
                0x0201f3f8                __gtdf2
                0x0201f4a8                __aeabi_cdcmple
                0x0201f48c                __aeabi_cdrcmple
                0x0201f400                __ltdf2
                0x0201f4d8                __aeabi_dcmplt
                0x0201f400                __ledf2
                0x0201f520                __aeabi_dcmpgt
                0x0201f508                __aeabi_dcmpge
                0x0201f408                __nedf2
                0x0201f4c0                __aeabi_dcmpeq
                0x0201f4a8                __aeabi_cdcmpeq
                0x0201f3f8                __gedf2
 .text          0x0201f538       0x5c /opt/devkitPro/devkitARM/lib/gcc/arm-eabi/4.3.3/thumb/libgcc.a(_fixdfsi.o)
                0x0201f538                __fixdfsi
                0x0201f538                __aeabi_d2iz
 .text          0x0201f594       0x54 /opt/devkitPro/devkitARM/lib/gcc/arm-eabi/4.3.3/thumb/libgcc.a(_fixunsdfsi.o)
                0x0201f594                __fixunsdfsi
                0x0201f594                __aeabi_d2uiz
 .text          0x0201f5e8       0xa0 /opt/devkitPro/devkitARM/lib/gcc/arm-eabi/4.3.3/thumb/libgcc.a(_truncdfsf2.o)
                0x0201f5e8                __aeabi_d2f
                0x0201f5e8                __truncdfsf2
 .text          0x0201f688        0xc /opt/devkitPro/devkitARM/lib/gcc/arm-eabi/4.3.3/../../../../arm-eabi/lib/thumb/libg.a(lib_a-errno.o)
                0x0201f688                __errno
 .text          0x0201f694        0x0 /opt/devkitPro/devkitARM/lib/gcc/arm-eabi/4.3.3/thumb/crtend.o
 .text          0x0201f694        0x0 /opt/devkitPro/devkitARM/lib/gcc/arm-eabi/4.3.3/thumb/crtn.o
 *(.text.*)
 *(.stub)
 *(.gnu.warning)
 *(.gnu.linkonce.t*)
 *(.glue_7)
 .glue_7        0x0201f694        0x0 /opt/devkitPro/devkitARM/lib/gcc/arm-eabi/4.3.3/../../../../arm-eabi/lib/thumb/ds_arm9_crt0.o
 .glue_7        0x0201f694        0x0 /opt/devkitPro/devkitARM/lib/gcc/arm-eabi/4.3.3/thumb/crti.o
 .glue_7        0x0201f694        0x0 /opt/devkitPro/devkitARM/lib/gcc/arm-eabi/4.3.3/thumb/crtbegin.o
 .glue_7        0x0201f694        0x0 soundbank.bin.o
 .glue_7        0x0201f694        0x0 alexxzandrite.o
 .glue_7        0x0201f694        0x0 amazonite.o
 .glue_7        0x0201f694        0x0 background.o
 .glue_7        0x0201f694        0x0 bronze.o
 .glue_7        0x0201f694        0x0 controls.o
 .glue_7        0x0201f694        0x0 diamond.o
 .glue_7        0x0201f694        0x0 FONDS.o
 .glue_7        0x0201f694        0x0 Game-Over.o
 .glue_7        0x0201f694        0x0 numbers.o
 .glue_7        0x0201f694        0x0 numbers_small.o
 .glue_7        0x0201f694        0x0 PlayerHorizontal.o
 .glue_7        0x0201f694        0x0 PlayerVertical.o
 .glue_7        0x0201f694        0x0 game.o
 .glue_7        0x0201f694        0x0 graphics_main.o
 .glue_7        0x0201f694        0x0 graphics_sub.o
 .glue_7        0x0201f694        0x0 main.o
 .glue_7        0x0201f694        0x0 mineral.o
 .glue_7        0x0201f694        0x0 P_Audio.o
 .glue_7        0x0201f694        0x0 P_Score.o
 .glue_7        0x0201f694        0x0 timer_game.o
 .glue_7        0x0201f694        0x0 /opt/devkitPro/libnds/lib/libfat.a(libfat.o)
 .glue_7        0x0201f694        0x0 /opt/devkitPro/libnds/lib/libfat.a(partition.o)
 .glue_7        0x0201f694        0x0 /opt/devkitPro/libnds/lib/libfat.a(cache.o)
 .glue_7        0x0201f694        0x0 /opt/devkitPro/libnds/lib/libfat.a(disc.o)
 .glue_7        0x0201f694        0x0 /opt/devkitPro/libnds/lib/libfat.a(fatdir.o)
 .glue_7        0x0201f694        0x0 /opt/devkitPro/libnds/lib/libfat.a(fatfile.o)
 .glue_7        0x0201f694        0x0 /opt/devkitPro/libnds/lib/libfat.a(file_allocation_table.o)
 .glue_7        0x0201f694        0x0 /opt/devkitPro/libnds/lib/libfat.a(filetime.o)
 .glue_7        0x0201f694        0x0 /opt/devkitPro/libnds/lib/libfat.a(directory.o)
 .glue_7        0x0201f694        0x0 /opt/devkitPro/libnds/lib/libnds9.a(initSystem.o)
 .glue_7        0x0201f694        0x0 /opt/devkitPro/libnds/lib/libnds9.a(keys.o)
 .glue_7        0x0201f694        0x0 /opt/devkitPro/libnds/lib/libnds9.a(sprite.o)
 .glue_7        0x0201f694        0x0 /opt/devkitPro/libnds/lib/libnds9.a(sprite_alloc.o)
 .glue_7        0x0201f694        0x0 /opt/devkitPro/libnds/lib/libnds9.a(system.o)
 .glue_7        0x0201f694        0x0 /opt/devkitPro/libnds/lib/libnds9.a(touch.o)
 .glue_7        0x0201f694        0x0 /opt/devkitPro/libnds/lib/libnds9.a(trig.o)
 .glue_7        0x0201f694        0x0 /opt/devkitPro/libnds/lib/libnds9.a(videoGL.o)
 .glue_7        0x0201f694        0x0 /opt/devkitPro/libnds/lib/libnds9.a(dldi.o)
 .glue_7        0x0201f694        0x0 /opt/devkitPro/libnds/lib/libnds9.a(fifosystem.o)
 .glue_7        0x0201f694        0x0 /opt/devkitPro/libnds/lib/libnds9.a(interrupts.o)
 .glue_7        0x0201f694        0x0 /opt/devkitPro/libnds/lib/libnds9.a(dcache.o)
 .glue_7        0x0201f694        0x0 /opt/devkitPro/libnds/lib/libnds9.a(dldi_stub.o)
 .glue_7        0x0201f694        0x0 /opt/devkitPro/libnds/lib/libnds9.a(biosCalls.o)
 .glue_7        0x0201f694        0x0 /opt/devkitPro/libnds/lib/libnds9.a(interruptDispatcher.o)
 .glue_7        0x0201f694        0x0 /opt/devkitPro/libnds/lib/libnds9.a(video.o)
 .glue_7        0x0201f694        0x0 /opt/devkitPro/libnds/lib/libmm9.a(mm_comms.o)
 .glue_7        0x0201f694        0x0 /opt/devkitPro/libnds/lib/libmm9.a(mm_main9.o)
 .glue_7        0x0201f694        0x0 /opt/devkitPro/libnds/lib/libmm9.a(mm_memory.o)
 .glue_7        0x0201f694        0x0 /opt/devkitPro/libnds/lib/libmm9.a(mm_soundbank.o)
 .glue_7        0x0201f694        0x0 /opt/devkitPro/libnds/lib/libmm9.a(mm_flusher.o)
 .glue_7        0x0201f694        0x0 /opt/devkitPro/devkitARM/lib/gcc/arm-eabi/4.3.3/thumb/libgcc.a(_udivsi3.o)
 .glue_7        0x0201f694        0x0 /opt/devkitPro/devkitARM/lib/gcc/arm-eabi/4.3.3/thumb/libgcc.a(_divsi3.o)
 .glue_7        0x0201f694        0x0 /opt/devkitPro/devkitARM/lib/gcc/arm-eabi/4.3.3/thumb/libgcc.a(_dvmd_tls.o)
 .glue_7        0x0201f694        0x0 /opt/devkitPro/devkitARM/lib/gcc/arm-eabi/4.3.3/thumb/libgcc.a(_muldi3.o)
 .glue_7        0x0201f694        0x0 /opt/devkitPro/devkitARM/lib/gcc/arm-eabi/4.3.3/../../../../arm-eabi/lib/thumb/libg.a(lib_a-bsearch.o)
 .glue_7        0x0201f694        0x0 /opt/devkitPro/devkitARM/lib/gcc/arm-eabi/4.3.3/../../../../arm-eabi/lib/thumb/libg.a(lib_a-fclose.o)
 .glue_7        0x0201f694        0x0 /opt/devkitPro/devkitARM/lib/gcc/arm-eabi/4.3.3/../../../../arm-eabi/lib/thumb/libg.a(lib_a-fflush.o)
 .glue_7        0x0201f694        0x0 /opt/devkitPro/devkitARM/lib/gcc/arm-eabi/4.3.3/../../../../arm-eabi/lib/thumb/libg.a(lib_a-findfp.o)
 .glue_7        0x0201f694        0x0 /opt/devkitPro/devkitARM/lib/gcc/arm-eabi/4.3.3/../../../../arm-eabi/lib/thumb/libg.a(lib_a-fopen.o)
 .glue_7        0x0201f694        0x0 /opt/devkitPro/devkitARM/lib/gcc/arm-eabi/4.3.3/../../../../arm-eabi/lib/thumb/libg.a(lib_a-fprintf.o)
 .glue_7        0x0201f694        0x0 /opt/devkitPro/devkitARM/lib/gcc/arm-eabi/4.3.3/../../../../arm-eabi/lib/thumb/libg.a(lib_a-fread.o)
 .glue_7        0x0201f694        0x0 /opt/devkitPro/devkitARM/lib/gcc/arm-eabi/4.3.3/../../../../arm-eabi/lib/thumb/libg.a(lib_a-freer.o)
 .glue_7        0x0201f694        0x0 /opt/devkitPro/devkitARM/lib/gcc/arm-eabi/4.3.3/../../../../arm-eabi/lib/thumb/libg.a(lib_a-fscanf.o)
 .glue_7        0x0201f694        0x0 /opt/devkitPro/devkitARM/lib/gcc/arm-eabi/4.3.3/../../../../arm-eabi/lib/thumb/libg.a(lib_a-fseek.o)
 .glue_7        0x0201f694        0x0 /opt/devkitPro/devkitARM/lib/gcc/arm-eabi/4.3.3/../../../../arm-eabi/lib/thumb/libg.a(lib_a-fwalk.o)
 .glue_7        0x0201f694        0x0 /opt/devkitPro/devkitARM/lib/gcc/arm-eabi/4.3.3/../../../../arm-eabi/lib/thumb/libg.a(lib_a-impure.o)
 .glue_7        0x0201f694        0x0 /opt/devkitPro/devkitARM/lib/gcc/arm-eabi/4.3.3/../../../../arm-eabi/lib/thumb/libg.a(lib_a-init.o)
 .glue_7        0x0201f694        0x0 /opt/devkitPro/devkitARM/lib/gcc/arm-eabi/4.3.3/../../../../arm-eabi/lib/thumb/libg.a(lib_a-lcltime_r.o)
 .glue_7        0x0201f694        0x0 /opt/devkitPro/devkitARM/lib/gcc/arm-eabi/4.3.3/../../../../arm-eabi/lib/thumb/libg.a(lib_a-locale.o)
 .glue_7        0x0201f694        0x0 /opt/devkitPro/devkitARM/lib/gcc/arm-eabi/4.3.3/../../../../arm-eabi/lib/thumb/libg.a(lib_a-makebuf.o)
 .glue_7        0x0201f694        0x0 /opt/devkitPro/devkitARM/lib/gcc/arm-eabi/4.3.3/../../../../arm-eabi/lib/thumb/libg.a(lib_a-malloc.o)
 .glue_7        0x0201f694        0x0 /opt/devkitPro/devkitARM/lib/gcc/arm-eabi/4.3.3/../../../../arm-eabi/lib/thumb/libg.a(lib_a-mallocr.o)
 .glue_7        0x0201f694        0x0 /opt/devkitPro/devkitARM/lib/gcc/arm-eabi/4.3.3/../../../../arm-eabi/lib/thumb/libg.a(lib_a-mbrtowc.o)
 .glue_7        0x0201f694        0x0 /opt/devkitPro/devkitARM/lib/gcc/arm-eabi/4.3.3/../../../../arm-eabi/lib/thumb/libg.a(lib_a-mbsrtowcs.o)
 .glue_7        0x0201f694        0x0 /opt/devkitPro/devkitARM/lib/gcc/arm-eabi/4.3.3/../../../../arm-eabi/lib/thumb/libg.a(lib_a-mbtowc_r.o)
 .glue_7        0x0201f694        0x0 /opt/devkitPro/devkitARM/lib/gcc/arm-eabi/4.3.3/../../../../arm-eabi/lib/thumb/libg.a(lib_a-memcmp.o)
 .glue_7        0x0201f694        0x0 /opt/devkitPro/devkitARM/lib/gcc/arm-eabi/4.3.3/../../../../arm-eabi/lib/thumb/libg.a(lib_a-memcpy.o)
 .glue_7        0x0201f694        0x0 /opt/devkitPro/devkitARM/lib/gcc/arm-eabi/4.3.3/../../../../arm-eabi/lib/thumb/libg.a(lib_a-memmove.o)
 .glue_7        0x0201f694        0x0 /opt/devkitPro/devkitARM/lib/gcc/arm-eabi/4.3.3/../../../../arm-eabi/lib/thumb/libg.a(lib_a-memset.o)
 .glue_7        0x0201f694        0x0 /opt/devkitPro/devkitARM/lib/gcc/arm-eabi/4.3.3/../../../../arm-eabi/lib/thumb/libg.a(lib_a-mktime.o)
 .glue_7        0x0201f694        0x0 /opt/devkitPro/devkitARM/lib/gcc/arm-eabi/4.3.3/../../../../arm-eabi/lib/thumb/libg.a(lib_a-mktm_r.o)
 .glue_7        0x0201f694        0x0 /opt/devkitPro/devkitARM/lib/gcc/arm-eabi/4.3.3/../../../../arm-eabi/lib/thumb/libg.a(lib_a-mlock.o)
 .glue_7        0x0201f694        0x0 /opt/devkitPro/devkitARM/lib/gcc/arm-eabi/4.3.3/../../../../arm-eabi/lib/thumb/libg.a(lib_a-printf.o)
 .glue_7        0x0201f694        0x0 /opt/devkitPro/devkitARM/lib/gcc/arm-eabi/4.3.3/../../../../arm-eabi/lib/thumb/libg.a(lib_a-rand.o)
 .glue_7        0x0201f694        0x0 /opt/devkitPro/devkitARM/lib/gcc/arm-eabi/4.3.3/../../../../arm-eabi/lib/thumb/libg.a(lib_a-realloc.o)
 .glue_7        0x0201f694        0x0 /opt/devkitPro/devkitARM/lib/gcc/arm-eabi/4.3.3/../../../../arm-eabi/lib/thumb/libg.a(lib_a-reallocr.o)
 .glue_7        0x0201f694        0x0 /opt/devkitPro/devkitARM/lib/gcc/arm-eabi/4.3.3/../../../../arm-eabi/lib/thumb/libg.a(lib_a-refill.o)
 .glue_7        0x0201f694        0x0 /opt/devkitPro/devkitARM/lib/gcc/arm-eabi/4.3.3/../../../../arm-eabi/lib/thumb/libg.a(lib_a-stdio.o)
 .glue_7        0x0201f694        0x0 /opt/devkitPro/devkitARM/lib/gcc/arm-eabi/4.3.3/../../../../arm-eabi/lib/thumb/libg.a(lib_a-strchr.o)
 .glue_7        0x0201f694        0x0 /opt/devkitPro/devkitARM/lib/gcc/arm-eabi/4.3.3/../../../../arm-eabi/lib/thumb/libg.a(lib_a-strcmp.o)
 .glue_7        0x0201f694        0x0 /opt/devkitPro/devkitARM/lib/gcc/arm-eabi/4.3.3/../../../../arm-eabi/lib/thumb/libg.a(lib_a-strcpy.o)
 .glue_7        0x0201f694        0x0 /opt/devkitPro/devkitARM/lib/gcc/arm-eabi/4.3.3/../../../../arm-eabi/lib/thumb/libg.a(lib_a-strlen.o)
 .glue_7        0x0201f694        0x0 /opt/devkitPro/devkitARM/lib/gcc/arm-eabi/4.3.3/../../../../arm-eabi/lib/thumb/libg.a(lib_a-strncasecmp.o)
 .glue_7        0x0201f694        0x0 /opt/devkitPro/devkitARM/lib/gcc/arm-eabi/4.3.3/../../../../arm-eabi/lib/thumb/libg.a(lib_a-strncmp.o)
 .glue_7        0x0201f694        0x0 /opt/devkitPro/devkitARM/lib/gcc/arm-eabi/4.3.3/../../../../arm-eabi/lib/thumb/libg.a(lib_a-strncpy.o)
 .glue_7        0x0201f694        0x0 /opt/devkitPro/devkitARM/lib/gcc/arm-eabi/4.3.3/../../../../arm-eabi/lib/thumb/libg.a(lib_a-strnlen.o)
 .glue_7        0x0201f694        0x0 /opt/devkitPro/devkitARM/lib/gcc/arm-eabi/4.3.3/../../../../arm-eabi/lib/thumb/libg.a(lib_a-strpbrk.o)
 .glue_7        0x0201f694        0x0 /opt/devkitPro/devkitARM/lib/gcc/arm-eabi/4.3.3/../../../../arm-eabi/lib/thumb/libg.a(lib_a-strrchr.o)
 .glue_7        0x0201f694        0x0 /opt/devkitPro/devkitARM/lib/gcc/arm-eabi/4.3.3/../../../../arm-eabi/lib/thumb/libg.a(lib_a-sysclose.o)
 .glue_7        0x0201f694        0x0 /opt/devkitPro/devkitARM/lib/gcc/arm-eabi/4.3.3/../../../../arm-eabi/lib/thumb/libg.a(lib_a-syslseek.o)
 .glue_7        0x0201f694        0x0 /opt/devkitPro/devkitARM/lib/gcc/arm-eabi/4.3.3/../../../../arm-eabi/lib/thumb/libg.a(lib_a-sysopen.o)
 .glue_7        0x0201f694        0x0 /opt/devkitPro/devkitARM/lib/gcc/arm-eabi/4.3.3/../../../../arm-eabi/lib/thumb/libg.a(lib_a-sysread.o)
 .glue_7        0x0201f694        0x0 /opt/devkitPro/devkitARM/lib/gcc/arm-eabi/4.3.3/../../../../arm-eabi/lib/thumb/libg.a(lib_a-time.o)
 .glue_7        0x0201f694        0x0 /opt/devkitPro/devkitARM/lib/gcc/arm-eabi/4.3.3/../../../../arm-eabi/lib/thumb/libg.a(lib_a-towlower.o)
 .glue_7        0x0201f694        0x0 /opt/devkitPro/devkitARM/lib/gcc/arm-eabi/4.3.3/../../../../arm-eabi/lib/thumb/libg.a(lib_a-towupper.o)
 .glue_7        0x0201f694        0x0 /opt/devkitPro/devkitARM/lib/gcc/arm-eabi/4.3.3/../../../../arm-eabi/lib/thumb/libg.a(lib_a-tzlock.o)
 .glue_7        0x0201f694        0x0 /opt/devkitPro/devkitARM/lib/gcc/arm-eabi/4.3.3/../../../../arm-eabi/lib/thumb/libg.a(lib_a-tzvars.o)
 .glue_7        0x0201f694        0x0 /opt/devkitPro/devkitARM/lib/gcc/arm-eabi/4.3.3/../../../../arm-eabi/lib/thumb/libg.a(lib_a-vfprintf.o)
 .glue_7        0x0201f694        0x0 /opt/devkitPro/devkitARM/lib/gcc/arm-eabi/4.3.3/../../../../arm-eabi/lib/thumb/libg.a(lib_a-vfscanf.o)
 .glue_7        0x0201f694        0x0 /opt/devkitPro/devkitARM/lib/gcc/arm-eabi/4.3.3/../../../../arm-eabi/lib/thumb/libg.a(lib_a-wcrtomb.o)
 .glue_7        0x0201f694        0x0 /opt/devkitPro/devkitARM/lib/gcc/arm-eabi/4.3.3/../../../../arm-eabi/lib/thumb/libg.a(lib_a-wcsrtombs.o)
 .glue_7        0x0201f694        0x0 /opt/devkitPro/devkitARM/lib/gcc/arm-eabi/4.3.3/../../../../arm-eabi/lib/thumb/libg.a(lib_a-wctob.o)
 .glue_7        0x0201f694        0x0 /opt/devkitPro/devkitARM/lib/gcc/arm-eabi/4.3.3/../../../../arm-eabi/lib/thumb/libg.a(lib_a-wctomb_r.o)
 .glue_7        0x0201f694        0x0 /opt/devkitPro/devkitARM/lib/gcc/arm-eabi/4.3.3/../../../../arm-eabi/lib/thumb/libg.a(lib_a-wsetup.o)
 .glue_7        0x0201f694        0x0 /opt/devkitPro/devkitARM/lib/gcc/arm-eabi/4.3.3/../../../../arm-eabi/lib/thumb/libg.a(lib_a-ctype_.o)
 .glue_7        0x0201f694        0x0 /opt/devkitPro/devkitARM/lib/gcc/arm-eabi/4.3.3/../../../../arm-eabi/lib/thumb/libg.a(lib_a-div.o)
 .glue_7        0x0201f694        0x0 /opt/devkitPro/devkitARM/lib/gcc/arm-eabi/4.3.3/../../../../arm-eabi/lib/thumb/libg.a(lib_a-dtoa.o)
 .glue_7        0x0201f694        0x0 /opt/devkitPro/devkitARM/lib/gcc/arm-eabi/4.3.3/../../../../arm-eabi/lib/thumb/libg.a(lib_a-flags.o)
 .glue_7        0x0201f694        0x0 /opt/devkitPro/devkitARM/lib/gcc/arm-eabi/4.3.3/../../../../arm-eabi/lib/thumb/libg.a(lib_a-fvwrite.o)
 .glue_7        0x0201f694        0x0 /opt/devkitPro/devkitARM/lib/gcc/arm-eabi/4.3.3/../../../../arm-eabi/lib/thumb/libg.a(lib_a-gettzinfo.o)
 .glue_7        0x0201f694        0x0 /opt/devkitPro/devkitARM/lib/gcc/arm-eabi/4.3.3/../../../../arm-eabi/lib/thumb/libg.a(lib_a-iswspace.o)
 .glue_7        0x0201f694        0x0 /opt/devkitPro/devkitARM/lib/gcc/arm-eabi/4.3.3/../../../../arm-eabi/lib/thumb/libg.a(lib_a-jp2uc.o)
 .glue_7        0x0201f694        0x0 /opt/devkitPro/devkitARM/lib/gcc/arm-eabi/4.3.3/../../../../arm-eabi/lib/thumb/libg.a(lib_a-memchr.o)
 .glue_7        0x0201f694        0x0 /opt/devkitPro/devkitARM/lib/gcc/arm-eabi/4.3.3/../../../../arm-eabi/lib/thumb/libg.a(lib_a-mprec.o)
 .glue_7        0x0201f694        0x0 /opt/devkitPro/devkitARM/lib/gcc/arm-eabi/4.3.3/../../../../arm-eabi/lib/thumb/libg.a(lib_a-s_isinfd.o)
 .glue_7        0x0201f694        0x0 /opt/devkitPro/devkitARM/lib/gcc/arm-eabi/4.3.3/../../../../arm-eabi/lib/thumb/libg.a(lib_a-s_isnand.o)
 .glue_7        0x0201f694        0x0 /opt/devkitPro/devkitARM/lib/gcc/arm-eabi/4.3.3/../../../../arm-eabi/lib/thumb/libg.a(lib_a-sccl.o)
 .glue_7        0x0201f694        0x0 /opt/devkitPro/devkitARM/lib/gcc/arm-eabi/4.3.3/../../../../arm-eabi/lib/thumb/libg.a(lib_a-sf_nan.o)
 .glue_7        0x0201f694        0x0 /opt/devkitPro/devkitARM/lib/gcc/arm-eabi/4.3.3/../../../../arm-eabi/lib/thumb/libg.a(lib_a-sprintf.o)
 .glue_7        0x0201f694        0x0 /opt/devkitPro/devkitARM/lib/gcc/arm-eabi/4.3.3/../../../../arm-eabi/lib/thumb/libg.a(lib_a-strtod.o)
 .glue_7        0x0201f694        0x0 /opt/devkitPro/devkitARM/lib/gcc/arm-eabi/4.3.3/../../../../arm-eabi/lib/thumb/libg.a(lib_a-strtol.o)
 .glue_7        0x0201f694        0x0 /opt/devkitPro/devkitARM/lib/gcc/arm-eabi/4.3.3/../../../../arm-eabi/lib/thumb/libg.a(lib_a-strtoul.o)
 .glue_7        0x0201f694        0x0 /opt/devkitPro/devkitARM/lib/gcc/arm-eabi/4.3.3/../../../../arm-eabi/lib/thumb/libg.a(lib_a-svfprintf.o)
 .glue_7        0x0201f694        0x0 /opt/devkitPro/devkitARM/lib/gcc/arm-eabi/4.3.3/../../../../arm-eabi/lib/thumb/libg.a(lib_a-ungetc.o)
 .glue_7        0x0201f694        0x0 /opt/devkitPro/devkitARM/lib/gcc/arm-eabi/4.3.3/../../../../arm-eabi/lib/thumb/libg.a(lib_a-callocr.o)
 .glue_7        0x0201f694        0x0 /opt/devkitPro/devkitARM/lib/gcc/arm-eabi/4.3.3/../../../../arm-eabi/lib/thumb/libg.a(lib_a-gdtoa-gethex.o)
 .glue_7        0x0201f694        0x0 /opt/devkitPro/devkitARM/lib/gcc/arm-eabi/4.3.3/../../../../arm-eabi/lib/thumb/libg.a(lib_a-gdtoa-hexnan.o)
 .glue_7        0x0201f694        0x0 /opt/devkitPro/devkitARM/lib/gcc/arm-eabi/4.3.3/../../../../arm-eabi/lib/thumb/libsysbase.a(iosupport.o)
 .glue_7        0x0201f694        0x0 /opt/devkitPro/devkitARM/lib/gcc/arm-eabi/4.3.3/../../../../arm-eabi/lib/thumb/libsysbase.a(close.o)
 .glue_7        0x0201f694        0x0 /opt/devkitPro/devkitARM/lib/gcc/arm-eabi/4.3.3/../../../../arm-eabi/lib/thumb/libsysbase.a(fstat.o)
 .glue_7        0x0201f694        0x0 /opt/devkitPro/devkitARM/lib/gcc/arm-eabi/4.3.3/../../../../arm-eabi/lib/thumb/libsysbase.a(isatty.o)
 .glue_7        0x0201f694        0x0 /opt/devkitPro/devkitARM/lib/gcc/arm-eabi/4.3.3/../../../../arm-eabi/lib/thumb/libsysbase.a(lseek.o)
 .glue_7        0x0201f694        0x0 /opt/devkitPro/devkitARM/lib/gcc/arm-eabi/4.3.3/../../../../arm-eabi/lib/thumb/libsysbase.a(open.o)
 .glue_7        0x0201f694        0x0 /opt/devkitPro/devkitARM/lib/gcc/arm-eabi/4.3.3/../../../../arm-eabi/lib/thumb/libsysbase.a(read.o)
 .glue_7        0x0201f694        0x0 /opt/devkitPro/devkitARM/lib/gcc/arm-eabi/4.3.3/../../../../arm-eabi/lib/thumb/libsysbase.a(sbrk.o)
 .glue_7        0x0201f694        0x0 /opt/devkitPro/devkitARM/lib/gcc/arm-eabi/4.3.3/../../../../arm-eabi/lib/thumb/libsysbase.a(times.o)
 .glue_7        0x0201f694        0x0 /opt/devkitPro/devkitARM/lib/gcc/arm-eabi/4.3.3/../../../../arm-eabi/lib/thumb/libsysbase.a(write.o)
 .glue_7        0x0201f694        0x0 /opt/devkitPro/devkitARM/lib/gcc/arm-eabi/4.3.3/../../../../arm-eabi/lib/thumb/libsysbase.a(malloc_vars.o)
 .glue_7        0x0201f694        0x0 /opt/devkitPro/devkitARM/lib/gcc/arm-eabi/4.3.3/../../../../arm-eabi/lib/thumb/libsysbase.a(chdir.o)
 .glue_7        0x0201f694        0x0 /opt/devkitPro/devkitARM/lib/gcc/arm-eabi/4.3.3/../../../../arm-eabi/lib/thumb/libsysbase.a(build_argv.o)
 .glue_7        0x0201f694        0x0 /opt/devkitPro/devkitARM/lib/gcc/arm-eabi/4.3.3/../../../../arm-eabi/lib/thumb/libsysbase.a(handle_manager.o)
 .glue_7        0x0201f694        0x0 /opt/devkitPro/devkitARM/lib/gcc/arm-eabi/4.3.3/thumb/libgcc.a(_addsubdf3.o)
 .glue_7        0x0201f694        0x0 /opt/devkitPro/devkitARM/lib/gcc/arm-eabi/4.3.3/thumb/libgcc.a(_muldivdf3.o)
 .glue_7        0x0201f694        0x0 /opt/devkitPro/devkitARM/lib/gcc/arm-eabi/4.3.3/thumb/libgcc.a(_cmpdf2.o)
 .glue_7        0x0201f694        0x0 /opt/devkitPro/devkitARM/lib/gcc/arm-eabi/4.3.3/thumb/libgcc.a(_fixdfsi.o)
 .glue_7        0x0201f694        0x0 /opt/devkitPro/devkitARM/lib/gcc/arm-eabi/4.3.3/thumb/libgcc.a(_fixunsdfsi.o)
 .glue_7        0x0201f694        0x0 /opt/devkitPro/devkitARM/lib/gcc/arm-eabi/4.3.3/thumb/libgcc.a(_truncdfsf2.o)
 .glue_7        0x0201f694        0x0 /opt/devkitPro/devkitARM/lib/gcc/arm-eabi/4.3.3/../../../../arm-eabi/lib/thumb/libg.a(lib_a-errno.o)
 .glue_7        0x0201f694        0x0 /opt/devkitPro/devkitARM/lib/gcc/arm-eabi/4.3.3/thumb/crtend.o
 .glue_7        0x0201f694        0x0 /opt/devkitPro/devkitARM/lib/gcc/arm-eabi/4.3.3/thumb/crtn.o
 *(.glue_7t)
 .glue_7t       0x0201f694        0x0 /opt/devkitPro/devkitARM/lib/gcc/arm-eabi/4.3.3/../../../../arm-eabi/lib/thumb/ds_arm9_crt0.o
 .glue_7t       0x0201f694        0x0 /opt/devkitPro/devkitARM/lib/gcc/arm-eabi/4.3.3/thumb/crti.o
 .glue_7t       0x0201f694        0x0 /opt/devkitPro/devkitARM/lib/gcc/arm-eabi/4.3.3/thumb/crtbegin.o
 .glue_7t       0x0201f694        0x0 soundbank.bin.o
 .glue_7t       0x0201f694        0x0 alexxzandrite.o
 .glue_7t       0x0201f694        0x0 amazonite.o
 .glue_7t       0x0201f694        0x0 background.o
 .glue_7t       0x0201f694        0x0 bronze.o
 .glue_7t       0x0201f694        0x0 controls.o
 .glue_7t       0x0201f694        0x0 diamond.o
 .glue_7t       0x0201f694        0x0 FONDS.o
 .glue_7t       0x0201f694        0x0 Game-Over.o
 .glue_7t       0x0201f694        0x0 numbers.o
 .glue_7t       0x0201f694        0x0 numbers_small.o
 .glue_7t       0x0201f694        0x0 PlayerHorizontal.o
 .glue_7t       0x0201f694        0x0 PlayerVertical.o
 .glue_7t       0x0201f694        0x0 game.o
 .glue_7t       0x0201f694        0x0 graphics_main.o
 .glue_7t       0x0201f694        0x0 graphics_sub.o
 .glue_7t       0x0201f694        0x0 main.o
 .glue_7t       0x0201f694        0x0 mineral.o
 .glue_7t       0x0201f694        0x0 P_Audio.o
 .glue_7t       0x0201f694        0x0 P_Score.o
 .glue_7t       0x0201f694        0x0 timer_game.o
 .glue_7t       0x0201f694        0x0 /opt/devkitPro/libnds/lib/libfat.a(libfat.o)
 .glue_7t       0x0201f694        0x0 /opt/devkitPro/libnds/lib/libfat.a(partition.o)
 .glue_7t       0x0201f694        0x0 /opt/devkitPro/libnds/lib/libfat.a(cache.o)
 .glue_7t       0x0201f694        0x0 /opt/devkitPro/libnds/lib/libfat.a(disc.o)
 .glue_7t       0x0201f694        0x0 /opt/devkitPro/libnds/lib/libfat.a(fatdir.o)
 .glue_7t       0x0201f694        0x0 /opt/devkitPro/libnds/lib/libfat.a(fatfile.o)
 .glue_7t       0x0201f694        0x0 /opt/devkitPro/libnds/lib/libfat.a(file_allocation_table.o)
 .glue_7t       0x0201f694        0x0 /opt/devkitPro/libnds/lib/libfat.a(filetime.o)
 .glue_7t       0x0201f694        0x0 /opt/devkitPro/libnds/lib/libfat.a(directory.o)
 .glue_7t       0x0201f694        0x0 /opt/devkitPro/libnds/lib/libnds9.a(initSystem.o)
 .glue_7t       0x0201f694        0x0 /opt/devkitPro/libnds/lib/libnds9.a(keys.o)
 .glue_7t       0x0201f694        0x0 /opt/devkitPro/libnds/lib/libnds9.a(sprite.o)
 .glue_7t       0x0201f694        0x0 /opt/devkitPro/libnds/lib/libnds9.a(sprite_alloc.o)
 .glue_7t       0x0201f694        0x0 /opt/devkitPro/libnds/lib/libnds9.a(system.o)
 .glue_7t       0x0201f694        0x0 /opt/devkitPro/libnds/lib/libnds9.a(touch.o)
 .glue_7t       0x0201f694        0x0 /opt/devkitPro/libnds/lib/libnds9.a(trig.o)
 .glue_7t       0x0201f694        0x0 /opt/devkitPro/libnds/lib/libnds9.a(videoGL.o)
 .glue_7t       0x0201f694        0x0 /opt/devkitPro/libnds/lib/libnds9.a(dldi.o)
 .glue_7t       0x0201f694        0x0 /opt/devkitPro/libnds/lib/libnds9.a(fifosystem.o)
 .glue_7t       0x0201f694        0x0 /opt/devkitPro/libnds/lib/libnds9.a(interrupts.o)
 .glue_7t       0x0201f694        0x0 /opt/devkitPro/libnds/lib/libnds9.a(dcache.o)
 .glue_7t       0x0201f694        0x0 /opt/devkitPro/libnds/lib/libnds9.a(dldi_stub.o)
 .glue_7t       0x0201f694        0x0 /opt/devkitPro/libnds/lib/libnds9.a(biosCalls.o)
 .glue_7t       0x0201f694        0x0 /opt/devkitPro/libnds/lib/libnds9.a(interruptDispatcher.o)
 .glue_7t       0x0201f694        0x0 /opt/devkitPro/libnds/lib/libnds9.a(video.o)
 .glue_7t       0x0201f694        0x0 /opt/devkitPro/libnds/lib/libmm9.a(mm_comms.o)
 .glue_7t       0x0201f694        0x0 /opt/devkitPro/libnds/lib/libmm9.a(mm_main9.o)
 .glue_7t       0x0201f694        0x0 /opt/devkitPro/libnds/lib/libmm9.a(mm_memory.o)
 .glue_7t       0x0201f694        0x0 /opt/devkitPro/libnds/lib/libmm9.a(mm_soundbank.o)
 .glue_7t       0x0201f694        0x0 /opt/devkitPro/libnds/lib/libmm9.a(mm_flusher.o)
 .glue_7t       0x0201f694        0x0 /opt/devkitPro/devkitARM/lib/gcc/arm-eabi/4.3.3/thumb/libgcc.a(_udivsi3.o)
 .glue_7t       0x0201f694        0x0 /opt/devkitPro/devkitARM/lib/gcc/arm-eabi/4.3.3/thumb/libgcc.a(_divsi3.o)
 .glue_7t       0x0201f694        0x0 /opt/devkitPro/devkitARM/lib/gcc/arm-eabi/4.3.3/thumb/libgcc.a(_dvmd_tls.o)
 .glue_7t       0x0201f694        0x0 /opt/devkitPro/devkitARM/lib/gcc/arm-eabi/4.3.3/thumb/libgcc.a(_muldi3.o)
 .glue_7t       0x0201f694        0x0 /opt/devkitPro/devkitARM/lib/gcc/arm-eabi/4.3.3/../../../../arm-eabi/lib/thumb/libg.a(lib_a-bsearch.o)
 .glue_7t       0x0201f694        0x0 /opt/devkitPro/devkitARM/lib/gcc/arm-eabi/4.3.3/../../../../arm-eabi/lib/thumb/libg.a(lib_a-fclose.o)
 .glue_7t       0x0201f694        0x0 /opt/devkitPro/devkitARM/lib/gcc/arm-eabi/4.3.3/../../../../arm-eabi/lib/thumb/libg.a(lib_a-fflush.o)
 .glue_7t       0x0201f694        0x0 /opt/devkitPro/devkitARM/lib/gcc/arm-eabi/4.3.3/../../../../arm-eabi/lib/thumb/libg.a(lib_a-findfp.o)
 .glue_7t       0x0201f694        0x0 /opt/devkitPro/devkitARM/lib/gcc/arm-eabi/4.3.3/../../../../arm-eabi/lib/thumb/libg.a(lib_a-fopen.o)
 .glue_7t       0x0201f694        0x0 /opt/devkitPro/devkitARM/lib/gcc/arm-eabi/4.3.3/../../../../arm-eabi/lib/thumb/libg.a(lib_a-fprintf.o)
 .glue_7t       0x0201f694        0x0 /opt/devkitPro/devkitARM/lib/gcc/arm-eabi/4.3.3/../../../../arm-eabi/lib/thumb/libg.a(lib_a-fread.o)
 .glue_7t       0x0201f694        0x0 /opt/devkitPro/devkitARM/lib/gcc/arm-eabi/4.3.3/../../../../arm-eabi/lib/thumb/libg.a(lib_a-freer.o)
 .glue_7t       0x0201f694        0x0 /opt/devkitPro/devkitARM/lib/gcc/arm-eabi/4.3.3/../../../../arm-eabi/lib/thumb/libg.a(lib_a-fscanf.o)
 .glue_7t       0x0201f694        0x0 /opt/devkitPro/devkitARM/lib/gcc/arm-eabi/4.3.3/../../../../arm-eabi/lib/thumb/libg.a(lib_a-fseek.o)
 .glue_7t       0x0201f694        0x0 /opt/devkitPro/devkitARM/lib/gcc/arm-eabi/4.3.3/../../../../arm-eabi/lib/thumb/libg.a(lib_a-fwalk.o)
 .glue_7t       0x0201f694        0x0 /opt/devkitPro/devkitARM/lib/gcc/arm-eabi/4.3.3/../../../../arm-eabi/lib/thumb/libg.a(lib_a-impure.o)
 .glue_7t       0x0201f694        0x0 /opt/devkitPro/devkitARM/lib/gcc/arm-eabi/4.3.3/../../../../arm-eabi/lib/thumb/libg.a(lib_a-init.o)
 .glue_7t       0x0201f694        0x0 /opt/devkitPro/devkitARM/lib/gcc/arm-eabi/4.3.3/../../../../arm-eabi/lib/thumb/libg.a(lib_a-lcltime_r.o)
 .glue_7t       0x0201f694        0x0 /opt/devkitPro/devkitARM/lib/gcc/arm-eabi/4.3.3/../../../../arm-eabi/lib/thumb/libg.a(lib_a-locale.o)
 .glue_7t       0x0201f694        0x0 /opt/devkitPro/devkitARM/lib/gcc/arm-eabi/4.3.3/../../../../arm-eabi/lib/thumb/libg.a(lib_a-makebuf.o)
 .glue_7t       0x0201f694        0x0 /opt/devkitPro/devkitARM/lib/gcc/arm-eabi/4.3.3/../../../../arm-eabi/lib/thumb/libg.a(lib_a-malloc.o)
 .glue_7t       0x0201f694        0x0 /opt/devkitPro/devkitARM/lib/gcc/arm-eabi/4.3.3/../../../../arm-eabi/lib/thumb/libg.a(lib_a-mallocr.o)
 .glue_7t       0x0201f694        0x0 /opt/devkitPro/devkitARM/lib/gcc/arm-eabi/4.3.3/../../../../arm-eabi/lib/thumb/libg.a(lib_a-mbrtowc.o)
 .glue_7t       0x0201f694        0x0 /opt/devkitPro/devkitARM/lib/gcc/arm-eabi/4.3.3/../../../../arm-eabi/lib/thumb/libg.a(lib_a-mbsrtowcs.o)
 .glue_7t       0x0201f694        0x0 /opt/devkitPro/devkitARM/lib/gcc/arm-eabi/4.3.3/../../../../arm-eabi/lib/thumb/libg.a(lib_a-mbtowc_r.o)
 .glue_7t       0x0201f694        0x0 /opt/devkitPro/devkitARM/lib/gcc/arm-eabi/4.3.3/../../../../arm-eabi/lib/thumb/libg.a(lib_a-memcmp.o)
 .glue_7t       0x0201f694        0x0 /opt/devkitPro/devkitARM/lib/gcc/arm-eabi/4.3.3/../../../../arm-eabi/lib/thumb/libg.a(lib_a-memcpy.o)
 .glue_7t       0x0201f694        0x0 /opt/devkitPro/devkitARM/lib/gcc/arm-eabi/4.3.3/../../../../arm-eabi/lib/thumb/libg.a(lib_a-memmove.o)
 .glue_7t       0x0201f694        0x0 /opt/devkitPro/devkitARM/lib/gcc/arm-eabi/4.3.3/../../../../arm-eabi/lib/thumb/libg.a(lib_a-memset.o)
 .glue_7t       0x0201f694        0x0 /opt/devkitPro/devkitARM/lib/gcc/arm-eabi/4.3.3/../../../../arm-eabi/lib/thumb/libg.a(lib_a-mktime.o)
 .glue_7t       0x0201f694        0x0 /opt/devkitPro/devkitARM/lib/gcc/arm-eabi/4.3.3/../../../../arm-eabi/lib/thumb/libg.a(lib_a-mktm_r.o)
 .glue_7t       0x0201f694        0x0 /opt/devkitPro/devkitARM/lib/gcc/arm-eabi/4.3.3/../../../../arm-eabi/lib/thumb/libg.a(lib_a-mlock.o)
 .glue_7t       0x0201f694        0x0 /opt/devkitPro/devkitARM/lib/gcc/arm-eabi/4.3.3/../../../../arm-eabi/lib/thumb/libg.a(lib_a-printf.o)
 .glue_7t       0x0201f694        0x0 /opt/devkitPro/devkitARM/lib/gcc/arm-eabi/4.3.3/../../../../arm-eabi/lib/thumb/libg.a(lib_a-rand.o)
 .glue_7t       0x0201f694        0x0 /opt/devkitPro/devkitARM/lib/gcc/arm-eabi/4.3.3/../../../../arm-eabi/lib/thumb/libg.a(lib_a-realloc.o)
 .glue_7t       0x0201f694        0x0 /opt/devkitPro/devkitARM/lib/gcc/arm-eabi/4.3.3/../../../../arm-eabi/lib/thumb/libg.a(lib_a-reallocr.o)
 .glue_7t       0x0201f694        0x0 /opt/devkitPro/devkitARM/lib/gcc/arm-eabi/4.3.3/../../../../arm-eabi/lib/thumb/libg.a(lib_a-refill.o)
 .glue_7t       0x0201f694        0x0 /opt/devkitPro/devkitARM/lib/gcc/arm-eabi/4.3.3/../../../../arm-eabi/lib/thumb/libg.a(lib_a-stdio.o)
 .glue_7t       0x0201f694        0x0 /opt/devkitPro/devkitARM/lib/gcc/arm-eabi/4.3.3/../../../../arm-eabi/lib/thumb/libg.a(lib_a-strchr.o)
 .glue_7t       0x0201f694        0x0 /opt/devkitPro/devkitARM/lib/gcc/arm-eabi/4.3.3/../../../../arm-eabi/lib/thumb/libg.a(lib_a-strcmp.o)
 .glue_7t       0x0201f694        0x0 /opt/devkitPro/devkitARM/lib/gcc/arm-eabi/4.3.3/../../../../arm-eabi/lib/thumb/libg.a(lib_a-strcpy.o)
 .glue_7t       0x0201f694        0x0 /opt/devkitPro/devkitARM/lib/gcc/arm-eabi/4.3.3/../../../../arm-eabi/lib/thumb/libg.a(lib_a-strlen.o)
 .glue_7t       0x0201f694        0x0 /opt/devkitPro/devkitARM/lib/gcc/arm-eabi/4.3.3/../../../../arm-eabi/lib/thumb/libg.a(lib_a-strncasecmp.o)
 .glue_7t       0x0201f694        0x0 /opt/devkitPro/devkitARM/lib/gcc/arm-eabi/4.3.3/../../../../arm-eabi/lib/thumb/libg.a(lib_a-strncmp.o)
 .glue_7t       0x0201f694        0x0 /opt/devkitPro/devkitARM/lib/gcc/arm-eabi/4.3.3/../../../../arm-eabi/lib/thumb/libg.a(lib_a-strncpy.o)
 .glue_7t       0x0201f694        0x0 /opt/devkitPro/devkitARM/lib/gcc/arm-eabi/4.3.3/../../../../arm-eabi/lib/thumb/libg.a(lib_a-strnlen.o)
 .glue_7t       0x0201f694        0x0 /opt/devkitPro/devkitARM/lib/gcc/arm-eabi/4.3.3/../../../../arm-eabi/lib/thumb/libg.a(lib_a-strpbrk.o)
 .glue_7t       0x0201f694        0x0 /opt/devkitPro/devkitARM/lib/gcc/arm-eabi/4.3.3/../../../../arm-eabi/lib/thumb/libg.a(lib_a-strrchr.o)
 .glue_7t       0x0201f694        0x0 /opt/devkitPro/devkitARM/lib/gcc/arm-eabi/4.3.3/../../../../arm-eabi/lib/thumb/libg.a(lib_a-sysclose.o)
 .glue_7t       0x0201f694        0x0 /opt/devkitPro/devkitARM/lib/gcc/arm-eabi/4.3.3/../../../../arm-eabi/lib/thumb/libg.a(lib_a-syslseek.o)
 .glue_7t       0x0201f694        0x0 /opt/devkitPro/devkitARM/lib/gcc/arm-eabi/4.3.3/../../../../arm-eabi/lib/thumb/libg.a(lib_a-sysopen.o)
 .glue_7t       0x0201f694        0x0 /opt/devkitPro/devkitARM/lib/gcc/arm-eabi/4.3.3/../../../../arm-eabi/lib/thumb/libg.a(lib_a-sysread.o)
 .glue_7t       0x0201f694        0x0 /opt/devkitPro/devkitARM/lib/gcc/arm-eabi/4.3.3/../../../../arm-eabi/lib/thumb/libg.a(lib_a-time.o)
 .glue_7t       0x0201f694        0x0 /opt/devkitPro/devkitARM/lib/gcc/arm-eabi/4.3.3/../../../../arm-eabi/lib/thumb/libg.a(lib_a-towlower.o)
 .glue_7t       0x0201f694        0x0 /opt/devkitPro/devkitARM/lib/gcc/arm-eabi/4.3.3/../../../../arm-eabi/lib/thumb/libg.a(lib_a-towupper.o)
 .glue_7t       0x0201f694        0x0 /opt/devkitPro/devkitARM/lib/gcc/arm-eabi/4.3.3/../../../../arm-eabi/lib/thumb/libg.a(lib_a-tzlock.o)
 .glue_7t       0x0201f694        0x0 /opt/devkitPro/devkitARM/lib/gcc/arm-eabi/4.3.3/../../../../arm-eabi/lib/thumb/libg.a(lib_a-tzvars.o)
 .glue_7t       0x0201f694        0x0 /opt/devkitPro/devkitARM/lib/gcc/arm-eabi/4.3.3/../../../../arm-eabi/lib/thumb/libg.a(lib_a-vfprintf.o)
 .glue_7t       0x0201f694        0x0 /opt/devkitPro/devkitARM/lib/gcc/arm-eabi/4.3.3/../../../../arm-eabi/lib/thumb/libg.a(lib_a-vfscanf.o)
 .glue_7t       0x0201f694        0x0 /opt/devkitPro/devkitARM/lib/gcc/arm-eabi/4.3.3/../../../../arm-eabi/lib/thumb/libg.a(lib_a-wcrtomb.o)
 .glue_7t       0x0201f694        0x0 /opt/devkitPro/devkitARM/lib/gcc/arm-eabi/4.3.3/../../../../arm-eabi/lib/thumb/libg.a(lib_a-wcsrtombs.o)
 .glue_7t       0x0201f694        0x0 /opt/devkitPro/devkitARM/lib/gcc/arm-eabi/4.3.3/../../../../arm-eabi/lib/thumb/libg.a(lib_a-wctob.o)
 .glue_7t       0x0201f694        0x0 /opt/devkitPro/devkitARM/lib/gcc/arm-eabi/4.3.3/../../../../arm-eabi/lib/thumb/libg.a(lib_a-wctomb_r.o)
 .glue_7t       0x0201f694        0x0 /opt/devkitPro/devkitARM/lib/gcc/arm-eabi/4.3.3/../../../../arm-eabi/lib/thumb/libg.a(lib_a-wsetup.o)
 .glue_7t       0x0201f694        0x0 /opt/devkitPro/devkitARM/lib/gcc/arm-eabi/4.3.3/../../../../arm-eabi/lib/thumb/libg.a(lib_a-ctype_.o)
 .glue_7t       0x0201f694        0x0 /opt/devkitPro/devkitARM/lib/gcc/arm-eabi/4.3.3/../../../../arm-eabi/lib/thumb/libg.a(lib_a-div.o)
 .glue_7t       0x0201f694        0x0 /opt/devkitPro/devkitARM/lib/gcc/arm-eabi/4.3.3/../../../../arm-eabi/lib/thumb/libg.a(lib_a-dtoa.o)
 .glue_7t       0x0201f694        0x0 /opt/devkitPro/devkitARM/lib/gcc/arm-eabi/4.3.3/../../../../arm-eabi/lib/thumb/libg.a(lib_a-flags.o)
 .glue_7t       0x0201f694        0x0 /opt/devkitPro/devkitARM/lib/gcc/arm-eabi/4.3.3/../../../../arm-eabi/lib/thumb/libg.a(lib_a-fvwrite.o)
 .glue_7t       0x0201f694        0x0 /opt/devkitPro/devkitARM/lib/gcc/arm-eabi/4.3.3/../../../../arm-eabi/lib/thumb/libg.a(lib_a-gettzinfo.o)
 .glue_7t       0x0201f694        0x0 /opt/devkitPro/devkitARM/lib/gcc/arm-eabi/4.3.3/../../../../arm-eabi/lib/thumb/libg.a(lib_a-iswspace.o)
 .glue_7t       0x0201f694        0x0 /opt/devkitPro/devkitARM/lib/gcc/arm-eabi/4.3.3/../../../../arm-eabi/lib/thumb/libg.a(lib_a-jp2uc.o)
 .glue_7t       0x0201f694        0x0 /opt/devkitPro/devkitARM/lib/gcc/arm-eabi/4.3.3/../../../../arm-eabi/lib/thumb/libg.a(lib_a-memchr.o)
 .glue_7t       0x0201f694        0x0 /opt/devkitPro/devkitARM/lib/gcc/arm-eabi/4.3.3/../../../../arm-eabi/lib/thumb/libg.a(lib_a-mprec.o)
 .glue_7t       0x0201f694        0x0 /opt/devkitPro/devkitARM/lib/gcc/arm-eabi/4.3.3/../../../../arm-eabi/lib/thumb/libg.a(lib_a-s_isinfd.o)
 .glue_7t       0x0201f694        0x0 /opt/devkitPro/devkitARM/lib/gcc/arm-eabi/4.3.3/../../../../arm-eabi/lib/thumb/libg.a(lib_a-s_isnand.o)
 .glue_7t       0x0201f694        0x0 /opt/devkitPro/devkitARM/lib/gcc/arm-eabi/4.3.3/../../../../arm-eabi/lib/thumb/libg.a(lib_a-sccl.o)
 .glue_7t       0x0201f694        0x0 /opt/devkitPro/devkitARM/lib/gcc/arm-eabi/4.3.3/../../../../arm-eabi/lib/thumb/libg.a(lib_a-sf_nan.o)
 .glue_7t       0x0201f694        0x0 /opt/devkitPro/devkitARM/lib/gcc/arm-eabi/4.3.3/../../../../arm-eabi/lib/thumb/libg.a(lib_a-sprintf.o)
 .glue_7t       0x0201f694        0x0 /opt/devkitPro/devkitARM/lib/gcc/arm-eabi/4.3.3/../../../../arm-eabi/lib/thumb/libg.a(lib_a-strtod.o)
 .glue_7t       0x0201f694        0x0 /opt/devkitPro/devkitARM/lib/gcc/arm-eabi/4.3.3/../../../../arm-eabi/lib/thumb/libg.a(lib_a-strtol.o)
 .glue_7t       0x0201f694        0x0 /opt/devkitPro/devkitARM/lib/gcc/arm-eabi/4.3.3/../../../../arm-eabi/lib/thumb/libg.a(lib_a-strtoul.o)
 .glue_7t       0x0201f694        0x0 /opt/devkitPro/devkitARM/lib/gcc/arm-eabi/4.3.3/../../../../arm-eabi/lib/thumb/libg.a(lib_a-svfprintf.o)
 .glue_7t       0x0201f694        0x0 /opt/devkitPro/devkitARM/lib/gcc/arm-eabi/4.3.3/../../../../arm-eabi/lib/thumb/libg.a(lib_a-ungetc.o)
 .glue_7t       0x0201f694        0x0 /opt/devkitPro/devkitARM/lib/gcc/arm-eabi/4.3.3/../../../../arm-eabi/lib/thumb/libg.a(lib_a-callocr.o)
 .glue_7t       0x0201f694        0x0 /opt/devkitPro/devkitARM/lib/gcc/arm-eabi/4.3.3/../../../../arm-eabi/lib/thumb/libg.a(lib_a-gdtoa-gethex.o)
 .glue_7t       0x0201f694        0x0 /opt/devkitPro/devkitARM/lib/gcc/arm-eabi/4.3.3/../../../../arm-eabi/lib/thumb/libg.a(lib_a-gdtoa-hexnan.o)
 .glue_7t       0x0201f694        0x0 /opt/devkitPro/devkitARM/lib/gcc/arm-eabi/4.3.3/../../../../arm-eabi/lib/thumb/libsysbase.a(iosupport.o)
 .glue_7t       0x0201f694        0x0 /opt/devkitPro/devkitARM/lib/gcc/arm-eabi/4.3.3/../../../../arm-eabi/lib/thumb/libsysbase.a(close.o)
 .glue_7t       0x0201f694        0x0 /opt/devkitPro/devkitARM/lib/gcc/arm-eabi/4.3.3/../../../../arm-eabi/lib/thumb/libsysbase.a(fstat.o)
 .glue_7t       0x0201f694        0x0 /opt/devkitPro/devkitARM/lib/gcc/arm-eabi/4.3.3/../../../../arm-eabi/lib/thumb/libsysbase.a(isatty.o)
 .glue_7t       0x0201f694        0x0 /opt/devkitPro/devkitARM/lib/gcc/arm-eabi/4.3.3/../../../../arm-eabi/lib/thumb/libsysbase.a(lseek.o)
 .glue_7t       0x0201f694        0x0 /opt/devkitPro/devkitARM/lib/gcc/arm-eabi/4.3.3/../../../../arm-eabi/lib/thumb/libsysbase.a(open.o)
 .glue_7t       0x0201f694        0x0 /opt/devkitPro/devkitARM/lib/gcc/arm-eabi/4.3.3/../../../../arm-eabi/lib/thumb/libsysbase.a(read.o)
 .glue_7t       0x0201f694        0x0 /opt/devkitPro/devkitARM/lib/gcc/arm-eabi/4.3.3/../../../../arm-eabi/lib/thumb/libsysbase.a(sbrk.o)
 .glue_7t       0x0201f694        0x0 /opt/devkitPro/devkitARM/lib/gcc/arm-eabi/4.3.3/../../../../arm-eabi/lib/thumb/libsysbase.a(times.o)
 .glue_7t       0x0201f694        0x0 /opt/devkitPro/devkitARM/lib/gcc/arm-eabi/4.3.3/../../../../arm-eabi/lib/thumb/libsysbase.a(write.o)
 .glue_7t       0x0201f694        0x0 /opt/devkitPro/devkitARM/lib/gcc/arm-eabi/4.3.3/../../../../arm-eabi/lib/thumb/libsysbase.a(malloc_vars.o)
 .glue_7t       0x0201f694        0x0 /opt/devkitPro/devkitARM/lib/gcc/arm-eabi/4.3.3/../../../../arm-eabi/lib/thumb/libsysbase.a(chdir.o)
 .glue_7t       0x0201f694        0x0 /opt/devkitPro/devkitARM/lib/gcc/arm-eabi/4.3.3/../../../../arm-eabi/lib/thumb/libsysbase.a(build_argv.o)
 .glue_7t       0x0201f694        0x0 /opt/devkitPro/devkitARM/lib/gcc/arm-eabi/4.3.3/../../../../arm-eabi/lib/thumb/libsysbase.a(handle_manager.o)
 .glue_7t       0x0201f694        0x0 /opt/devkitPro/devkitARM/lib/gcc/arm-eabi/4.3.3/thumb/libgcc.a(_addsubdf3.o)
 .glue_7t       0x0201f694        0x0 /opt/devkitPro/devkitARM/lib/gcc/arm-eabi/4.3.3/thumb/libgcc.a(_muldivdf3.o)
 .glue_7t       0x0201f694        0x0 /opt/devkitPro/devkitARM/lib/gcc/arm-eabi/4.3.3/thumb/libgcc.a(_cmpdf2.o)
 .glue_7t       0x0201f694        0x0 /opt/devkitPro/devkitARM/lib/gcc/arm-eabi/4.3.3/thumb/libgcc.a(_fixdfsi.o)
 .glue_7t       0x0201f694        0x0 /opt/devkitPro/devkitARM/lib/gcc/arm-eabi/4.3.3/thumb/libgcc.a(_fixunsdfsi.o)
 .glue_7t       0x0201f694        0x0 /opt/devkitPro/devkitARM/lib/gcc/arm-eabi/4.3.3/thumb/libgcc.a(_truncdfsf2.o)
 .glue_7t       0x0201f694        0x0 /opt/devkitPro/devkitARM/lib/gcc/arm-eabi/4.3.3/../../../../arm-eabi/lib/thumb/libg.a(lib_a-errno.o)
 .glue_7t       0x0201f694        0x0 /opt/devkitPro/devkitARM/lib/gcc/arm-eabi/4.3.3/thumb/crtend.o
 .glue_7t       0x0201f694        0x0 /opt/devkitPro/devkitARM/lib/gcc/arm-eabi/4.3.3/thumb/crtn.o
                0x0201f694                . = ALIGN (0x4)

.vfp11_veneer   0x00000000        0x0
 .vfp11_veneer  0x00000000        0x0 /opt/devkitPro/devkitARM/lib/gcc/arm-eabi/4.3.3/../../../../arm-eabi/lib/thumb/ds_arm9_crt0.o
 .vfp11_veneer  0x00000000        0x0 /opt/devkitPro/devkitARM/lib/gcc/arm-eabi/4.3.3/thumb/crti.o
 .vfp11_veneer  0x00000000        0x0 /opt/devkitPro/devkitARM/lib/gcc/arm-eabi/4.3.3/thumb/crtbegin.o
 .vfp11_veneer  0x00000000        0x0 soundbank.bin.o
 .vfp11_veneer  0x00000000        0x0 alexxzandrite.o
 .vfp11_veneer  0x00000000        0x0 amazonite.o
 .vfp11_veneer  0x00000000        0x0 background.o
 .vfp11_veneer  0x00000000        0x0 bronze.o
 .vfp11_veneer  0x00000000        0x0 controls.o
 .vfp11_veneer  0x00000000        0x0 diamond.o
 .vfp11_veneer  0x00000000        0x0 FONDS.o
 .vfp11_veneer  0x00000000        0x0 Game-Over.o
 .vfp11_veneer  0x00000000        0x0 numbers.o
 .vfp11_veneer  0x00000000        0x0 numbers_small.o
 .vfp11_veneer  0x00000000        0x0 PlayerHorizontal.o
 .vfp11_veneer  0x00000000        0x0 PlayerVertical.o
 .vfp11_veneer  0x00000000        0x0 game.o
 .vfp11_veneer  0x00000000        0x0 graphics_main.o
 .vfp11_veneer  0x00000000        0x0 graphics_sub.o
 .vfp11_veneer  0x00000000        0x0 main.o
 .vfp11_veneer  0x00000000        0x0 mineral.o
 .vfp11_veneer  0x00000000        0x0 P_Audio.o
 .vfp11_veneer  0x00000000        0x0 P_Score.o
 .vfp11_veneer  0x00000000        0x0 timer_game.o
 .vfp11_veneer  0x00000000        0x0 /opt/devkitPro/libnds/lib/libfat.a(libfat.o)
 .vfp11_veneer  0x00000000        0x0 /opt/devkitPro/libnds/lib/libfat.a(partition.o)
 .vfp11_veneer  0x00000000        0x0 /opt/devkitPro/libnds/lib/libfat.a(cache.o)
 .vfp11_veneer  0x00000000        0x0 /opt/devkitPro/libnds/lib/libfat.a(disc.o)
 .vfp11_veneer  0x00000000        0x0 /opt/devkitPro/libnds/lib/libfat.a(fatdir.o)
 .vfp11_veneer  0x00000000        0x0 /opt/devkitPro/libnds/lib/libfat.a(fatfile.o)
 .vfp11_veneer  0x00000000        0x0 /opt/devkitPro/libnds/lib/libfat.a(file_allocation_table.o)
 .vfp11_veneer  0x00000000        0x0 /opt/devkitPro/libnds/lib/libfat.a(filetime.o)
 .vfp11_veneer  0x00000000        0x0 /opt/devkitPro/libnds/lib/libfat.a(directory.o)
 .vfp11_veneer  0x00000000        0x0 /opt/devkitPro/libnds/lib/libnds9.a(initSystem.o)
 .vfp11_veneer  0x00000000        0x0 /opt/devkitPro/libnds/lib/libnds9.a(keys.o)
 .vfp11_veneer  0x00000000        0x0 /opt/devkitPro/libnds/lib/libnds9.a(sprite.o)
 .vfp11_veneer  0x00000000        0x0 /opt/devkitPro/libnds/lib/libnds9.a(sprite_alloc.o)
 .vfp11_veneer  0x00000000        0x0 /opt/devkitPro/libnds/lib/libnds9.a(system.o)
 .vfp11_veneer  0x00000000        0x0 /opt/devkitPro/libnds/lib/libnds9.a(touch.o)
 .vfp11_veneer  0x00000000        0x0 /opt/devkitPro/libnds/lib/libnds9.a(trig.o)
 .vfp11_veneer  0x00000000        0x0 /opt/devkitPro/libnds/lib/libnds9.a(videoGL.o)
 .vfp11_veneer  0x00000000        0x0 /opt/devkitPro/libnds/lib/libnds9.a(dldi.o)
 .vfp11_veneer  0x00000000        0x0 /opt/devkitPro/libnds/lib/libnds9.a(fifosystem.o)
 .vfp11_veneer  0x00000000        0x0 /opt/devkitPro/libnds/lib/libnds9.a(interrupts.o)
 .vfp11_veneer  0x00000000        0x0 /opt/devkitPro/libnds/lib/libnds9.a(dcache.o)
 .vfp11_veneer  0x00000000        0x0 /opt/devkitPro/libnds/lib/libnds9.a(dldi_stub.o)
 .vfp11_veneer  0x00000000        0x0 /opt/devkitPro/libnds/lib/libnds9.a(biosCalls.o)
 .vfp11_veneer  0x00000000        0x0 /opt/devkitPro/libnds/lib/libnds9.a(interruptDispatcher.o)
 .vfp11_veneer  0x00000000        0x0 /opt/devkitPro/libnds/lib/libnds9.a(video.o)
 .vfp11_veneer  0x00000000        0x0 /opt/devkitPro/libnds/lib/libmm9.a(mm_comms.o)
 .vfp11_veneer  0x00000000        0x0 /opt/devkitPro/libnds/lib/libmm9.a(mm_main9.o)
 .vfp11_veneer  0x00000000        0x0 /opt/devkitPro/libnds/lib/libmm9.a(mm_memory.o)
 .vfp11_veneer  0x00000000        0x0 /opt/devkitPro/libnds/lib/libmm9.a(mm_soundbank.o)
 .vfp11_veneer  0x00000000        0x0 /opt/devkitPro/libnds/lib/libmm9.a(mm_flusher.o)
 .vfp11_veneer  0x00000000        0x0 /opt/devkitPro/devkitARM/lib/gcc/arm-eabi/4.3.3/thumb/libgcc.a(_udivsi3.o)
 .vfp11_veneer  0x00000000        0x0 /opt/devkitPro/devkitARM/lib/gcc/arm-eabi/4.3.3/thumb/libgcc.a(_divsi3.o)
 .vfp11_veneer  0x00000000        0x0 /opt/devkitPro/devkitARM/lib/gcc/arm-eabi/4.3.3/thumb/libgcc.a(_dvmd_tls.o)
 .vfp11_veneer  0x00000000        0x0 /opt/devkitPro/devkitARM/lib/gcc/arm-eabi/4.3.3/thumb/libgcc.a(_muldi3.o)
 .vfp11_veneer  0x00000000        0x0 /opt/devkitPro/devkitARM/lib/gcc/arm-eabi/4.3.3/../../../../arm-eabi/lib/thumb/libg.a(lib_a-bsearch.o)
 .vfp11_veneer  0x00000000        0x0 /opt/devkitPro/devkitARM/lib/gcc/arm-eabi/4.3.3/../../../../arm-eabi/lib/thumb/libg.a(lib_a-fclose.o)
 .vfp11_veneer  0x00000000        0x0 /opt/devkitPro/devkitARM/lib/gcc/arm-eabi/4.3.3/../../../../arm-eabi/lib/thumb/libg.a(lib_a-fflush.o)
 .vfp11_veneer  0x00000000        0x0 /opt/devkitPro/devkitARM/lib/gcc/arm-eabi/4.3.3/../../../../arm-eabi/lib/thumb/libg.a(lib_a-findfp.o)
 .vfp11_veneer  0x00000000        0x0 /opt/devkitPro/devkitARM/lib/gcc/arm-eabi/4.3.3/../../../../arm-eabi/lib/thumb/libg.a(lib_a-fopen.o)
 .vfp11_veneer  0x00000000        0x0 /opt/devkitPro/devkitARM/lib/gcc/arm-eabi/4.3.3/../../../../arm-eabi/lib/thumb/libg.a(lib_a-fprintf.o)
 .vfp11_veneer  0x00000000        0x0 /opt/devkitPro/devkitARM/lib/gcc/arm-eabi/4.3.3/../../../../arm-eabi/lib/thumb/libg.a(lib_a-fread.o)
 .vfp11_veneer  0x00000000        0x0 /opt/devkitPro/devkitARM/lib/gcc/arm-eabi/4.3.3/../../../../arm-eabi/lib/thumb/libg.a(lib_a-freer.o)
 .vfp11_veneer  0x00000000        0x0 /opt/devkitPro/devkitARM/lib/gcc/arm-eabi/4.3.3/../../../../arm-eabi/lib/thumb/libg.a(lib_a-fscanf.o)
 .vfp11_veneer  0x00000000        0x0 /opt/devkitPro/devkitARM/lib/gcc/arm-eabi/4.3.3/../../../../arm-eabi/lib/thumb/libg.a(lib_a-fseek.o)
 .vfp11_veneer  0x00000000        0x0 /opt/devkitPro/devkitARM/lib/gcc/arm-eabi/4.3.3/../../../../arm-eabi/lib/thumb/libg.a(lib_a-fwalk.o)
 .vfp11_veneer  0x00000000        0x0 /opt/devkitPro/devkitARM/lib/gcc/arm-eabi/4.3.3/../../../../arm-eabi/lib/thumb/libg.a(lib_a-impure.o)
 .vfp11_veneer  0x00000000        0x0 /opt/devkitPro/devkitARM/lib/gcc/arm-eabi/4.3.3/../../../../arm-eabi/lib/thumb/libg.a(lib_a-init.o)
 .vfp11_veneer  0x00000000        0x0 /opt/devkitPro/devkitARM/lib/gcc/arm-eabi/4.3.3/../../../../arm-eabi/lib/thumb/libg.a(lib_a-lcltime_r.o)