Archive member included because of file (symbol)

/opt/devkitPro/libnds/lib/libfat.a(libfat.o)
                              main.o (fatInitDefault)
/opt/devkitPro/libnds/lib/libfat.a(partition.o)
                              /opt/devkitPro/libnds/lib/libfat.a(libfat.o) (_FAT_partition_destructor)
/opt/devkitPro/libnds/lib/libfat.a(cache.o)
                              /opt/devkitPro/libnds/lib/libfat.a(partition.o) (_FAT_cache_destructor)
/opt/devkitPro/libnds/lib/libfat.a(disc.o)
                              /opt/devkitPro/libnds/lib/libfat.a(libfat.o) (_FAT_disc_interfaces)
/opt/devkitPro/libnds/lib/libfat.a(fatdir.o)
                              /opt/devkitPro/libnds/lib/libfat.a(libfat.o) (_FAT_link_r)
/opt/devkitPro/libnds/lib/libfat.a(fatfile.o)
                              /opt/devkitPro/libnds/lib/libfat.a(libfat.o) (_FAT_ftruncate_r)
/opt/devkitPro/libnds/lib/libfat.a(file_allocation_table.o)
                              /opt/devkitPro/libnds/lib/libfat.a(fatfile.o) (_FAT_fat_nextCluster)
/opt/devkitPro/libnds/lib/libfat.a(filetime.o)
                              /opt/devkitPro/libnds/lib/libfat.a(fatdir.o) (_FAT_filetime_getDateFromRTC)
/opt/devkitPro/libnds/lib/libfat.a(directory.o)
                              /opt/devkitPro/libnds/lib/libfat.a(fatdir.o) (_FAT_directory_entryGetCluster)
/opt/devkitPro/libnds/lib/libnds9.a(initSystem.o)
                              /opt/devkitPro/devkitARM/lib/gcc/arm-eabi/4.3.3/../../../../arm-eabi/lib/thumb/ds_arm9_crt0.o (initSystem)
/opt/devkitPro/libnds/lib/libnds9.a(keys.o)
                              main.o (scanKeys)
/opt/devkitPro/libnds/lib/libnds9.a(sprite.o)
                              game.o (oamMain)
/opt/devkitPro/libnds/lib/libnds9.a(sprite_alloc.o)
                              /opt/devkitPro/libnds/lib/libnds9.a(sprite.o) (oamAllocReset)
/opt/devkitPro/libnds/lib/libnds9.a(system.o)
                              /opt/devkitPro/libnds/lib/libnds9.a(initSystem.o) (powerValueHandler)
/opt/devkitPro/libnds/lib/libnds9.a(touch.o)
                              game.o (touchRead)
/opt/devkitPro/libnds/lib/libnds9.a(trig.o)
                              /opt/devkitPro/libnds/lib/libnds9.a(sprite.o) (sinLerp)
/opt/devkitPro/libnds/lib/libnds9.a(videoGL.o)
                              game.o (glGlobalData)
/opt/devkitPro/libnds/lib/libnds9.a(dldi.o)
                              /opt/devkitPro/libnds/lib/libfat.a(disc.o) (dldiGetInternal)
/opt/devkitPro/libnds/lib/libnds9.a(fifosystem.o)
                              /opt/devkitPro/libnds/lib/libnds9.a(initSystem.o) (fifoSetValue32Handler)
/opt/devkitPro/libnds/lib/libnds9.a(interrupts.o)
                              game.o (irqSet)
/opt/devkitPro/libnds/lib/libnds9.a(dcache.o)
                              /opt/devkitPro/libnds/lib/libnds9.a(sprite.o) (DC_FlushRange)
/opt/devkitPro/libnds/lib/libnds9.a(dldi_stub.o)
                              /opt/devkitPro/libnds/lib/libnds9.a(dldi.o) (_io_dldi_stub)
/opt/devkitPro/libnds/lib/libnds9.a(biosCalls.o)
                              game.o (swiDelay)
/opt/devkitPro/libnds/lib/libnds9.a(interruptDispatcher.o)
                              /opt/devkitPro/libnds/lib/libnds9.a(interrupts.o) (IntrMain)
/opt/devkitPro/libnds/lib/libnds9.a(video.o)
                              /opt/devkitPro/libnds/lib/libnds9.a(videoGL.o) (vramSetMainBanks)
/opt/devkitPro/libnds/lib/libmm9.a(mm_comms.o)
                              P_Audio.o (mmStart)
/opt/devkitPro/libnds/lib/libmm9.a(mm_main9.o)
                              /opt/devkitPro/libnds/lib/libmm9.a(mm_comms.o) (mmCallback)
/opt/devkitPro/libnds/lib/libmm9.a(mm_memory.o)
                              P_Audio.o (mmLoad)
/opt/devkitPro/libnds/lib/libmm9.a(mm_soundbank.o)
                              /opt/devkitPro/libnds/lib/libmm9.a(mm_main9.o) (mmSoundBankInMemory)
/opt/devkitPro/libnds/lib/libmm9.a(mm_flusher.o)
                              /opt/devkitPro/libnds/lib/libmm9.a(mm_memory.o) (mmFlushBank)
/opt/devkitPro/devkitARM/lib/gcc/arm-eabi/4.3.3/thumb/libgcc.a(_udivsi3.o)
                              /opt/devkitPro/libnds/lib/libfat.a(partition.o) (__aeabi_uidiv)
/opt/devkitPro/devkitARM/lib/gcc/arm-eabi/4.3.3/thumb/libgcc.a(_divsi3.o)
                              graphics_sub.o (__aeabi_idiv)
/opt/devkitPro/devkitARM/lib/gcc/arm-eabi/4.3.3/thumb/libgcc.a(_dvmd_tls.o)
                              /opt/devkitPro/devkitARM/lib/gcc/arm-eabi/4.3.3/thumb/libgcc.a(_udivsi3.o) (__div0)
/opt/devkitPro/devkitARM/lib/gcc/arm-eabi/4.3.3/thumb/libgcc.a(_muldi3.o)
                              /opt/devkitPro/libnds/lib/libfat.a(partition.o) (__aeabi_lmul)
/opt/devkitPro/devkitARM/lib/gcc/arm-eabi/4.3.3/../../../../arm-eabi/lib/thumb/libg.a(lib_a-bsearch.o)
                              /opt/devkitPro/libnds/lib/libnds9.a(trig.o) (bsearch)
/opt/devkitPro/devkitARM/lib/gcc/arm-eabi/4.3.3/../../../../arm-eabi/lib/thumb/libg.a(lib_a-fclose.o)
                              P_Score.o (fclose)
[...]
Memory Configuration

Name             Origin             Length             Attributes
rom              0x08000000         0x02000000
ewram            0x02000000         0x003ff000
dtcm             0x0b000000         0x00004000
vectors          0x01000000         0x00000100
itcm             0x01000100         0x00007f00
*default*        0x00000000         0xffffffff

Linker script and memory map

                0x01000000                __vectors_start = 0x1000000
                0x01000100                __itcm_start = 0x1000100
                0x023ff000                __ewram_end = 0x23ff000
                0x023ff000                __eheap_end = 0x23ff000
                0x0b000000                __dtcm_start = 0xb000000
                0x0b004000                __dtcm_top = 0xb004000
                0x0b003ff8                __irq_flags = (__dtcm_top - 0x8)
                0x0b003ffc                __irq_vector = (__dtcm_top - 0x4)
                0x0b003f00                __sp_svc = (__dtcm_top - 0x100)
                0x0b003e00                __sp_irq = (__sp_svc - 0x100)
                0x0b003d00                __sp_usr = (__sp_irq - 0x100)

.init           0x02000000      0x30c
                0x02000000                __text_start = .
 *(.init)
 .init          0x02000000      0x300 /opt/devkitPro/devkitARM/lib/gcc/arm-eabi/4.3.3/../../../../arm-eabi/lib/thumb/ds_arm9_crt0.o
                0x02000000                _start
 .init          0x02000300        0x4 /opt/devkitPro/devkitARM/lib/gcc/arm-eabi/4.3.3/thumb/crti.o
                0x02000300                _init
 .init          0x02000304        0x8 /opt/devkitPro/devkitARM/lib/gcc/arm-eabi/4.3.3/thumb/crtn.o
                0x0200030c                . = ALIGN (0x4)

.plt
 *(.plt)

.text           0x02000340    0x1f2dc
 *(EXCLUDE_FILE(*.itcm*) .text)
 .text          0x02000340        0x0 /opt/devkitPro/devkitARM/lib/gcc/arm-eabi/4.3.3/../../../../arm-eabi/lib/thumb/ds_arm9_crt0.o
 .text          0x02000340        0x0 /opt/devkitPro/devkitARM/lib/gcc/arm-eabi/4.3.3/thumb/crti.o
 .text          0x02000340       0x70 /opt/devkitPro/devkitARM/lib/gcc/arm-eabi/4.3.3/thumb/crtbegin.o
 .text          0x020003b0        0x0 soundbank.bin.o
 .text          0x020003b0        0x0 alexxzandrite.o
 .text          0x020003b0        0x0 amazonite.o
 .text          0x020003b0        0x0 background.o
 .text          0x020003b0        0x0 bronze.o
 .text          0x020003b0        0x0 controls.o
 .text          0x020003b0        0x0 diamond.o
 .text          0x020003b0        0x0 FONDS.o
 .text          0x020003b0        0x0 Game-Over.o
 .text          0x020003b0        0x0 numbers.o
 .text          0x020003b0        0x0 numbers_small.o
 .text          0x020003b0        0x0 PlayerHorizontal.o
 .text          0x020003b0        0x0 PlayerVertical.o
 .text          0x020003b0      0xe04 game.o
                0x02000f94                addToAudioEffectQueue
                0x020007dc                player_move_up
                0x020009d4                player_pressed_start
                0x02000420                start_game
                0x020006ac                player_move_left
                0x02001138                player_fall
                0x02000740                player_move_down
                0x020004d4                hasBeenDrilled
                0x02000fd4                update_state
                0x02000874                player_drills
                0x02000e48                addToInventory
                0x020003b0                init_game
                0x02000d78                update_vehicle
                0x02000af4                player_pressed_touchscreen
                0x02000600                player_move_right
                0x02000ec0                sellItemFromInventory
 .text          0x020011b4      0xad4 graphics_main.o
                0x020011b4                config_main_background
                0x02001524                configureSprites
                0x020016d8                restart_display
                0x02001adc                drilling_path
                0x02001328                init_main_bg
                0x02001744                print_start
                0x020016f8                load_start_display
                0x02001a6c                update_sprite
                0x02001a28                release_start_display
 .text          0x02001c88      0x4fc graphics_sub.o
                0x020020b4                score_display
                0x02001f14                updateChronoDisp
                0x0200211c                print_fuel
                0x02001e74                printDigit
                0x02001c88                init_sub_background
 .text          0x02002184      0x1d4 main.o
                0x02002184                main
 .text          0x02002358      0xa50 mineral.o
                0x02002a94                refreshMineralSprites
                0x02002840                drillMineralReturnValue
                0x02002358                isMineralPlaceValid
                0x020027b4                getMineral
                0x02002738                hide_all_minerals
                0x020023e0                initMinerals
 .text          0x02002da8       0x7c P_Audio.o
                0x02002e08                Audio_PlayMusic
                0x02002dd4                Audio_PlaySoundEX
                0x02002da8                Audio_Init
 .text          0x02002e24      0x110 P_Score.o
                0x02002e9c                readMaxScore
                0x02002ef0                writeMaxScore
                0x02002e24                updateScore
 .text          0x02002f34       0xfc timer_game.o
                0x02002f34                timer0_ISR
                0x02002f9c                timer1_ISR
 .text          0x02003030      0x204 /opt/devkitPro/libnds/lib/libfat.a(libfat.o)
                0x02003068                fatMount
                0x02003030                fatUnmount
                0x02003224                fatMountSimple
                0x02003214                fatInitDefault
                0x020030cc                fatInit
 *fill*         0x02003234        0x4 ff
 .text          0x02003238      0x340 /opt/devkitPro/libnds/lib/libfat.a(partition.o)
                0x02003238                _FAT_partition_getPartitionFromPath
                0x0200324c                _FAT_partition_destructor
                0x02003274                _FAT_partition_constructor
 .text          0x02003578      0x38c /opt/devkitPro/libnds/lib/libfat.a(cache.o)
                0x0200364c                _FAT_cache_flush
                0x02003778                _FAT_cache_writeLittleEndianValue
                0x0200372c                _FAT_cache_writePartialSector
                0x020036a4                _FAT_cache_invalidate
                0x02003870                _FAT_cache_destructor
                0x02003818                _FAT_cache_readLittleEndianValue
                0x0200388c                _FAT_cache_constructor
                0x020037e0                _FAT_cache_readPartialSector
                0x020036c8                _FAT_cache_eraseWritePartialSector
 .text          0x02003904        0x0 /opt/devkitPro/libnds/lib/libfat.a(disc.o)
 .text          0x02003904      0x784 /opt/devkitPro/libnds/lib/libfat.a(fatdir.o)
                0x020039b8                _FAT_stat_r
                0x02003920                _FAT_dirnext_r
                0x02003f2c                _FAT_unlink_r
                0x02003d50                _FAT_rename_r
                0x02003904                _FAT_link_r
                0x02003910                _FAT_dirclose_r
                0x02003ed0                _FAT_chdir_r
                0x02003984                _FAT_dirreset_r
                0x02003a38                _FAT_diropen_r
                0x02003ae8                _FAT_statvfs_r
                0x02003b40                _FAT_mkdir_r
 .text          0x02004088     0x10b8 /opt/devkitPro/libnds/lib/libfat.a(fatfile.o)
                0x0200427c                _FAT_ftruncate_r
                0x0200458c                _FAT_write_r
                0x020043c8                _FAT_seek_r
                0x020049e4                _FAT_read_r
                0x02004ce0                _FAT_syncToDisc
                0x02004e48                _FAT_open_r
                0x02004dc0                _FAT_fsync_r
                0x02004de8                _FAT_close_r
                0x02004514                _FAT_fstat_r
 .text          0x02005140      0x458 /opt/devkitPro/libnds/lib/libfat.a(file_allocation_table.o)
                0x02005230                _FAT_fat_freeClusterCount
                0x020053b8                _FAT_fat_clearLinks
                0x02005140                _FAT_fat_nextCluster
                0x0200552c                _FAT_fat_linkFreeClusterCleared
                0x02005414                _FAT_fat_trimChain
                0x0200549c                _FAT_fat_linkFreeCluster
                0x0200525c                _FAT_fat_lastCluster
 .text          0x02005598       0xc8 /opt/devkitPro/libnds/lib/libfat.a(filetime.o)
                0x020055d0                _FAT_filetime_getDateFromRTC
                0x02005598                _FAT_filetime_to_time_t
                0x02005618                _FAT_filetime_getTimeFromRTC
 .text          0x02005660     0x12dc /opt/devkitPro/libnds/lib/libfat.a(directory.o)
                0x02006900                _FAT_directory_chdir
                0x02005700                _FAT_directory_entryStat
                0x0200593c                _FAT_directory_removeEntry
                0x020057c0                _FAT_directory_getRootEntry
                0x02005acc                _FAT_directory_entryFromPosition
                0x02005c0c                _FAT_directory_getNextEntry
                0x02005e30                _FAT_directory_getFirstEntry
                0x020056d4                _FAT_directory_entryGetCluster
                0x02005efc                _FAT_directory_addEntry
                0x02006724                _FAT_directory_entryFromPath
 .text          0x0200693c       0xec /opt/devkitPro/libnds/lib/libnds9.a(initSystem.o)
                0x0200693c                initSystem
 .text          0x02006a28      0x134 /opt/devkitPro/libnds/lib/libnds9.a(keys.o)
                0x02006ae8                keysSetRepeat
                0x02006ad8                keysDownRepeat
                0x02006b24                keysCurrent
                0x02006ab8                keysHeld
                0x02006b0c                keysUp
                0x02006ac4                keysDown
                0x02006a28                scanKeys
 .text          0x02006b5c      0x484 /opt/devkitPro/libnds/lib/libnds9.a(sprite.o)
                0x02006b5c                oamDisable
                0x02006be4                oamClear
                0x02006e10                oamRotateScale
                0x02006bb0                oamGetGfxPtr
                0x02006b8c                oamEnable
                0x02006c0c                oamGfxPtrToOffset
                0x02006e70                oamUpdate
                0x02006ed4                oamInit
                0x02006c44                oamSet
 .text          0x02006fe0      0x364 /opt/devkitPro/libnds/lib/libnds9.a(sprite_alloc.o)
                0x0200701c                oamCountFragments
                0x02006fe0                resizeBuffer
                0x02007158                oamAllocReset
                0x02006ffc                getAllocHeader
                0x02007144                oamFreeGfx
                0x02007190                simpleAlloc
                0x0200730c                oamAllocateGfx
                0x02007068                simpleFree
 .text          0x02007344       0xf4 /opt/devkitPro/libnds/lib/libnds9.a(system.o)
                0x020073f4                systemMsgHandler
                0x0200738c                powerOn
                0x020073dc                powerValueHandler
                0x02007344                ledBlink
                0x020073c0                systemSleep
                0x0200735c                powerOff
 .text          0x02007438       0x4c /opt/devkitPro/libnds/lib/libnds9.a(touch.o)
                0x02007438                touchRead
                0x02007460                touchReadXY
 .text          0x02007484      0x264 /opt/devkitPro/libnds/lib/libnds9.a(trig.o)
                0x0200761c                arcSinComp
                0x0200764c                asinLerp
                0x020075dc                tanLerp
                0x02007484                sinLutLookup
                0x02007590                tanLutLookup
                0x02007574                cosLerp
                0x020076cc                acosLerp
                0x020074d4                sinLerp
 .text          0x020076e8      0xa94 /opt/devkitPro/libnds/lib/libnds9.a(videoGL.o)
                0x02007830                glTexCoord2f32
                0x02007b6c                glTexImage2D
                0x020077a4                glGenTextures
                0x02007774                glResetTextures
                0x02007e88                glRotatef32i
                0x02007b14                glTexLoadPal
                0x020078bc                glTexParameter
                0x020076e8                glGetGlobals
                0x0200793c                getNextPaletteSlot
                0x02007990                vramGetBank
                0x0200792c                alignVal
                0x02007914                glGetTexParameter
                0x02007b48                gluTexLoadPal
                0x020076f0                glMaterialf
                0x020077e4                glBindTexture
                0x020078ec                glGetTexturePointer
                0x02007a50                vramIsTextureBank
                0x02007814                glColorTable
                0x02007ab0                getNextTextureSlot
                0x02007ce4                glInit_C
 .text          0x0200817c      0x26c /opt/devkitPro/libnds/lib/libnds9.a(dldi.o)
                0x020082ec                dldiLoadFromFile
                0x020081e8                dldiFree
                0x020081b4                dldiIsValid
                0x0200817c                dldiGetInternal
                0x020081f8                dldiFixDriverAddresses
 .text          0x020083e8     0x18b8 /opt/devkitPro/libnds/lib/libnds9.a(fifosystem.o)
                0x02009384                fifoInternalRecvPopFirst
                0x02008470                fifoCheckValue32
                0x02008580                fifoCheckDatamsgLength
                0x02008d78                fifoGetLostWordCount
                0x02008ce8                fifoGetBufferUsage
                0x02009a48                fifoSendValue32
                0x02009958                fifoInternalSend
                0x02008a50                fifoGetDatamsg
                0x02008868                fifoGetValue32
                0x02008680                fifoGetAddress
                0x02008610                fifoCountDatamsg
                0x020089b8                fifoForceValue32Handler
                0x020084f8                fifoCheckDatamsg
                0x02009324                fifoInternalRecvPeek
                0x02009878                fifoInternalAllocFreeBlock
                0x02008840                fifoSetAddressHandler
                0x020092e4                fifoInternalProtect
                0x02008c2c                fifoForceDatamsgHandler
                0x0200978c                fifoInternalSendEnqueue
                0x020099f0                fifoSendDatamsg
                0x020095c4                fifoInternalSendEmpty
                0x02009710                fifoInternalSendInterrupt
                0x02009a90                fifoSendAddress
                0x020095d4                fifoInternalSendDeque
                0x02008d84                fifoInternalRecvInterrupt
                0x020083e8                fifoCheckAddress
                0x020098cc                fifoInternalFreeCheck
                0x02009458                fifoInternalRecvWordCount
                0x020094d8                fifoInternalRecvPushBack
                0x02009300                fifoInternalUnprotect
                0x020087d0                fifoForceAddressHandler
                0x02008a28                fifoSetValue32Handler
                0x020096a8                fifoInternalBeginSend
                0x02009acc                fifoInit
                0x02008cc0                fifoSetDatamsgHandler
                0x020098a8                fifoInternalFreeBlock
 .text          0x02009ca0      0x1a8 /opt/devkitPro/libnds/lib/libnds9.a(interrupts.o)
                0x02009d80                irqEnable
                0x02009ca4                irqSet
                0x02009dcc                irqDisable
                0x02009d04                irqInit
                0x02009ca0                irqDummy
                0x02009d50                irqInitHandler
                0x02009e18                irqClear
 .text          0x02009e48       0x70 /opt/devkitPro/libnds/lib/libnds9.a(dcache.o)
                0x02009e48                DC_FlushAll
                0x02009e74                DC_FlushRange
                0x02009e9c                DC_InvalidateRange
                0x02009e90                DC_InvalidateAll
 *fill*         0x02009eb8        0x8 ff
 .text          0x02009ec0     0x8000 /opt/devkitPro/libnds/lib/libnds9.a(dldi_stub.o)
                0x02009ec0                _io_dldi_stub
 .text          0x02011ec0       0x70 /opt/devkitPro/libnds/lib/libnds9.a(biosCalls.o)
                0x02011ed0                swiSleep
                0x02011f0a                swiDecompressLZSSVram
                0x02011ef2                swiFastCopy
                0x02011ef6                swiSqrt
                0x02011ec0                swiSoftReset
                0x02011efa                swiCRC16
                0x02011f0e                swiDecompressHuffman
                0x02011f26                swiSetHaltCR
                0x02011edc                swiRemainder
                0x02011f02                swiUnpackBits
                0x02011f06                swiDecompressLZSSWram
                0x02011f22                swiDecodeDelta16
                0x02011ec4                swiDelay
                0x02011ee2                swiDivMod
                0x02011f16                swiDecompressRLEVram
                0x02011f12                swiDecompressRLEWram
                0x02011f1e                swiDecodeDelta8
                0x02011ed8                swiDivide
                0x02011ed4                swiChangeSoundBias
                0x02011ecc                swiWaitForVBlank
                0x02011ec8                swiIntrWait
                0x02011efe                swiIsDebugger
                0x02011f1a                swiWaitForIRQ
                0x02011eee                swiCopy
 .text          0x02011f30        0x0 /opt/devkitPro/libnds/lib/libnds9.a(interruptDispatcher.o)
 .text          0x02011f30      0x144 /opt/devkitPro/libnds/lib/libnds9.a(video.o)
                0x02011fe4                vramSetBankF
                0x02011f74                vramRestoreMainBanks
                0x0201200c                vramSetBankH
                0x02011fbc                vramSetBankD
                0x02011fd0                vramSetBankE
                0x02012034                setBrightness
                0x02011ff8                vramSetBankG
                0x02011f94                vramSetBankB
                0x02011fa8                vramSetBankC
                0x02012020                vramSetBankI
                0x02011f30                vramSetMainBanks
                0x02011f80                vramSetBankA
 .text          0x02012074      0x240 /opt/devkitPro/libnds/lib/libmm9.a(mm_comms.o)
                0x02012262                mmReverbStop
                0x02012190                mmEffectVolume
                0x020120f6                mmSetModulePitch
                0x020120fe                mmSelectMode
                0x020120d6                mmPause
                0x020120ee                mmSetJingleVolume
                0x020121fa                mmReverbEnable
                0x020120cc                mmStart
                0x020120fa                mmSetEffectsVolume
                0x020121b2                mmEffectCancel
                0x020120e6                mmJingle
                0x020120da                mmResume
                0x02012116                mmStreamEnd
                0x020120c0                mmLockChannels
                0x02012074                mmSetupComms
                0x020120c6                mmUnlockChannels
                0x02012198                mmEffectRate
                0x0201216c                mmEffect
                0x020120f2                mmSetModuleTempo
                0x020121ac                mmEffectRelease
                0x02012194                mmEffectPanning
                0x020120ea                mmSetModuleVolume
                0x0201225e                mmReverbStart
                0x02012202                mmReverbConfigure
                0x02012102                mmStreamBegin
                0x020120e2                mmPosition
                0x020121fe                mmReverbDisable
                0x020120de                mmStop
                0x020121b8                mmEffectEx
                0x020121f6                mmEffectCancelAll
                0x020121a2                mmEffectScaleRate
                0x020120b6                mmSendBank
 .text          0x020122b4      0x108 /opt/devkitPro/libnds/lib/libmm9.a(mm_main9.o)
                0x020122ea                mmInitDefault
                0x02012374                mmRestoreIRQ_t
                0x02012334                mmInitDefaultMem
                0x02012356                mmSuspendIRQ_t
                0x020122c0                mmInit
                0x020122ba                mmSetEventHandler
                0x020122b4                mmActive
 .text          0x020123bc      0x120 /opt/devkitPro/libnds/lib/libmm9.a(mm_memory.o)
                0x020123bc                mmLoad
                0x02012464                mmLoadEffect
                0x0201240c                mmUnload
                0x0201249c                mmUnloadEffect
 .text          0x020124dc      0x100 /opt/devkitPro/libnds/lib/libmm9.a(mm_soundbank.o)
                0x02012522                mmsHandleFileOp
                0x020124e4                mmSoundBankInFiles
                0x020124dc                mmSoundBankInMemory
                0x020124f6                mmSetCustomSoundBankHandler
 .text          0x020125dc       0x3c /opt/devkitPro/libnds/lib/libmm9.a(mm_flusher.o)
                0x020125dc                mmFlushBank
 .text          0x02012618       0x8c /opt/devkitPro/devkitARM/lib/gcc/arm-eabi/4.3.3/thumb/libgcc.a(_udivsi3.o)
                0x02012618                __udivsi3
                0x02012618                __aeabi_uidiv
                0x02012694                __aeabi_uidivmod
 .text          0x020126a4       0xa4 /opt/devkitPro/devkitARM/lib/gcc/arm-eabi/4.3.3/thumb/libgcc.a(_divsi3.o)
                0x020126a4                __aeabi_idiv
                0x020126a4                __divsi3
                0x02012738                __aeabi_idivmod
 .text          0x02012748        0x4 /opt/devkitPro/devkitARM/lib/gcc/arm-eabi/4.3.3/thumb/libgcc.a(_dvmd_tls.o)
                0x02012748                __aeabi_ldiv0
                0x02012748                __div0
                0x02012748                __aeabi_idiv0
 .text          0x0201274c       0x70 /opt/devkitPro/devkitARM/lib/gcc/arm-eabi/4.3.3/thumb/libgcc.a(_muldi3.o)
                0x0201274c                __aeabi_lmul
                0x0201274c                __muldi3
 .text          0x020127bc       0x5c /opt/devkitPro/devkitARM/lib/gcc/arm-eabi/4.3.3/../../../../arm-eabi/lib/thumb/libg.a(lib_a-bsearch.o)
                0x020127bc                bsearch
 .text          0x02012818       0xc0 /opt/devkitPro/devkitARM/lib/gcc/arm-eabi/4.3.3/../../../../arm-eabi/lib/thumb/libg.a(lib_a-fclose.o)
                0x02012818                _fclose_r
                0x020128bc                fclose
 .text          0x020128d8      0x150 /opt/devkitPro/devkitARM/lib/gcc/arm-eabi/4.3.3/../../../../arm-eabi/lib/thumb/libg.a(lib_a-fflush.o)
                0x020129f4                fflush
                0x020128d8                _fflush_r
 .text          0x02012a28      0x1f0 /opt/devkitPro/devkitARM/lib/gcc/arm-eabi/4.3.3/../../../../arm-eabi/lib/thumb/libg.a(lib_a-findfp.o)
                0x02012af4                __sinit
                0x02012b50                __sfmoreglue
                0x02012a8c                _cleanup
                0x02012a78                _cleanup_r
                0x02012a5c                __fp_lock_all
                0x02012a28                __sfp_lock_acquire
                0x02012b84                __sfp
                0x02012a34                __sinit_lock_release
                0x02012a40                __fp_unlock_all
                0x02012a2c                __sfp_lock_release
                0x02012a30                __sinit_lock_acquire
 .text          0x02012c18       0xa4 /opt/devkitPro/devkitARM/lib/gcc/arm-eabi/4.3.3/../../../../arm-eabi/lib/thumb/libg.a(lib_a-fopen.o)
                0x02012ca0                fopen
                0x02012c18                _fopen_r
 .text          0x02012cbc       0x38 /opt/devkitPro/devkitARM/lib/gcc/arm-eabi/4.3.3/../../../../arm-eabi/lib/thumb/libg.a(lib_a-fprintf.o)
                0x02012cbc                fprintf
                0x02012cdc                _fprintf_r
 .text          0x02012cf4      0x19c /opt/devkitPro/devkitARM/lib/gcc/arm-eabi/4.3.3/../../../../arm-eabi/lib/thumb/libg.a(lib_a-fread.o)
                0x02012e68                fread
                0x02012cf4                _fread_r
 .text          0x02012e90      0x23c /opt/devkitPro/devkitARM/lib/gcc/arm-eabi/4.3.3/../../../../arm-eabi/lib/thumb/libg.a(lib_a-freer.o)
                0x02012f38                _free_r
                0x02012e90                _malloc_trim_r
 .text          0x020130cc       0x38 /opt/devkitPro/devkitARM/lib/gcc/arm-eabi/4.3.3/../../../../arm-eabi/lib/thumb/libg.a(lib_a-fscanf.o)
                0x020130e4                fscanf
                0x020130cc                _fscanf_r
 .text          0x02013104      0x30c /opt/devkitPro/devkitARM/lib/gcc/arm-eabi/4.3.3/../../../../arm-eabi/lib/thumb/libg.a(lib_a-fseek.o)
                0x020133e8                fseek
                0x02013104                _fseek_r
 .text          0x02013410       0xc8 /opt/devkitPro/devkitARM/lib/gcc/arm-eabi/4.3.3/../../../../arm-eabi/lib/thumb/libg.a(lib_a-fwalk.o)
                0x02013478                _fwalk
                0x02013410                _fwalk_reent
 .text          0x020134d8        0x0 /opt/devkitPro/devkitARM/lib/gcc/arm-eabi/4.3.3/../../../../arm-eabi/lib/thumb/libg.a(lib_a-impure.o)
 .text          0x020134d8       0x88 /opt/devkitPro/devkitARM/lib/gcc/arm-eabi/4.3.3/../../../../arm-eabi/lib/thumb/libg.a(lib_a-init.o)
                0x02013508                __libc_init_array
                0x020134d8                __libc_fini_array
 .text          0x02013560       0x10 /opt/devkitPro/devkitARM/lib/gcc/arm-eabi/4.3.3/../../../../arm-eabi/lib/thumb/libg.a(lib_a-lcltime_r.o)
                0x02013560                localtime_r
 .text          0x02013570      0x28c /opt/devkitPro/devkitARM/lib/gcc/arm-eabi/4.3.3/../../../../arm-eabi/lib/thumb/libg.a(lib_a-locale.o)
                0x0201358c                _setlocale_r
                0x02013570                __locale_charset
                0x0201357c                _localeconv_r
                0x020137e0                setlocale
                0x02013584                localeconv
 .text          0x020137fc       0xe8 /opt/devkitPro/devkitARM/lib/gcc/arm-eabi/4.3.3/../../../../arm-eabi/lib/thumb/libg.a(lib_a-makebuf.o)
                0x020137fc                __smakebuf_r
 .text          0x020138e4       0x30 /opt/devkitPro/devkitARM/lib/gcc/arm-eabi/4.3.3/../../../../arm-eabi/lib/thumb/libg.a(lib_a-malloc.o)
                0x020138fc                malloc
                0x020138e4                free
 .text          0x02013914      0x510 /opt/devkitPro/devkitARM/lib/gcc/arm-eabi/4.3.3/../../../../arm-eabi/lib/thumb/libg.a(lib_a-mallocr.o)
                0x02013914                _malloc_r
 .text          0x02013e24       0x70 /opt/devkitPro/devkitARM/lib/gcc/arm-eabi/4.3.3/../../../../arm-eabi/lib/thumb/libg.a(lib_a-mbrtowc.o)
                0x02013e6c                mbrtowc
                0x02013e24                _mbrtowc_r
 .text          0x02013e94       0xf4 /opt/devkitPro/devkitARM/lib/gcc/arm-eabi/4.3.3/../../../../arm-eabi/lib/thumb/libg.a(lib_a-mbsrtowcs.o)
                0x02013f60                mbsrtowcs
                0x02013e94                _mbsrtowcs_r
 .text          0x02013f88      0x69c /opt/devkitPro/devkitARM/lib/gcc/arm-eabi/4.3.3/../../../../arm-eabi/lib/thumb/libg.a(lib_a-mbtowc_r.o)
                0x02013f88                _mbtowc_r
 .text          0x02014624       0x58 /opt/devkitPro/devkitARM/lib/gcc/arm-eabi/4.3.3/../../../../arm-eabi/lib/thumb/libg.a(lib_a-memcmp.o)
                0x02014624                memcmp
 .text          0x0201467c       0x88 /opt/devkitPro/devkitARM/lib/gcc/arm-eabi/4.3.3/../../../../arm-eabi/lib/thumb/libg.a(lib_a-memcpy.o)
                0x0201467c                memcpy
 .text          0x02014704       0xb0 /opt/devkitPro/devkitARM/lib/gcc/arm-eabi/4.3.3/../../../../arm-eabi/lib/thumb/libg.a(lib_a-memmove.o)
                0x02014704                memmove
 .text          0x020147b4       0xb0 /opt/devkitPro/devkitARM/lib/gcc/arm-eabi/4.3.3/../../../../arm-eabi/lib/thumb/libg.a(lib_a-memset.o)
                0x020147b4                memset
 .text          0x02014864      0x4b0 /opt/devkitPro/devkitARM/lib/gcc/arm-eabi/4.3.3/../../../../arm-eabi/lib/thumb/libg.a(lib_a-mktime.o)
                0x02014a80                mktime
 .text          0x02014d14      0x518 /opt/devkitPro/devkitARM/lib/gcc/arm-eabi/4.3.3/../../../../arm-eabi/lib/thumb/libg.a(lib_a-mktm_r.o)
                0x02014d14                __tzcalc_limits
                0x02014eb4                _mktm_r
 .text          0x0201522c        0x8 /opt/devkitPro/devkitARM/lib/gcc/arm-eabi/4.3.3/../../../../arm-eabi/lib/thumb/libg.a(lib_a-mlock.o)
                0x02015230                __malloc_unlock
                0x0201522c                __malloc_lock
 *fill*         0x02015234        0x4 ff
 .text          0x02015238       0x58 /opt/devkitPro/devkitARM/lib/gcc/arm-eabi/4.3.3/../../../../arm-eabi/lib/thumb/libg.a(lib_a-rand.o)
                0x0201524c                rand
                0x02015238                srand
 .text          0x02015290       0x1c /opt/devkitPro/devkitARM/lib/gcc/arm-eabi/4.3.3/../../../../arm-eabi/lib/thumb/libg.a(lib_a-realloc.o)
                0x02015290                realloc
 .text          0x020152ac      0x340 /opt/devkitPro/devkitARM/lib/gcc/arm-eabi/4.3.3/../../../../arm-eabi/lib/thumb/libg.a(lib_a-reallocr.o)
                0x020152ac                _realloc_r
 .text          0x020155ec      0x128 /opt/devkitPro/devkitARM/lib/gcc/arm-eabi/4.3.3/../../../../arm-eabi/lib/thumb/libg.a(lib_a-refill.o)
                0x020155ec                __srefill_r
 .text          0x02015714       0xb8 /opt/devkitPro/devkitARM/lib/gcc/arm-eabi/4.3.3/../../../../arm-eabi/lib/thumb/libg.a(lib_a-stdio.o)
                0x02015728                __sseek
                0x0201579c                __sread
                0x02015714                __sclose
                0x0201575c                __swrite
 .text          0x020157cc       0xc4 /opt/devkitPro/devkitARM/lib/gcc/arm-eabi/4.3.3/../../../../arm-eabi/lib/thumb/libg.a(lib_a-strchr.o)
                0x020157cc                strchr
 .text          0x02015890       0x5c /opt/devkitPro/devkitARM/lib/gcc/arm-eabi/4.3.3/../../../../arm-eabi/lib/thumb/libg.a(lib_a-strcmp.o)
                0x02015890                strcmp
 .text          0x020158ec       0x48 /opt/devkitPro/devkitARM/lib/gcc/arm-eabi/4.3.3/../../../../arm-eabi/lib/thumb/libg.a(lib_a-strcpy.o)
                0x020158ec                strcpy
 .text          0x02015934       0x60 /opt/devkitPro/devkitARM/lib/gcc/arm-eabi/4.3.3/../../../../arm-eabi/lib/thumb/libg.a(lib_a-strlen.o)
                0x02015934                strlen
 .text          0x02015994       0x94 /opt/devkitPro/devkitARM/lib/gcc/arm-eabi/4.3.3/../../../../arm-eabi/lib/thumb/libg.a(lib_a-strncasecmp.o)
                0x02015994                strncasecmp
 .text          0x02015a28       0x9c /opt/devkitPro/devkitARM/lib/gcc/arm-eabi/4.3.3/../../../../arm-eabi/lib/thumb/libg.a(lib_a-strncmp.o)
                0x02015a28                strncmp
 .text          0x02015ac4       0x74 /opt/devkitPro/devkitARM/lib/gcc/arm-eabi/4.3.3/../../../../arm-eabi/lib/thumb/libg.a(lib_a-strncpy.o)
                0x02015ac4                strncpy
 .text          0x02015b38       0x2c /opt/devkitPro/devkitARM/lib/gcc/arm-eabi/4.3.3/../../../../arm-eabi/lib/thumb/libg.a(lib_a-strnlen.o)
                0x02015b38                strnlen
 .text          0x02015b64       0x48 /opt/devkitPro/devkitARM/lib/gcc/arm-eabi/4.3.3/../../../../arm-eabi/lib/thumb/libg.a(lib_a-strpbrk.o)
                0x02015b64                strpbrk
 .text          0x02015bac       0x34 /opt/devkitPro/devkitARM/lib/gcc/arm-eabi/4.3.3/../../../../arm-eabi/lib/thumb/libg.a(lib_a-strrchr.o)
                0x02015bac                strrchr
 .text          0x02015be0       0x18 /opt/devkitPro/devkitARM/lib/gcc/arm-eabi/4.3.3/../../../../arm-eabi/lib/thumb/libg.a(lib_a-sysclose.o)
                0x02015be0                close
 .text          0x02015bf8       0x24 /opt/devkitPro/devkitARM/lib/gcc/arm-eabi/4.3.3/../../../../arm-eabi/lib/thumb/libg.a(lib_a-syslseek.o)
                0x02015bf8                lseek
 .text          0x02015c1c       0x1c /opt/devkitPro/devkitARM/lib/gcc/arm-eabi/4.3.3/../../../../arm-eabi/lib/thumb/libg.a(lib_a-sysopen.o)
                0x02015c1c                open
 .text          0x02015c38       0x24 /opt/devkitPro/devkitARM/lib/gcc/arm-eabi/4.3.3/../../../../arm-eabi/lib/thumb/libg.a(lib_a-sysread.o)
                0x02015c38                read
 .text          0x02015c5c       0x34 /opt/devkitPro/devkitARM/lib/gcc/arm-eabi/4.3.3/../../../../arm-eabi/lib/thumb/libg.a(lib_a-time.o)
                0x02015c5c                time
 .text          0x02015c90      0x4dc /opt/devkitPro/devkitARM/lib/gcc/arm-eabi/4.3.3/../../../../arm-eabi/lib/thumb/libg.a(lib_a-towlower.o)
                0x02015c90                towlower
 .text          0x0201616c      0x5d8 /opt/devkitPro/devkitARM/lib/gcc/arm-eabi/4.3.3/../../../../arm-eabi/lib/thumb/libg.a(lib_a-towupper.o)
                0x0201616c                towupper
 .text          0x02016744        0x8 /opt/devkitPro/devkitARM/lib/gcc/arm-eabi/4.3.3/../../../../arm-eabi/lib/thumb/libg.a(lib_a-tzlock.o)
                0x02016748                __tz_unlock
                0x02016744                __tz_lock
 .text          0x0201674c        0x0 /opt/devkitPro/devkitARM/lib/gcc/arm-eabi/4.3.3/../../../../arm-eabi/lib/thumb/libg.a(lib_a-tzvars.o)
 *fill*         0x0201674c        0x4 ff
 .text          0x02016750     0x16f8 /opt/devkitPro/devkitARM/lib/gcc/arm-eabi/4.3.3/../../../../arm-eabi/lib/thumb/libg.a(lib_a-vfprintf.o)
                0x02016770                _vfprintf_r
                0x02017e24                vfprintf
 .text          0x02017e48      0xcd0 /opt/devkitPro/devkitARM/lib/gcc/arm-eabi/4.3.3/../../../../arm-eabi/lib/thumb/libg.a(lib_a-vfscanf.o)
                0x02018a8c                __svfscanf
                0x02018ab0                _vfscanf_r
                0x02018ae0                vfscanf
                0x02017e48                __svfscanf_r
 .text          0x02018b18       0x68 /opt/devkitPro/devkitARM/lib/gcc/arm-eabi/4.3.3/../../../../arm-eabi/lib/thumb/libg.a(lib_a-wcrtomb.o)
                0x02018b18                _wcrtomb_r
                0x02018b5c                wcrtomb
 .text          0x02018b80      0x108 /opt/devkitPro/devkitARM/lib/gcc/arm-eabi/4.3.3/../../../../arm-eabi/lib/thumb/libg.a(lib_a-wcsrtombs.o)
                0x02018b80                _wcsrtombs_r
                0x02018c60                wcsrtombs
 .text          0x02018c88       0x40 /opt/devkitPro/devkitARM/lib/gcc/arm-eabi/4.3.3/../../../../arm-eabi/lib/thumb/libg.a(lib_a-wctob.o)
                0x02018c88                wctob
 .text          0x02018cc8      0x2c8 /opt/devkitPro/devkitARM/lib/gcc/arm-eabi/4.3.3/../../../../arm-eabi/lib/thumb/libg.a(lib_a-wctomb_r.o)
                0x02018cc8                _wctomb_r
 .text          0x02018f90       0xc8 /opt/devkitPro/devkitARM/lib/gcc/arm-eabi/4.3.3/../../../../arm-eabi/lib/thumb/libg.a(lib_a-wsetup.o)
                0x02018f90                __swsetup_r
 .text          0x02019058        0x0 /opt/devkitPro/devkitARM/lib/gcc/arm-eabi/4.3.3/../../../../arm-eabi/lib/thumb/libg.a(lib_a-ctype_.o)
 .text          0x02019058       0x44 /opt/devkitPro/devkitARM/lib/gcc/arm-eabi/4.3.3/../../../../arm-eabi/lib/thumb/libg.a(lib_a-div.o)
                0x02019058                div
 *fill*         0x0201909c        0x4 ff
 .text          0x020190a0      0xf70 /opt/devkitPro/devkitARM/lib/gcc/arm-eabi/4.3.3/../../../../arm-eabi/lib/thumb/libg.a(lib_a-dtoa.o)
                0x0201920c                _dtoa_r
 .text          0x0201a010       0x7c /opt/devkitPro/devkitARM/lib/gcc/arm-eabi/4.3.3/../../../../arm-eabi/lib/thumb/libg.a(lib_a-flags.o)
                0x0201a010                __sflags
 .text          0x0201a08c      0x318 /opt/devkitPro/devkitARM/lib/gcc/arm-eabi/4.3.3/../../../../arm-eabi/lib/thumb/libg.a(lib_a-fvwrite.o)
                0x0201a08c                __sfvwrite_r
 .text          0x0201a3a4        0x8 /opt/devkitPro/devkitARM/lib/gcc/arm-eabi/4.3.3/../../../../arm-eabi/lib/thumb/libg.a(lib_a-gettzinfo.o)
                0x0201a3a4                __gettzinfo
 .text          0x0201a3ac       0xec /opt/devkitPro/devkitARM/lib/gcc/arm-eabi/4.3.3/../../../../arm-eabi/lib/thumb/libg.a(lib_a-iswspace.o)
                0x0201a3ac                iswspace
 .text          0x0201a498      0x178 /opt/devkitPro/devkitARM/lib/gcc/arm-eabi/4.3.3/../../../../arm-eabi/lib/thumb/libg.a(lib_a-jp2uc.o)
                0x0201a498                __jp2uc
 .text          0x0201a610       0x8c /opt/devkitPro/devkitARM/lib/gcc/arm-eabi/4.3.3/../../../../arm-eabi/lib/thumb/libg.a(lib_a-memchr.o)
                0x0201a610                memchr
 *fill*         0x0201a69c        0x4 ff
 .text          0x0201a6a0      0x9e8 /opt/devkitPro/devkitARM/lib/gcc/arm-eabi/4.3.3/../../../../arm-eabi/lib/thumb/libg.a(lib_a-mprec.o)
                0x0201a918                _mprec_log10
                0x0201a9a8                __any_on
                0x0201aa04                _Balloc
                0x0201a8c4                __ratio
                0x0201ae70                __i2b
                0x0201a808                __b2d
                0x0201afe8                __s2b
                0x0201a778                __mcmp
                0x0201a6bc                __hi0bits
                0x0201af30                __pow5mult
                0x0201ac50                __lshift
                0x0201ad10                __multiply
                0x0201aa58                __d2b
                0x0201a95c                __copybits
                0x0201a7bc                __ulp
                0x0201ab2c                __mdiff
                0x0201a710                __lo0bits
                0x0201ae88                __multadd
                0x0201a6a0                _Bfree
 .text          0x0201b088       0x24 /opt/devkitPro/devkitARM/lib/gcc/arm-eabi/4.3.3/../../../../arm-eabi/lib/thumb/libg.a(lib_a-s_isinfd.o)
                0x0201b088                __isinfd
 .text          0x0201b0ac       0x1c /opt/devkitPro/devkitARM/lib/gcc/arm-eabi/4.3.3/../../../../arm-eabi/lib/thumb/libg.a(lib_a-s_isnand.o)
                0x0201b0ac                __isnand
 .text          0x0201b0c8       0x78 /opt/devkitPro/devkitARM/lib/gcc/arm-eabi/4.3.3/../../../../arm-eabi/lib/thumb/libg.a(lib_a-sccl.o)
                0x0201b0c8                __sccl
 .text          0x0201b140        0x8 /opt/devkitPro/devkitARM/lib/gcc/arm-eabi/4.3.3/../../../../arm-eabi/lib/thumb/libg.a(lib_a-sf_nan.o)
                0x0201b140                nanf
 .text          0x0201b148       0x84 /opt/devkitPro/devkitARM/lib/gcc/arm-eabi/4.3.3/../../../../arm-eabi/lib/thumb/libg.a(lib_a-sprintf.o)
                0x0201b18c                _sprintf_r
                0x0201b148                sprintf
 *fill*         0x0201b1cc        0x4 ff
 .text          0x0201b1d0      0xf10 /opt/devkitPro/devkitARM/lib/gcc/arm-eabi/4.3.3/../../../../arm-eabi/lib/thumb/libg.a(lib_a-strtod.o)
                0x0201b1d0                _strtod_r
                0x0201c0c4                strtod
                0x0201c088                strtof
 .text          0x0201c0e0      0x18c /opt/devkitPro/devkitARM/lib/gcc/arm-eabi/4.3.3/../../../../arm-eabi/lib/thumb/libg.a(lib_a-strtol.o)
                0x0201c248                strtol
                0x0201c0e0                _strtol_r
 .text          0x0201c26c      0x190 /opt/devkitPro/devkitARM/lib/gcc/arm-eabi/4.3.3/../../../../arm-eabi/lib/thumb/libg.a(lib_a-strtoul.o)
                0x0201c3d8                strtoul
                0x0201c26c                _strtoul_r
 *fill*         0x0201c3fc        0x4 ff
 .text          0x0201c400     0x15e0 /opt/devkitPro/devkitARM/lib/gcc/arm-eabi/4.3.3/../../../../arm-eabi/lib/thumb/libg.a(lib_a-svfprintf.o)
                0x0201c52c                _svfprintf_r
 .text          0x0201d9e0      0x1a0 /opt/devkitPro/devkitARM/lib/gcc/arm-eabi/4.3.3/../../../../arm-eabi/lib/thumb/libg.a(lib_a-ungetc.o)
                0x0201db64                ungetc
                0x0201d9e0                __submore
                0x0201da5c                _ungetc_r
 .text          0x0201db80       0x5c /opt/devkitPro/devkitARM/lib/gcc/arm-eabi/4.3.3/../../../../arm-eabi/lib/thumb/libg.a(lib_a-callocr.o)
                0x0201db80                _calloc_r
 .text          0x0201dbdc      0x5e8 /opt/devkitPro/devkitARM/lib/gcc/arm-eabi/4.3.3/../../../../arm-eabi/lib/thumb/libg.a(lib_a-gdtoa-gethex.o)
                0x0201dbdc                __hexdig_init
                0x0201dcec                __gethex
 .text          0x0201e1c4      0x1a4 /opt/devkitPro/devkitARM/lib/gcc/arm-eabi/4.3.3/../../../../arm-eabi/lib/thumb/libg.a(lib_a-gdtoa-hexnan.o)
                0x0201e1c4                __hexnan
 .text          0x0201e368      0x134 /opt/devkitPro/devkitARM/lib/gcc/arm-eabi/4.3.3/../../../../arm-eabi/lib/thumb/libsysbase.a(iosupport.o)
                0x0201e478                RemoveDevice
                0x0201e368                setDefaultDevice
                0x0201e37c                AddDevice
                0x0201e458                GetDeviceOpTab
                0x0201e3f4                FindDevice
 .text          0x0201e49c       0x54 /opt/devkitPro/devkitARM/lib/gcc/arm-eabi/4.3.3/../../../../arm-eabi/lib/thumb/libsysbase.a(close.o)
                0x0201e49c                _close_r
 .text          0x0201e4f0       0x5c /opt/devkitPro/devkitARM/lib/gcc/arm-eabi/4.3.3/../../../../arm-eabi/lib/thumb/libsysbase.a(fstat.o)
                0x0201e4f0                _fstat_r
 .text          0x0201e54c        0x4 /opt/devkitPro/devkitARM/lib/gcc/arm-eabi/4.3.3/../../../../arm-eabi/lib/thumb/libsysbase.a(isatty.o)
                0x0201e54c                _isatty_r
 .text          0x0201e550       0x54 /opt/devkitPro/devkitARM/lib/gcc/arm-eabi/4.3.3/../../../../arm-eabi/lib/thumb/libsysbase.a(lseek.o)
                0x0201e550                _lseek_r
 .text          0x0201e5a4       0x9c /opt/devkitPro/devkitARM/lib/gcc/arm-eabi/4.3.3/../../../../arm-eabi/lib/thumb/libsysbase.a(open.o)
                0x0201e5a4                _open_r
 .text          0x0201e640       0x54 /opt/devkitPro/devkitARM/lib/gcc/arm-eabi/4.3.3/../../../../arm-eabi/lib/thumb/libsysbase.a(read.o)
                0x0201e640                _read_r
 .text          0x0201e694       0x54 /opt/devkitPro/devkitARM/lib/gcc/arm-eabi/4.3.3/../../../../arm-eabi/lib/thumb/libsysbase.a(sbrk.o)
                0x0201e694                _sbrk_r
 .text          0x0201e6e8       0x4c /opt/devkitPro/devkitARM/lib/gcc/arm-eabi/4.3.3/../../../../arm-eabi/lib/thumb/libsysbase.a(times.o)
                0x0201e6f0                _gettimeofday_r
                0x0201e6e8                _times_r
                0x0201e71c                _times
 .text          0x0201e734       0x54 /opt/devkitPro/devkitARM/lib/gcc/arm-eabi/4.3.3/../../../../arm-eabi/lib/thumb/libsysbase.a(write.o)
                0x0201e734                _write_r
 .text          0x0201e788        0x0 /opt/devkitPro/devkitARM/lib/gcc/arm-eabi/4.3.3/../../../../arm-eabi/lib/thumb/libsysbase.a(malloc_vars.o)
 .text          0x0201e788      0x25c /opt/devkitPro/devkitARM/lib/gcc/arm-eabi/4.3.3/../../../../arm-eabi/lib/thumb/libsysbase.a(chdir.o)
                0x0201e8f4                chdir
                0x0201e788                getcwd
                0x0201e7d8                _concatenate_path
 .text          0x0201e9e4       0x54 /opt/devkitPro/devkitARM/lib/gcc/arm-eabi/4.3.3/../../../../arm-eabi/lib/thumb/libsysbase.a(build_argv.o)
                0x0201e9e4                build_argv
 .text          0x0201ea38       0x90 /opt/devkitPro/devkitARM/lib/gcc/arm-eabi/4.3.3/../../../../arm-eabi/lib/thumb/libsysbase.a(handle_manager.o)
                0x0201ea98                __release_handle
                0x0201ea58                __alloc_handle
                0x0201ea38                __get_handle
 .text          0x0201eac8      0x41c /opt/devkitPro/devkitARM/lib/gcc/arm-eabi/4.3.3/thumb/libgcc.a(_addsubdf3.o)
                0x0201ee84                __floatdidf
                0x0201ee08                __floatsidf
                0x0201ede4                __aeabi_ui2d
                0x0201eac8                __aeabi_drsub
                0x0201ee30                __extendsfdf2
                0x0201ead4                __adddf3
                0x0201ede4                __floatunsidf
                0x0201ead4                __aeabi_dadd
                0x0201ee70                __aeabi_ul2d
                0x0201ead0                __aeabi_dsub
                0x0201ee70                __floatundidf
                0x0201ee08                __aeabi_i2d
                0x0201ee84                __aeabi_l2d
                0x0201ee30                __aeabi_f2d
                0x0201ead0                __subdf3
 .text          0x0201eee4      0x49c /opt/devkitPro/devkitARM/lib/gcc/arm-eabi/4.3.3/thumb/libgcc.a(_muldivdf3.o)
                0x0201f174                __aeabi_ddiv
                0x0201eee4                __aeabi_dmul
                0x0201f174                __divdf3
                0x0201eee4                __muldf3
 .text          0x0201f380      0x140 /opt/devkitPro/devkitARM/lib/gcc/arm-eabi/4.3.3/thumb/libgcc.a(_cmpdf2.o)
                0x0201f478                __aeabi_dcmple
                0x0201f390                __cmpdf2
                0x0201f390                __eqdf2
                0x0201f380                __gtdf2
                0x0201f430                __aeabi_cdcmple
                0x0201f414                __aeabi_cdrcmple
                0x0201f388                __ltdf2
                0x0201f460                __aeabi_dcmplt
                0x0201f388                __ledf2
                0x0201f4a8                __aeabi_dcmpgt
                0x0201f490                __aeabi_dcmpge
                0x0201f390                __nedf2
                0x0201f448                __aeabi_dcmpeq
                0x0201f430                __aeabi_cdcmpeq
                0x0201f380                __gedf2
 .text          0x0201f4c0       0x5c /opt/devkitPro/devkitARM/lib/gcc/arm-eabi/4.3.3/thumb/libgcc.a(_fixdfsi.o)
                0x0201f4c0                __fixdfsi
                0x0201f4c0                __aeabi_d2iz
 .text          0x0201f51c       0x54 /opt/devkitPro/devkitARM/lib/gcc/arm-eabi/4.3.3/thumb/libgcc.a(_fixunsdfsi.o)
                0x0201f51c                __fixunsdfsi
                0x0201f51c                __aeabi_d2uiz
 .text          0x0201f570       0xa0 /opt/devkitPro/devkitARM/lib/gcc/arm-eabi/4.3.3/thumb/libgcc.a(_truncdfsf2.o)
                0x0201f570                __aeabi_d2f
                0x0201f570                __truncdfsf2
 .text          0x0201f610        0xc /opt/devkitPro/devkitARM/lib/gcc/arm-eabi/4.3.3/../../../../arm-eabi/lib/thumb/libg.a(lib_a-errno.o)
                0x0201f610                __errno
 .text          0x0201f61c        0x0 /opt/devkitPro/devkitARM/lib/gcc/arm-eabi/4.3.3/thumb/crtend.o
 .text          0x0201f61c        0x0 /opt/devkitPro/devkitARM/lib/gcc/arm-eabi/4.3.3/thumb/crtn.o
 *(.text.*)
 *(.stub)
 *(.gnu.warning)
 *(.gnu.linkonce.t*)
 *(.glue_7)
 .glue_7        0x0201f61c        0x0 /opt/devkitPro/devkitARM/lib/gcc/arm-eabi/4.3.3/../../../../arm-eabi/lib/thumb/ds_arm9_crt0.o
 .glue_7        0x0201f61c        0x0 /opt/devkitPro/devkitARM/lib/gcc/arm-eabi/4.3.3/thumb/crti.o
 .glue_7        0x0201f61c        0x0 /opt/devkitPro/devkitARM/lib/gcc/arm-eabi/4.3.3/thumb/crtbegin.o
 .glue_7        0x0201f61c        0x0 soundbank.bin.o
 .glue_7        0x0201f61c        0x0 alexxzandrite.o
 .glue_7        0x0201f61c        0x0 amazonite.o
 .glue_7        0x0201f61c        0x0 background.o
 .glue_7        0x0201f61c        0x0 bronze.o
 .glue_7        0x0201f61c        0x0 controls.o
 .glue_7        0x0201f61c        0x0 diamond.o
 .glue_7        0x0201f61c        0x0 FONDS.o
 .glue_7        0x0201f61c        0x0 Game-Over.o
 .glue_7        0x0201f61c        0x0 numbers.o
 .glue_7        0x0201f61c        0x0 numbers_small.o
 .glue_7        0x0201f61c        0x0 PlayerHorizontal.o
 .glue_7        0x0201f61c        0x0 PlayerVertical.o
 .glue_7        0x0201f61c        0x0 game.o
 .glue_7        0x0201f61c        0x0 graphics_main.o
 .glue_7        0x0201f61c        0x0 graphics_sub.o
 .glue_7        0x0201f61c        0x0 main.o
 .glue_7        0x0201f61c        0x0 mineral.o
 .glue_7        0x0201f61c        0x0 P_Audio.o
 .glue_7        0x0201f61c        0x0 P_Score.o
 .glue_7        0x0201f61c        0x0 timer_game.o
 .glue_7        0x0201f61c        0x0 /opt/devkitPro/libnds/lib/libfat.a(libfat.o)
 .glue_7        0x0201f61c        0x0 /opt/devkitPro/libnds/lib/libfat.a(partition.o)
 .glue_7        0x0201f61c        0x0 /opt/devkitPro/libnds/lib/libfat.a(cache.o)
 .glue_7        0x0201f61c        0x0 /opt/devkitPro/libnds/lib/libfat.a(disc.o)
 .glue_7        0x0201f61c        0x0 /opt/devkitPro/libnds/lib/libfat.a(fatdir.o)
 .glue_7        0x0201f61c        0x0 /opt/devkitPro/libnds/lib/libfat.a(fatfile.o)
 .glue_7        0x0201f61c        0x0 /opt/devkitPro/libnds/lib/libfat.a(file_allocation_table.o)
 .glue_7        0x0201f61c        0x0 /opt/devkitPro/libnds/lib/libfat.a(filetime.o)
 .glue_7        0x0201f61c        0x0 /opt/devkitPro/libnds/lib/libfat.a(directory.o)
 .glue_7        0x0201f61c        0x0 /opt/devkitPro/libnds/lib/libnds9.a(initSystem.o)
 .glue_7        0x0201f61c        0x0 /opt/devkitPro/libnds/lib/libnds9.a(keys.o)
 .glue_7        0x0201f61c        0x0 /opt/devkitPro/libnds/lib/libnds9.a(sprite.o)
 .glue_7        0x0201f61c        0x0 /opt/devkitPro/libnds/lib/libnds9.a(sprite_alloc.o)
 .glue_7        0x0201f61c        0x0 /opt/devkitPro/libnds/lib/libnds9.a(system.o)
 .glue_7        0x0201f61c        0x0 /opt/devkitPro/libnds/lib/libnds9.a(touch.o)
 .glue_7        0x0201f61c        0x0 /opt/devkitPro/libnds/lib/libnds9.a(trig.o)
 .glue_7        0x0201f61c        0x0 /opt/devkitPro/libnds/lib/libnds9.a(videoGL.o)
 .glue_7        0x0201f61c        0x0 /opt/devkitPro/libnds/lib/libnds9.a(dldi.o)
 .glue_7        0x0201f61c        0x0 /opt/devkitPro/libnds/lib/libnds9.a(fifosystem.o)
 .glue_7        0x0201f61c        0x0 /opt/devkitPro/libnds/lib/libnds9.a(interrupts.o)
 .glue_7        0x0201f61c        0x0 /opt/devkitPro/libnds/lib/libnds9.a(dcache.o)
 .glue_7        0x0201f61c        0x0 /opt/devkitPro/libnds/lib/libnds9.a(dldi_stub.o)
 .glue_7        0x0201f61c        0x0 /opt/devkitPro/libnds/lib/libnds9.a(biosCalls.o)
 .glue_7        0x0201f61c        0x0 /opt/devkitPro/libnds/lib/libnds9.a(interruptDispatcher.o)
 .glue_7        0x0201f61c        0x0 /opt/devkitPro/libnds/lib/libnds9.a(video.o)
 .glue_7        0x0201f61c        0x0 /opt/devkitPro/libnds/lib/libmm9.a(mm_comms.o)
 .glue_7        0x0201f61c        0x0 /opt/devkitPro/libnds/lib/libmm9.a(mm_main9.o)
 .glue_7        0x0201f61c        0x0 /opt/devkitPro/libnds/lib/libmm9.a(mm_memory.o)
 .glue_7        0x0201f61c        0x0 /opt/devkitPro/libnds/lib/libmm9.a(mm_soundbank.o)
 .glue_7        0x0201f61c        0x0 /opt/devkitPro/libnds/lib/libmm9.a(mm_flusher.o)
 .glue_7        0x0201f61c        0x0 /opt/devkitPro/devkitARM/lib/gcc/arm-eabi/4.3.3/thumb/libgcc.a(_udivsi3.o)
 .glue_7        0x0201f61c        0x0 /opt/devkitPro/devkitARM/lib/gcc/arm-eabi/4.3.3/thumb/libgcc.a(_divsi3.o)
 .glue_7        0x0201f61c        0x0 /opt/devkitPro/devkitARM/lib/gcc/arm-eabi/4.3.3/thumb/libgcc.a(_dvmd_tls.o)
 .glue_7        0x0201f61c        0x0 /opt/devkitPro/devkitARM/lib/gcc/arm-eabi/4.3.3/thumb/libgcc.a(_muldi3.o)
 .glue_7        0x0201f61c        0x0 /opt/devkitPro/devkitARM/lib/gcc/arm-eabi/4.3.3/../../../../arm-eabi/lib/thumb/libg.a(lib_a-bsearch.o)
 .glue_7        0x0201f61c        0x0 /opt/devkitPro/devkitARM/lib/gcc/arm-eabi/4.3.3/../../../../arm-eabi/lib/thumb/libg.a(lib_a-fclose.o)
 .glue_7        0x0201f61c        0x0 /opt/devkitPro/devkitARM/lib/gcc/arm-eabi/4.3.3/../../../../arm-eabi/lib/thumb/libg.a(lib_a-fflush.o)
 .glue_7        0x0201f61c        0x0 /opt/devkitPro/devkitARM/lib/gcc/arm-eabi/4.3.3/../../../../arm-eabi/lib/thumb/libg.a(lib_a-findfp.o)
 .glue_7        0x0201f61c        0x0 /opt/devkitPro/devkitARM/lib/gcc/arm-eabi/4.3.3/../../../../arm-eabi/lib/thumb/libg.a(lib_a-fopen.o)
 .glue_7        0x0201f61c        0x0 /opt/devkitPro/devkitARM/lib/gcc/arm-eabi/4.3.3/../../../../arm-eabi/lib/thumb/libg.a(lib_a-fprintf.o)
 .glue_7        0x0201f61c        0x0 /opt/devkitPro/devkitARM/lib/gcc/arm-eabi/4.3.3/../../../../arm-eabi/lib/thumb/libg.a(lib_a-fread.o)
 .glue_7        0x0201f61c        0x0 /opt/devkitPro/devkitARM/lib/gcc/arm-eabi/4.3.3/../../../../arm-eabi/lib/thumb/libg.a(lib_a-freer.o)
 .glue_7        0x0201f61c        0x0 /opt/devkitPro/devkitARM/lib/gcc/arm-eabi/4.3.3/../../../../arm-eabi/lib/thumb/libg.a(lib_a-fscanf.o)
 .glue_7        0x0201f61c        0x0 /opt/devkitPro/devkitARM/lib/gcc/arm-eabi/4.3.3/../../../../arm-eabi/lib/thumb/libg.a(lib_a-fseek.o)
 .glue_7        0x0201f61c        0x0 /opt/devkitPro/devkitARM/lib/gcc/arm-eabi/4.3.3/../../../../arm-eabi/lib/thumb/libg.a(lib_a-fwalk.o)
 .glue_7        0x0201f61c        0x0 /opt/devkitPro/devkitARM/lib/gcc/arm-eabi/4.3.3/../../../../arm-eabi/lib/thumb/libg.a(lib_a-impure.o)
 .glue_7        0x0201f61c        0x0 /opt/devkitPro/devkitARM/lib/gcc/arm-eabi/4.3.3/../../../../arm-eabi/lib/thumb/libg.a(lib_a-init.o)
 .glue_7        0x0201f61c        0x0 /opt/devkitPro/devkitARM/lib/gcc/arm-eabi/4.3.3/../../../../arm-eabi/lib/thumb/libg.a(lib_a-lcltime_r.o)
 .glue_7        0x0201f61c        0x0 /opt/devkitPro/devkitARM/lib/gcc/arm-eabi/4.3.3/../../../../arm-eabi/lib/thumb/libg.a(lib_a-locale.o)
 .glue_7        0x0201f61c        0x0 /opt/devkitPro/devkitARM/lib/gcc/arm-eabi/4.3.3/../../../../arm-eabi/lib/thumb/libg.a(lib_a-makebuf.o)
 .glue_7        0x0201f61c        0x0 /opt/devkitPro/devkitARM/lib/gcc/arm-eabi/4.3.3/../../../../arm-eabi/lib/thumb/libg.a(lib_a-malloc.o)
 .glue_7        0x0201f61c        0x0 /opt/devkitPro/devkitARM/lib/gcc/arm-eabi/4.3.3/../../../../arm-eabi/lib/thumb/libg.a(lib_a-mallocr.o)
 .glue_7        0x0201f61c        0x0 /opt/devkitPro/devkitARM/lib/gcc/arm-eabi/4.3.3/../../../../arm-eabi/lib/thumb/libg.a(lib_a-mbrtowc.o)
 .glue_7        0x0201f61c        0x0 /opt/devkitPro/devkitARM/lib/gcc/arm-eabi/4.3.3/../../../../arm-eabi/lib/thumb/libg.a(lib_a-mbsrtowcs.o)
 .glue_7        0x0201f61c        0x0 /opt/devkitPro/devkitARM/lib/gcc/arm-eabi/4.3.3/../../../../arm-eabi/lib/thumb/libg.a(lib_a-mbtowc_r.o)
 .glue_7        0x0201f61c        0x0 /opt/devkitPro/devkitARM/lib/gcc/arm-eabi/4.3.3/../../../../arm-eabi/lib/thumb/libg.a(lib_a-memcmp.o)
 .glue_7        0x0201f61c        0x0 /opt/devkitPro/devkitARM/lib/gcc/arm-eabi/4.3.3/../../../../arm-eabi/lib/thumb/libg.a(lib_a-memcpy.o)
 .glue_7        0x0201f61c        0x0 /opt/devkitPro/devkitARM/lib/gcc/arm-eabi/4.3.3/../../../../arm-eabi/lib/thumb/libg.a(lib_a-memmove.o)
 .glue_7        0x0201f61c        0x0 /opt/devkitPro/devkitARM/lib/gcc/arm-eabi/4.3.3/../../../../arm-eabi/lib/thumb/libg.a(lib_a-memset.o)
 .glue_7        0x0201f61c        0x0 /opt/devkitPro/devkitARM/lib/gcc/arm-eabi/4.3.3/../../../../arm-eabi/lib/thumb/libg.a(lib_a-mktime.o)
 .glue_7        0x0201f61c        0x0 /opt/devkitPro/devkitARM/lib/gcc/arm-eabi/4.3.3/../../../../arm-eabi/lib/thumb/libg.a(lib_a-mktm_r.o)
 .glue_7        0x0201f61c        0x0 /opt/devkitPro/devkitARM/lib/gcc/arm-eabi/4.3.3/../../../../arm-eabi/lib/thumb/libg.a(lib_a-mlock.o)
 .glue_7        0x0201f61c        0x0 /opt/devkitPro/devkitARM/lib/gcc/arm-eabi/4.3.3/../../../../arm-eabi/lib/thumb/libg.a(lib_a-rand.o)
 .glue_7        0x0201f61c        0x0 /opt/devkitPro/devkitARM/lib/gcc/arm-eabi/4.3.3/../../../../arm-eabi/lib/thumb/libg.a(lib_a-realloc.o)
 .glue_7        0x0201f61c        0x0 /opt/devkitPro/devkitARM/lib/gcc/arm-eabi/4.3.3/../../../../arm-eabi/lib/thumb/libg.a(lib_a-reallocr.o)
 .glue_7        0x0201f61c        0x0 /opt/devkitPro/devkitARM/lib/gcc/arm-eabi/4.3.3/../../../../arm-eabi/lib/thumb/libg.a(lib_a-refill.o)
 .glue_7        0x0201f61c        0x0 /opt/devkitPro/devkitARM/lib/gcc/arm-eabi/4.3.3/../../../../arm-eabi/lib/thumb/libg.a(lib_a-stdio.o)
 .glue_7        0x0201f61c        0x0 /opt/devkitPro/devkitARM/lib/gcc/arm-eabi/4.3.3/../../../../arm-eabi/lib/thumb/libg.a(lib_a-strchr.o)
 .glue_7        0x0201f61c        0x0 /opt/devkitPro/devkitARM/lib/gcc/arm-eabi/4.3.3/../../../../arm-eabi/lib/thumb/libg.a(lib_a-strcmp.o)
 .glue_7        0x0201f61c        0x0 /opt/devkitPro/devkitARM/lib/gcc/arm-eabi/4.3.3/../../../../arm-eabi/lib/thumb/libg.a(lib_a-strcpy.o)
 .glue_7        0x0201f61c        0x0 /opt/devkitPro/devkitARM/lib/gcc/arm-eabi/4.3.3/../../../../arm-eabi/lib/thumb/libg.a(lib_a-strlen.o)
 .glue_7        0x0201f61c        0x0 /opt/devkitPro/devkitARM/lib/gcc/arm-eabi/4.3.3/../../../../arm-eabi/lib/thumb/libg.a(lib_a-strncasecmp.o)
 .glue_7        0x0201f61c        0x0 /opt/devkitPro/devkitARM/lib/gcc/arm-eabi/4.3.3/../../../../arm-eabi/lib/thumb/libg.a(lib_a-strncmp.o)
 .glue_7        0x0201f61c        0x0 /opt/devkitPro/devkitARM/lib/gcc/arm-eabi/4.3.3/../../../../arm-eabi/lib/thumb/libg.a(lib_a-strncpy.o)
 .glue_7        0x0201f61c        0x0 /opt/devkitPro/devkitARM/lib/gcc/arm-eabi/4.3.3/../../../../arm-eabi/lib/thumb/libg.a(lib_a-strnlen.o)
 .glue_7        0x0201f61c        0x0 /opt/devkitPro/devkitARM/lib/gcc/arm-eabi/4.3.3/../../../../arm-eabi/lib/thumb/libg.a(lib_a-strpbrk.o)
 .glue_7        0x0201f61c        0x0 /opt/devkitPro/devkitARM/lib/gcc/arm-eabi/4.3.3/../../../../arm-eabi/lib/thumb/libg.a(lib_a-strrchr.o)
 .glue_7        0x0201f61c        0x0 /opt/devkitPro/devkitARM/lib/gcc/arm-eabi/4.3.3/../../../../arm-eabi/lib/thumb/libg.a(lib_a-sysclose.o)
 .glue_7        0x0201f61c        0x0 /opt/devkitPro/devkitARM/lib/gcc/arm-eabi/4.3.3/../../../../arm-eabi/lib/thumb/libg.a(lib_a-syslseek.o)
 .glue_7        0x0201f61c        0x0 /opt/devkitPro/devkitARM/lib/gcc/arm-eabi/4.3.3/../../../../arm-eabi/lib/thumb/libg.a(lib_a-sysopen.o)
 .glue_7        0x0201f61c        0x0 /opt/devkitPro/devkitARM/lib/gcc/arm-eabi/4.3.3/../../../../arm-eabi/lib/thumb/libg.a(lib_a-sysread.o)
 .glue_7        0x0201f61c        0x0 /opt/devkitPro/devkitARM/lib/gcc/arm-eabi/4.3.3/../../../../arm-eabi/lib/thumb/libg.a(lib_a-time.o)
 .glue_7        0x0201f61c        0x0 /opt/devkitPro/devkitARM/lib/gcc/arm-eabi/4.3.3/../../../../arm-eabi/lib/thumb/libg.a(lib_a-towlower.o)
 .glue_7        0x0201f61c        0x0 /opt/devkitPro/devkitARM/lib/gcc/arm-eabi/4.3.3/../../../../arm-eabi/lib/thumb/libg.a(lib_a-towupper.o)
 .glue_7        0x0201f61c        0x0 /opt/devkitPro/devkitARM/lib/gcc/arm-eabi/4.3.3/../../../../arm-eabi/lib/thumb/libg.a(lib_a-tzlock.o)
 .glue_7        0x0201f61c        0x0 /opt/devkitPro/devkitARM/lib/gcc/arm-eabi/4.3.3/../../../../arm-eabi/lib/thumb/libg.a(lib_a-tzvars.o)
 .glue_7        0x0201f61c        0x0 /opt/devkitPro/devkitARM/lib/gcc/arm-eabi/4.3.3/../../../../arm-eabi/lib/thumb/libg.a(lib_a-vfprintf.o)
 .glue_7        0x0201f61c        0x0 /opt/devkitPro/devkitARM/lib/gcc/arm-eabi/4.3.3/../../../../arm-eabi/lib/thumb/libg.a(lib_a-vfscanf.o)
 .glue_7        0x0201f61c        0x0 /opt/devkitPro/devkitARM/lib/gcc/arm-eabi/4.3.3/../../../../arm-eabi/lib/thumb/libg.a(lib_a-wcrtomb.o)
 .glue_7        0x0201f61c        0x0 /opt/devkitPro/devkitARM/lib/gcc/arm-eabi/4.3.3/../../../../arm-eabi/lib/thumb/libg.a(lib_a-wcsrtombs.o)
 .glue_7        0x0201f61c        0x0 /opt/devkitPro/devkitARM/lib/gcc/arm-eabi/4.3.3/../../../../arm-eabi/lib/thumb/libg.a(lib_a-wctob.o)
 .glue_7        0x0201f61c        0x0 /opt/devkitPro/devkitARM/lib/gcc/arm-eabi/4.3.3/../../../../arm-eabi/lib/thumb/libg.a(lib_a-wctomb_r.o)
 .glue_7        0x0201f61c        0x0 /opt/devkitPro/devkitARM/lib/gcc/arm-eabi/4.3.3/../../../../arm-eabi/lib/thumb/libg.a(lib_a-wsetup.o)
 .glue_7        0x0201f61c        0x0 /opt/devkitPro/devkitARM/lib/gcc/arm-eabi/4.3.3/../../../../arm-eabi/lib/thumb/libg.a(lib_a-ctype_.o)
 .glue_7        0x0201f61c        0x0 /opt/devkitPro/devkitARM/lib/gcc/arm-eabi/4.3.3/../../../../arm-eabi/lib/thumb/libg.a(lib_a-div.o)
 .glue_7        0x0201f61c        0x0 /opt/devkitPro/devkitARM/lib/gcc/arm-eabi/4.3.3/../../../../arm-eabi/lib/thumb/libg.a(lib_a-dtoa.o)
 .glue_7        0x0201f61c        0x0 /opt/devkitPro/devkitARM/lib/gcc/arm-eabi/4.3.3/../../../../arm-eabi/lib/thumb/libg.a(lib_a-flags.o)
 .glue_7        0x0201f61c        0x0 /opt/devkitPro/devkitARM/lib/gcc/arm-eabi/4.3.3/../../../../arm-eabi/lib/thumb/libg.a(lib_a-fvwrite.o)
 .glue_7        0x0201f61c        0x0 /opt/devkitPro/devkitARM/lib/gcc/arm-eabi/4.3.3/../../../../arm-eabi/lib/thumb/libg.a(lib_a-gettzinfo.o)
 .glue_7        0x0201f61c        0x0 /opt/devkitPro/devkitARM/lib/gcc/arm-eabi/4.3.3/../../../../arm-eabi/lib/thumb/libg.a(lib_a-iswspace.o)
 .glue_7        0x0201f61c        0x0 /opt/devkitPro/devkitARM/lib/gcc/arm-eabi/4.3.3/../../../../arm-eabi/lib/thumb/libg.a(lib_a-jp2uc.o)
 .glue_7        0x0201f61c        0x0 /opt/devkitPro/devkitARM/lib/gcc/arm-eabi/4.3.3/../../../../arm-eabi/lib/thumb/libg.a(lib_a-memchr.o)
 .glue_7        0x0201f61c        0x0 /opt/devkitPro/devkitARM/lib/gcc/arm-eabi/4.3.3/../../../../arm-eabi/lib/thumb/libg.a(lib_a-mprec.o)
 .glue_7        0x0201f61c        0x0 /opt/devkitPro/devkitARM/lib/gcc/arm-eabi/4.3.3/../../../../arm-eabi/lib/thumb/libg.a(lib_a-s_isinfd.o)
 .glue_7        0x0201f61c        0x0 /opt/devkitPro/devkitARM/lib/gcc/arm-eabi/4.3.3/../../../../arm-eabi/lib/thumb/libg.a(lib_a-s_isnand.o)
 .glue_7        0x0201f61c        0x0 /opt/devkitPro/devkitARM/lib/gcc/arm-eabi/4.3.3/../../../../arm-eabi/lib/thumb/libg.a(lib_a-sccl.o)
 .glue_7        0x0201f61c        0x0 /opt/devkitPro/devkitARM/lib/gcc/arm-eabi/4.3.3/../../../../arm-eabi/lib/thumb/libg.a(lib_a-sf_nan.o)
 .glue_7        0x0201f61c        0x0 /opt/devkitPro/devkitARM/lib/gcc/arm-eabi/4.3.3/../../../../arm-eabi/lib/thumb/libg.a(lib_a-sprintf.o)
 .glue_7        0x0201f61c        0x0 /opt/devkitPro/devkitARM/lib/gcc/arm-eabi/4.3.3/../../../../arm-eabi/lib/thumb/libg.a(lib_a-strtod.o)
 .glue_7        0x0201f61c        0x0 /opt/devkitPro/devkitARM/lib/gcc/arm-eabi/4.3.3/../../../../arm-eabi/lib/thumb/libg.a(lib_a-strtol.o)
 .glue_7        0x0201f61c        0x0 /opt/devkitPro/devkitARM/lib/gcc/arm-eabi/4.3.3/../../../../arm-eabi/lib/thumb/libg.a(lib_a-strtoul.o)
 .glue_7        0x0201f61c        0x0 /opt/devkitPro/devkitARM/lib/gcc/arm-eabi/4.3.3/../../../../arm-eabi/lib/thumb/libg.a(lib_a-svfprintf.o)
 .glue_7        0x0201f61c        0x0 /opt/devkitPro/devkitARM/lib/gcc/arm-eabi/4.3.3/../../../../arm-eabi/lib/thumb/libg.a(lib_a-ungetc.o)
 .glue_7        0x0201f61c        0x0 /opt/devkitPro/devkitARM/lib/gcc/arm-eabi/4.3.3/../../../../arm-eabi/lib/thumb/libg.a(lib_a-callocr.o)
 .glue_7        0x0201f61c        0x0 /opt/devkitPro/devkitARM/lib/gcc/arm-eabi/4.3.3/../../../../arm-eabi/lib/thumb/libg.a(lib_a-gdtoa-gethex.o)
 .glue_7        0x0201f61c        0x0 /opt/devkitPro/devkitARM/lib/gcc/arm-eabi/4.3.3/../../../../arm-eabi/lib/thumb/libg.a(lib_a-gdtoa-hexnan.o)
 .glue_7        0x0201f61c        0x0 /opt/devkitPro/devkitARM/lib/gcc/arm-eabi/4.3.3/../../../../arm-eabi/lib/thumb/libsysbase.a(iosupport.o)
 .glue_7        0x0201f61c        0x0 /opt/devkitPro/devkitARM/lib/gcc/arm-eabi/4.3.3/../../../../arm-eabi/lib/thumb/libsysbase.a(close.o)
 .glue_7        0x0201f61c        0x0 /opt/devkitPro/devkitARM/lib/gcc/arm-eabi/4.3.3/../../../../arm-eabi/lib/thumb/libsysbase.a(fstat.o)
 .glue_7        0x0201f61c        0x0 /opt/devkitPro/devkitARM/lib/gcc/arm-eabi/4.3.3/../../../../arm-eabi/lib/thumb/libsysbase.a(isatty.o)
 .glue_7        0x0201f61c        0x0 /opt/devkitPro/devkitARM/lib/gcc/arm-eabi/4.3.3/../../../../arm-eabi/lib/thumb/libsysbase.a(lseek.o)
 .glue_7        0x0201f61c        0x0 /opt/devkitPro/devkitARM/lib/gcc/arm-eabi/4.3.3/../../../../arm-eabi/lib/thumb/libsysbase.a(open.o)
 .glue_7        0x0201f61c        0x0 /opt/devkitPro/devkitARM/lib/gcc/arm-eabi/4.3.3/../../../../arm-eabi/lib/thumb/libsysbase.a(read.o)
 .glue_7        0x0201f61c        0x0 /opt/devkitPro/devkitARM/lib/gcc/arm-eabi/4.3.3/../../../../arm-eabi/lib/thumb/libsysbase.a(sbrk.o)
 .glue_7        0x0201f61c        0x0 /opt/devkitPro/devkitARM/lib/gcc/arm-eabi/4.3.3/../../../../arm-eabi/lib/thumb/libsysbase.a(times.o)
 .glue_7        0x0201f61c        0x0 /opt/devkitPro/devkitARM/lib/gcc/arm-eabi/4.3.3/../../../../arm-eabi/lib/thumb/libsysbase.a(write.o)
 .glue_7        0x0201f61c        0x0 /opt/devkitPro/devkitARM/lib/gcc/arm-eabi/4.3.3/../../../../arm-eabi/lib/thumb/libsysbase.a(malloc_vars.o)
 .glue_7        0x0201f61c        0x0 /opt/devkitPro/devkitARM/lib/gcc/arm-eabi/4.3.3/../../../../arm-eabi/lib/thumb/libsysbase.a(chdir.o)
 .glue_7        0x0201f61c        0x0 /opt/devkitPro/devkitARM/lib/gcc/arm-eabi/4.3.3/../../../../arm-eabi/lib/thumb/libsysbase.a(build_argv.o)
 .glue_7        0x0201f61c        0x0 /opt/devkitPro/devkitARM/lib/gcc/arm-eabi/4.3.3/../../../../arm-eabi/lib/thumb/libsysbase.a(handle_manager.o)
 .glue_7        0x0201f61c        0x0 /opt/devkitPro/devkitARM/lib/gcc/arm-eabi/4.3.3/thumb/libgcc.a(_addsubdf3.o)
 .glue_7        0x0201f61c        0x0 /opt/devkitPro/devkitARM/lib/gcc/arm-eabi/4.3.3/thumb/libgcc.a(_muldivdf3.o)
 .glue_7        0x0201f61c        0x0 /opt/devkitPro/devkitARM/lib/gcc/arm-eabi/4.3.3/thumb/libgcc.a(_cmpdf2.o)
 .glue_7        0x0201f61c        0x0 /opt/devkitPro/devkitARM/lib/gcc/arm-eabi/4.3.3/thumb/libgcc.a(_fixdfsi.o)
 .glue_7        0x0201f61c        0x0 /opt/devkitPro/devkitARM/lib/gcc/arm-eabi/4.3.3/thumb/libgcc.a(_fixunsdfsi.o)
 .glue_7        0x0201f61c        0x0 /opt/devkitPro/devkitARM/lib/gcc/arm-eabi/4.3.3/thumb/libgcc.a(_truncdfsf2.o)
 .glue_7        0x0201f61c        0x0 /opt/devkitPro/devkitARM/lib/gcc/arm-eabi/4.3.3/../../../../arm-eabi/lib/thumb/libg.a(lib_a-errno.o)
 .glue_7        0x0201f61c        0x0 /opt/devkitPro/devkitARM/lib/gcc/arm-eabi/4.3.3/thumb/crtend.o
 .glue_7        0x0201f61c        0x0 /opt/devkitPro/devkitARM/lib/gcc/arm-eabi/4.3.3/thumb/crtn.o
 *(.glue_7t)
 .glue_7t       0x0201f61c        0x0 /opt/devkitPro/devkitARM/lib/gcc/arm-eabi/4.3.3/../../../../arm-eabi/lib/thumb/ds_arm9_crt0.o
 .glue_7t       0x0201f61c        0x0 /opt/devkitPro/devkitARM/lib/gcc/arm-eabi/4.3.3/thumb/crti.o
 .glue_7t       0x0201f61c        0x0 /opt/devkitPro/devkitARM/lib/gcc/arm-eabi/4.3.3/thumb/crtbegin.o
 .glue_7t       0x0201f61c        0x0 soundbank.bin.o
 .glue_7t       0x0201f61c        0x0 alexxzandrite.o
 .glue_7t       0x0201f61c        0x0 amazonite.o
 .glue_7t       0x0201f61c        0x0 background.o
 .glue_7t       0x0201f61c        0x0 bronze.o
 .glue_7t       0x0201f61c        0x0 controls.o
 .glue_7t       0x0201f61c        0x0 diamond.o
 .glue_7t       0x0201f61c        0x0 FONDS.o
 .glue_7t       0x0201f61c        0x0 Game-Over.o
 .glue_7t       0x0201f61c        0x0 numbers.o
 .glue_7t       0x0201f61c        0x0 numbers_small.o
 .glue_7t       0x0201f61c        0x0 PlayerHorizontal.o
 .glue_7t       0x0201f61c        0x0 PlayerVertical.o
 .glue_7t       0x0201f61c        0x0 game.o
 .glue_7t       0x0201f61c        0x0 graphics_main.o
 .glue_7t       0x0201f61c        0x0 graphics_sub.o
 .glue_7t       0x0201f61c        0x0 main.o
 .glue_7t       0x0201f61c        0x0 mineral.o
 .glue_7t       0x0201f61c        0x0 P_Audio.o
 .glue_7t       0x0201f61c        0x0 P_Score.o
 .glue_7t       0x0201f61c        0x0 timer_game.o
 .glue_7t       0x0201f61c        0x0 /opt/devkitPro/libnds/lib/libfat.a(libfat.o)
 .glue_7t       0x0201f61c        0x0 /opt/devkitPro/libnds/lib/libfat.a(partition.o)
 .glue_7t       0x0201f61c        0x0 /opt/devkitPro/libnds/lib/libfat.a(cache.o)
 .glue_7t       0x0201f61c        0x0 /opt/devkitPro/libnds/lib/libfat.a(disc.o)
 .glue_7t       0x0201f61c        0x0 /opt/devkitPro/libnds/lib/libfat.a(fatdir.o)
 .glue_7t       0x0201f61c        0x0 /opt/devkitPro/libnds/lib/libfat.a(fatfile.o)
 .glue_7t       0x0201f61c        0x0 /opt/devkitPro/libnds/lib/libfat.a(file_allocation_table.o)
 .glue_7t       0x0201f61c        0x0 /opt/devkitPro/libnds/lib/libfat.a(filetime.o)
 .glue_7t       0x0201f61c        0x0 /opt/devkitPro/libnds/lib/libfat.a(directory.o)
 .glue_7t       0x0201f61c        0x0 /opt/devkitPro/libnds/lib/libnds9.a(initSystem.o)
 .glue_7t       0x0201f61c        0x0 /opt/devkitPro/libnds/lib/libnds9.a(keys.o)
 .glue_7t       0x0201f61c        0x0 /opt/devkitPro/libnds/lib/libnds9.a(sprite.o)
 .glue_7t       0x0201f61c        0x0 /opt/devkitPro/libnds/lib/libnds9.a(sprite_alloc.o)
 .glue_7t       0x0201f61c        0x0 /opt/devkitPro/libnds/lib/libnds9.a(system.o)
 .glue_7t       0x0201f61c        0x0 /opt/devkitPro/libnds/lib/libnds9.a(touch.o)
 .glue_7t       0x0201f61c        0x0 /opt/devkitPro/libnds/lib/libnds9.a(trig.o)
 .glue_7t       0x0201f61c        0x0 /opt/devkitPro/libnds/lib/libnds9.a(videoGL.o)
 .glue_7t       0x0201f61c        0x0 /opt/devkitPro/libnds/lib/libnds9.a(dldi.o)
 .glue_7t       0x0201f61c        0x0 /opt/devkitPro/libnds/lib/libnds9.a(fifosystem.o)
 .glue_7t       0x0201f61c        0x0 /opt/devkitPro/libnds/lib/libnds9.a(interrupts.o)
 .glue_7t       0x0201f61c        0x0 /opt/devkitPro/libnds/lib/libnds9.a(dcache.o)
 .glue_7t       0x0201f61c        0x0 /opt/devkitPro/libnds/lib/libnds9.a(dldi_stub.o)
 .glue_7t       0x0201f61c        0x0 /opt/devkitPro/libnds/lib/libnds9.a(biosCalls.o)
 .glue_7t       0x0201f61c        0x0 /opt/devkitPro/libnds/lib/libnds9.a(interruptDispatcher.o)
 .glue_7t       0x0201f61c        0x0 /opt/devkitPro/libnds/lib/libnds9.a(video.o)
 .glue_7t       0x0201f61c        0x0 /opt/devkitPro/libnds/lib/libmm9.a(mm_comms.o)
 .glue_7t       0x0201f61c        0x0 /opt/devkitPro/libnds/lib/libmm9.a(mm_main9.o)
 .glue_7t       0x0201f61c        0x0 /opt/devkitPro/libnds/lib/libmm9.a(mm_memory.o)
 .glue_7t       0x0201f61c        0x0 /opt/devkitPro/libnds/lib/libmm9.a(mm_soundbank.o)
 .glue_7t       0x0201f61c        0x0 /opt/devkitPro/libnds/lib/libmm9.a(mm_flusher.o)
 .glue_7t       0x0201f61c        0x0 /opt/devkitPro/devkitARM/lib/gcc/arm-eabi/4.3.3/thumb/libgcc.a(_udivsi3.o)
 .glue_7t       0x0201f61c        0x0 /opt/devkitPro/devkitARM/lib/gcc/arm-eabi/4.3.3/thumb/libgcc.a(_divsi3.o)
 .glue_7t       0x0201f61c        0x0 /opt/devkitPro/devkitARM/lib/gcc/arm-eabi/4.3.3/thumb/libgcc.a(_dvmd_tls.o)
 .glue_7t       0x0201f61c        0x0 /opt/devkitPro/devkitARM/lib/gcc/arm-eabi/4.3.3/thumb/libgcc.a(_muldi3.o)
 .glue_7t       0x0201f61c        0x0 /opt/devkitPro/devkitARM/lib/gcc/arm-eabi/4.3.3/../../../../arm-eabi/lib/thumb/libg.a(lib_a-bsearch.o)
 .glue_7t       0x0201f61c        0x0 /opt/devkitPro/devkitARM/lib/gcc/arm-eabi/4.3.3/../../../../arm-eabi/lib/thumb/libg.a(lib_a-fclose.o)
 .glue_7t       0x0201f61c        0x0 /opt/devkitPro/devkitARM/lib/gcc/arm-eabi/4.3.3/../../../../arm-eabi/lib/thumb/libg.a(lib_a-fflush.o)
 .glue_7t       0x0201f61c        0x0 /opt/devkitPro/devkitARM/lib/gcc/arm-eabi/4.3.3/../../../../arm-eabi/lib/thumb/libg.a(lib_a-findfp.o)
 .glue_7t       0x0201f61c        0x0 /opt/devkitPro/devkitARM/lib/gcc/arm-eabi/4.3.3/../../../../arm-eabi/lib/thumb/libg.a(lib_a-fopen.o)
 .glue_7t       0x0201f61c        0x0 /opt/devkitPro/devkitARM/lib/gcc/arm-eabi/4.3.3/../../../../arm-eabi/lib/thumb/libg.a(lib_a-fprintf.o)
 .glue_7t       0x0201f61c        0x0 /opt/devkitPro/devkitARM/lib/gcc/arm-eabi/4.3.3/../../../../arm-eabi/lib/thumb/libg.a(lib_a-fread.o)
 .glue_7t       0x0201f61c        0x0 /opt/devkitPro/devkitARM/lib/gcc/arm-eabi/4.3.3/../../../../arm-eabi/lib/thumb/libg.a(lib_a-freer.o)
 .glue_7t       0x0201f61c        0x0 /opt/devkitPro/devkitARM/lib/gcc/arm-eabi/4.3.3/../../../../arm-eabi/lib/thumb/libg.a(lib_a-fscanf.o)
 .glue_7t       0x0201f61c        0x0 /opt/devkitPro/devkitARM/lib/gcc/arm-eabi/4.3.3/../../../../arm-eabi/lib/thumb/libg.a(lib_a-fseek.o)
 .glue_7t       0x0201f61c        0x0 /opt/devkitPro/devkitARM/lib/gcc/arm-eabi/4.3.3/../../../../arm-eabi/lib/thumb/libg.a(lib_a-fwalk.o)
 .glue_7t       0x0201f61c        0x0 /opt/devkitPro/devkitARM/lib/gcc/arm-eabi/4.3.3/../../../../arm-eabi/lib/thumb/libg.a(lib_a-impure.o)
 .glue_7t       0x0201f61c        0x0 /opt/devkitPro/devkitARM/lib/gcc/arm-eabi/4.3.3/../../../../arm-eabi/lib/thumb/libg.a(lib_a-init.o)
 .glue_7t       0x0201f61c        0x0 /opt/devkitPro/devkitARM/lib/gcc/arm-eabi/4.3.3/../../../../arm-eabi/lib/thumb/libg.a(lib_a-lcltime_r.o)
 .glue_7t       0x0201f61c        0x0 /opt/devkitPro/devkitARM/lib/gcc/arm-eabi/4.3.3/../../../../arm-eabi/lib/thumb/libg.a(lib_a-locale.o)
 .glue_7t       0x0201f61c        0x0 /opt/devkitPro/devkitARM/lib/gcc/arm-eabi/4.3.3/../../../../arm-eabi/lib/thumb/libg.a(lib_a-makebuf.o)
 .glue_7t       0x0201f61c        0x0 /opt/devkitPro/devkitARM/lib/gcc/arm-eabi/4.3.3/../../../../arm-eabi/lib/thumb/libg.a(lib_a-malloc.o)
 .glue_7t       0x0201f61c        0x0 /opt/devkitPro/devkitARM/lib/gcc/arm-eabi/4.3.3/../../../../arm-eabi/lib/thumb/libg.a(lib_a-mallocr.o)
 .glue_7t       0x0201f61c        0x0 /opt/devkitPro/devkitARM/lib/gcc/arm-eabi/4.3.3/../../../../arm-eabi/lib/thumb/libg.a(lib_a-mbrtowc.o)
 .glue_7t       0x0201f61c        0x0 /opt/devkitPro/devkitARM/lib/gcc/arm-eabi/4.3.3/../../../../arm-eabi/lib/thumb/libg.a(lib_a-mbsrtowcs.o)
 .glue_7t       0x0201f61c        0x0 /opt/devkitPro/devkitARM/lib/gcc/arm-eabi/4.3.3/../../../../arm-eabi/lib/thumb/libg.a(lib_a-mbtowc_r.o)
 .glue_7t       0x0201f61c        0x0 /opt/devkitPro/devkitARM/lib/gcc/arm-eabi/4.3.3/../../../../arm-eabi/lib/thumb/libg.a(lib_a-memcmp.o)
 .glue_7t       0x0201f61c        0x0 /opt/devkitPro/devkitARM/lib/gcc/arm-eabi/4.3.3/../../../../arm-eabi/lib/thumb/libg.a(lib_a-memcpy.o)
 .glue_7t       0x0201f61c        0x0 /opt/devkitPro/devkitARM/lib/gcc/arm-eabi/4.3.3/../../../../arm-eabi/lib/thumb/libg.a(lib_a-memmove.o)
 .glue_7t       0x0201f61c        0x0 /opt/devkitPro/devkitARM/lib/gcc/arm-eabi/4.3.3/../../../../arm-eabi/lib/thumb/libg.a(lib_a-memset.o)
 .glue_7t       0x0201f61c        0x0 /opt/devkitPro/devkitARM/lib/gcc/arm-eabi/4.3.3/../../../../arm-eabi/lib/thumb/libg.a(lib_a-mktime.o)
 .glue_7t       0x0201f61c        0x0 /opt/devkitPro/devkitARM/lib/gcc/arm-eabi/4.3.3/../../../../arm-eabi/lib/thumb/libg.a(lib_a-mktm_r.o)
 .glue_7t       0x0201f61c        0x0 /opt/devkitPro/devkitARM/lib/gcc/arm-eabi/4.3.3/../../../../arm-eabi/lib/thumb/libg.a(lib_a-mlock.o)
 .glue_7t       0x0201f61c        0x0 /opt/devkitPro/devkitARM/lib/gcc/arm-eabi/4.3.3/../../../../arm-eabi/lib/thumb/libg.a(lib_a-rand.o)
 .glue_7t       0x0201f61c        0x0 /opt/devkitPro/devkitARM/lib/gcc/arm-eabi/4.3.3/../../../../arm-eabi/lib/thumb/libg.a(lib_a-realloc.o)
 .glue_7t       0x0201f61c        0x0 /opt/devkitPro/devkitARM/lib/gcc/arm-eabi/4.3.3/../../../../arm-eabi/lib/thumb/libg.a(lib_a-reallocr.o)
 .glue_7t       0x0201f61c        0x0 /opt/devkitPro/devkitARM/lib/gcc/arm-eabi/4.3.3/../../../../arm-eabi/lib/thumb/libg.a(lib_a-refill.o)
 .glue_7t       0x0201f61c        0x0 /opt/devkitPro/devkitARM/lib/gcc/arm-eabi/4.3.3/../../../../arm-eabi/lib/thumb/libg.a(lib_a-stdio.o)
 .glue_7t       0x0201f61c        0x0 /opt/devkitPro/devkitARM/lib/gcc/arm-eabi/4.3.3/../../../../arm-eabi/lib/thumb/libg.a(lib_a-strchr.o)
 .glue_7t       0x0201f61c        0x0 /opt/devkitPro/devkitARM/lib/gcc/arm-eabi/4.3.3/../../../../arm-eabi/lib/thumb/libg.a(lib_a-strcmp.o)
 .glue_7t       0x0201f61c        0x0 /opt/devkitPro/devkitARM/lib/gcc/arm-eabi/4.3.3/../../../../arm-eabi/lib/thumb/libg.a(lib_a-strcpy.o)
 .glue_7t       0x0201f61c        0x0 /opt/devkitPro/devkitARM/lib/gcc/arm-eabi/4.3.3/../../../../arm-eabi/lib/thumb/libg.a(lib_a-strlen.o)
 .glue_7t       0x0201f61c        0x0 /opt/devkitPro/devkitARM/lib/gcc/arm-eabi/4.3.3/../../../../arm-eabi/lib/thumb/libg.a(lib_a-strncasecmp.o)
 .glue_7t       0x0201f61c        0x0 /opt/devkitPro/devkitARM/lib/gcc/arm-eabi/4.3.3/../../../../arm-eabi/lib/thumb/libg.a(lib_a-strncmp.o)
 .glue_7t       0x0201f61c        0x0 /opt/devkitPro/devkitARM/lib/gcc/arm-eabi/4.3.3/../../../../arm-eabi/lib/thumb/libg.a(lib_a-strncpy.o)
 .glue_7t       0x0201f61c        0x0 /opt/devkitPro/devkitARM/lib/gcc/arm-eabi/4.3.3/../../../../arm-eabi/lib/thumb/libg.a(lib_a-strnlen.o)
 .glue_7t       0x0201f61c        0x0 /opt/devkitPro/devkitARM/lib/gcc/arm-eabi/4.3.3/../../../../arm-eabi/lib/thumb/libg.a(lib_a-strpbrk.o)
 .glue_7t       0x0201f61c        0x0 /opt/devkitPro/devkitARM/lib/gcc/arm-eabi/4.3.3/../../../../arm-eabi/lib/thumb/libg.a(lib_a-strrchr.o)
 .glue_7t       0x0201f61c        0x0 /opt/devkitPro/devkitARM/lib/gcc/arm-eabi/4.3.3/../../../../arm-eabi/lib/thumb/libg.a(lib_a-sysclose.o)
 .glue_7t       0x0201f61c        0x0 /opt/devkitPro/devkitARM/lib/gcc/arm-eabi/4.3.3/../../../../arm-eabi/lib/thumb/libg.a(lib_a-syslseek.o)
 .glue_7t       0x0201f61c        0x0 /opt/devkitPro/devkitARM/lib/gcc/arm-eabi/4.3.3/../../../../arm-eabi/lib/thumb/libg.a(lib_a-sysopen.o)
 .glue_7t       0x0201f61c        0x0 /opt/devkitPro/devkitARM/lib/gcc/arm-eabi/4.3.3/../../../../arm-eabi/lib/thumb/libg.a(lib_a-sysread.o)
 .glue_7t       0x0201f61c        0x0 /opt/devkitPro/devkitARM/lib/gcc/arm-eabi/4.3.3/../../../../arm-eabi/lib/thumb/libg.a(lib_a-time.o)
 .glue_7t       0x0201f61c        0x0 /opt/devkitPro/devkitARM/lib/gcc/arm-eabi/4.3.3/../../../../arm-eabi/lib/thumb/libg.a(lib_a-towlower.o)
 .glue_7t       0x0201f61c        0x0 /opt/devkitPro/devkitARM/lib/gcc/arm-eabi/4.3.3/../../../../arm-eabi/lib/thumb/libg.a(lib_a-towupper.o)
 .glue_7t       0x0201f61c        0x0 /opt/devkitPro/devkitARM/lib/gcc/arm-eabi/4.3.3/../../../../arm-eabi/lib/thumb/libg.a(lib_a-tzlock.o)
 .glue_7t       0x0201f61c        0x0 /opt/devkitPro/devkitARM/lib/gcc/arm-eabi/4.3.3/../../../../arm-eabi/lib/thumb/libg.a(lib_a-tzvars.o)
 .glue_7t       0x0201f61c        0x0 /opt/devkitPro/devkitARM/lib/gcc/arm-eabi/4.3.3/../../../../arm-eabi/lib/thumb/libg.a(lib_a-vfprintf.o)
 .glue_7t       0x0201f61c        0x0 /opt/devkitPro/devkitARM/lib/gcc/arm-eabi/4.3.3/../../../../arm-eabi/lib/thumb/libg.a(lib_a-vfscanf.o)
 .glue_7t       0x0201f61c        0x0 /opt/devkitPro/devkitARM/lib/gcc/arm-eabi/4.3.3/../../../../arm-eabi/lib/thumb/libg.a(lib_a-wcrtomb.o)
 .glue_7t       0x0201f61c        0x0 /opt/devkitPro/devkitARM/lib/gcc/arm-eabi/4.3.3/../../../../arm-eabi/lib/thumb/libg.a(lib_a-wcsrtombs.o)
 .glue_7t       0x0201f61c        0x0 /opt/devkitPro/devkitARM/lib/gcc/arm-eabi/4.3.3/../../../../arm-eabi/lib/thumb/libg.a(lib_a-wctob.o)
 .glue_7t       0x0201f61c        0x0 /opt/devkitPro/devkitARM/lib/gcc/arm-eabi/4.3.3/../../../../arm-eabi/lib/thumb/libg.a(lib_a-wctomb_r.o)
 .glue_7t       0x0201f61c        0x0 /opt/devkitPro/devkitARM/lib/gcc/arm-eabi/4.3.3/../../../../arm-eabi/lib/thumb/libg.a(lib_a-wsetup.o)
 .glue_7t       0x0201f61c        0x0 /opt/devkitPro/devkitARM/lib/gcc/arm-eabi/4.3.3/../../../../arm-eabi/lib/thumb/libg.a(lib_a-ctype_.o)
 .glue_7t       0x0201f61c        0x0 /opt/devkitPro/devkitARM/lib/gcc/arm-eabi/4.3.3/../../../../arm-eabi/lib/thumb/libg.a(lib_a-div.o)
 .glue_7t       0x0201f61c        0x0 /opt/devkitPro/devkitARM/lib/gcc/arm-eabi/4.3.3/../../../../arm-eabi/lib/thumb/libg.a(lib_a-dtoa.o)
 .glue_7t       0x0201f61c        0x0 /opt/devkitPro/devkitARM/lib/gcc/arm-eabi/4.3.3/../../../../arm-eabi/lib/thumb/libg.a(lib_a-flags.o)
 .glue_7t       0x0201f61c        0x0 /opt/devkitPro/devkitARM/lib/gcc/arm-eabi/4.3.3/../../../../arm-eabi/lib/thumb/libg.a(lib_a-fvwrite.o)
 .glue_7t       0x0201f61c        0x0 /opt/devkitPro/devkitARM/lib/gcc/arm-eabi/4.3.3/../../../../arm-eabi/lib/thumb/libg.a(lib_a-gettzinfo.o)
 .glue_7t       0x0201f61c        0x0 /opt/devkitPro/devkitARM/lib/gcc/arm-eabi/4.3.3/../../../../arm-eabi/lib/thumb/libg.a(lib_a-iswspace.o)
 .glue_7t       0x0201f61c        0x0 /opt/devkitPro/devkitARM/lib/gcc/arm-eabi/4.3.3/../../../../arm-eabi/lib/thumb/libg.a(lib_a-jp2uc.o)
 .glue_7t       0x0201f61c        0x0 /opt/devkitPro/devkitARM/lib/gcc/arm-eabi/4.3.3/../../../../arm-eabi/lib/thumb/libg.a(lib_a-memchr.o)
 .glue_7t       0x0201f61c        0x0 /opt/devkitPro/devkitARM/lib/gcc/arm-eabi/4.3.3/../../../../arm-eabi/lib/thumb/libg.a(lib_a-mprec.o)
 .glue_7t       0x0201f61c        0x0 /opt/devkitPro/devkitARM/lib/gcc/arm-eabi/4.3.3/../../../../arm-eabi/lib/thumb/libg.a(lib_a-s_isinfd.o)
 .glue_7t       0x0201f61c        0x0 /opt/devkitPro/devkitARM/lib/gcc/arm-eabi/4.3.3/../../../../arm-eabi/lib/thumb/libg.a(lib_a-s_isnand.o)
 .glue_7t       0x0201f61c        0x0 /opt/devkitPro/devkitARM/lib/gcc/arm-eabi/4.3.3/../../../../arm-eabi/lib/thumb/libg.a(lib_a-sccl.o)
 .glue_7t       0x0201f61c        0x0 /opt/devkitPro/devkitARM/lib/gcc/arm-eabi/4.3.3/../../../../arm-eabi/lib/thumb/libg.a(lib_a-sf_nan.o)
 .glue_7t       0x0201f61c        0x0 /opt/devkitPro/devkitARM/lib/gcc/arm-eabi/4.3.3/../../../../arm-eabi/lib/thumb/libg.a(lib_a-sprintf.o)
 .glue_7t       0x0201f61c        0x0 /opt/devkitPro/devkitARM/lib/gcc/arm-eabi/4.3.3/../../../../arm-eabi/lib/thumb/libg.a(lib_a-strtod.o)
 .glue_7t       0x0201f61c        0x0 /opt/devkitPro/devkitARM/lib/gcc/arm-eabi/4.3.3/../../../../arm-eabi/lib/thumb/libg.a(lib_a-strtol.o)
 .glue_7t       0x0201f61c        0x0 /opt/devkitPro/devkitARM/lib/gcc/arm-eabi/4.3.3/../../../../arm-eabi/lib/thumb/libg.a(lib_a-strtoul.o)
 .glue_7t       0x0201f61c        0x0 /opt/devkitPro/devkitARM/lib/gcc/arm-eabi/4.3.3/../../../../arm-eabi/lib/thumb/libg.a(lib_a-svfprintf.o)
 .glue_7t       0x0201f61c        0x0 /opt/devkitPro/devkitARM/lib/gcc/arm-eabi/4.3.3/../../../../arm-eabi/lib/thumb/libg.a(lib_a-ungetc.o)
 .glue_7t       0x0201f61c        0x0 /opt/devkitPro/devkitARM/lib/gcc/arm-eabi/4.3.3/../../../../arm-eabi/lib/thumb/libg.a(lib_a-callocr.o)
 .glue_7t       0x0201f61c        0x0 /opt/devkitPro/devkitARM/lib/gcc/arm-eabi/4.3.3/../../../../arm-eabi/lib/thumb/libg.a(lib_a-gdtoa-gethex.o)
 .glue_7t       0x0201f61c        0x0 /opt/devkitPro/devkitARM/lib/gcc/arm-eabi/4.3.3/../../../../arm-eabi/lib/thumb/libg.a(lib_a-gdtoa-hexnan.o)
 .glue_7t       0x0201f61c        0x0 /opt/devkitPro/devkitARM/lib/gcc/arm-eabi/4.3.3/../../../../arm-eabi/lib/thumb/libsysbase.a(iosupport.o)
 .glue_7t       0x0201f61c        0x0 /opt/devkitPro/devkitARM/lib/gcc/arm-eabi/4.3.3/../../../../arm-eabi/lib/thumb/libsysbase.a(close.o)
 .glue_7t       0x0201f61c        0x0 /opt/devkitPro/devkitARM/lib/gcc/arm-eabi/4.3.3/../../../../arm-eabi/lib/thumb/libsysbase.a(fstat.o)
 .glue_7t       0x0201f61c        0x0 /opt/devkitPro/devkitARM/lib/gcc/arm-eabi/4.3.3/../../../../arm-eabi/lib/thumb/libsysbase.a(isatty.o)
 .glue_7t       0x0201f61c        0x0 /opt/devkitPro/devkitARM/lib/gcc/arm-eabi/4.3.3/../../../../arm-eabi/lib/thumb/libsysbase.a(lseek.o)
 .glue_7t       0x0201f61c        0x0 /opt/devkitPro/devkitARM/lib/gcc/arm-eabi/4.3.3/../../../../arm-eabi/lib/thumb/libsysbase.a(open.o)
 .glue_7t       0x0201f61c        0x0 /opt/devkitPro/devkitARM/lib/gcc/arm-eabi/4.3.3/../../../../arm-eabi/lib/thumb/libsysbase.a(read.o)
 .glue_7t       0x0201f61c        0x0 /opt/devkitPro/devkitARM/lib/gcc/arm-eabi/4.3.3/../../../../arm-eabi/lib/thumb/libsysbase.a(sbrk.o)
 .glue_7t       0x0201f61c        0x0 /opt/devkitPro/devkitARM/lib/gcc/arm-eabi/4.3.3/../../../../arm-eabi/lib/thumb/libsysbase.a(times.o)
 .glue_7t       0x0201f61c        0x0 /opt/devkitPro/devkitARM/lib/gcc/arm-eabi/4.3.3/../../../../arm-eabi/lib/thumb/libsysbase.a(write.o)
 .glue_7t       0x0201f61c        0x0 /opt/devkitPro/devkitARM/lib/gcc/arm-eabi/4.3.3/../../../../arm-eabi/lib/thumb/libsysbase.a(malloc_vars.o)
 .glue_7t       0x0201f61c        0x0 /opt/devkitPro/devkitARM/lib/gcc/arm-eabi/4.3.3/../../../../arm-eabi/lib/thumb/libsysbase.a(chdir.o)
 .glue_7t       0x0201f61c        0x0 /opt/devkitPro/devkitARM/lib/gcc/arm-eabi/4.3.3/../../../../arm-eabi/lib/thumb/libsysbase.a(build_argv.o)
 .glue_7t       0x0201f61c        0x0 /opt/devkitPro/devkitARM/lib/gcc/arm-eabi/4.3.3/../../../../arm-eabi/lib/thumb/libsysbase.a(handle_manager.o)
 .glue_7t       0x0201f61c        0x0 /opt/devkitPro/devkitARM/lib/gcc/arm-eabi/4.3.3/thumb/libgcc.a(_addsubdf3.o)
 .glue_7t       0x0201f61c        0x0 /opt/devkitPro/devkitARM/lib/gcc/arm-eabi/4.3.3/thumb/libgcc.a(_muldivdf3.o)
 .glue_7t       0x0201f61c        0x0 /opt/devkitPro/devkitARM/lib/gcc/arm-eabi/4.3.3/thumb/libgcc.a(_cmpdf2.o)
 .glue_7t       0x0201f61c        0x0 /opt/devkitPro/devkitARM/lib/gcc/arm-eabi/4.3.3/thumb/libgcc.a(_fixdfsi.o)
 .glue_7t       0x0201f61c        0x0 /opt/devkitPro/devkitARM/lib/gcc/arm-eabi/4.3.3/thumb/libgcc.a(_fixunsdfsi.o)
 .glue_7t       0x0201f61c        0x0 /opt/devkitPro/devkitARM/lib/gcc/arm-eabi/4.3.3/thumb/libgcc.a(_truncdfsf2.o)
 .glue_7t       0x0201f61c        0x0 /opt/devkitPro/devkitARM/lib/gcc/arm-eabi/4.3.3/../../../../arm-eabi/lib/thumb/libg.a(lib_a-errno.o)
 .glue_7t       0x0201f61c        0x0 /opt/devkitPro/devkitARM/lib/gcc/arm-eabi/4.3.3/thumb/crtend.o
 .glue_7t       0x0201f61c        0x0 /opt/devkitPro/devkitARM/lib/gcc/arm-eabi/4.3.3/thumb/crtn.o
                0x0201f61c                . = ALIGN (0x4)

.vfp11_veneer   0x00000000        0x0
 .vfp11_veneer  0x00000000        0x0 /opt/devkitPro/devkitARM/lib/gcc/arm-eabi/4.3.3/../../../../arm-eabi/lib/thumb/ds_arm9_crt0.o
 .vfp11_veneer  0x00000000        0x0 /opt/devkitPro/devkitARM/lib/gcc/arm-eabi/4.3.3/thumb/crti.o
 .vfp11_veneer  0x00000000        0x0 /opt/devkitPro/devkitARM/lib/gcc/arm-eabi/4.3.3/thumb/crtbegin.o
 .vfp11_veneer  0x00000000        0x0 soundbank.bin.o
 .vfp11_veneer  0x00000000        0x0 alexxzandrite.o
 .vfp11_veneer  0x00000000        0x0 amazonite.o
 .vfp11_veneer  0x00000000        0x0 background.o
 .vfp11_veneer  0x00000000        0x0 bronze.o
 .vfp11_veneer  0x00000000        0x0 controls.o
 .vfp11_veneer  0x00000000        0x0 diamond.o
 .vfp11_veneer  0x00000000        0x0 FONDS.o
 .vfp11_veneer  0x00000000        0x0 Game-Over.o
 .vfp11_veneer  0x00000000        0x0 numbers.o
 .vfp11_veneer  0x00000000        0x0 numbers_small.o
 .vfp11_veneer  0x00000000        0x0 PlayerHorizontal.o
 .vfp11_veneer  0x00000000        0x0 PlayerVertical.o
 .vfp11_veneer  0x00000000        0x0 game.o
 .vfp11_veneer  0x00000000        0x0 graphics_main.o
 .vfp11_veneer  0x00000000        0x0 graphics_sub.o
 .vfp11_veneer  0x00000000        0x0 main.o
 .vfp11_veneer  0x00000000        0x0 mineral.o
 .vfp11_veneer  0x00000000        0x0 P_Audio.o
 .vfp11_veneer  0x00000000        0x0 P_Score.o
 .vfp11_veneer  0x00000000        0x0 timer_game.o
 .vfp11_veneer  0x00000000        0x0 /opt/devkitPro/libnds/lib/libfat.a(libfat.o)
 .vfp11_veneer  0x00000000        0x0 /opt/devkitPro/libnds/lib/libfat.a(partition.o)
 .vfp11_veneer  0x00000000        0x0 /opt/devkitPro/libnds/lib/libfat.a(cache.o)
 .vfp11_veneer  0x00000000        0x0 /opt/devkitPro/libnds/lib/libfat.a(disc.o)
 .vfp11_veneer  0x00000000        0x0 /opt/devkitPro/libnds/lib/libfat.a(fatdir.o)
 .vfp11_veneer  0x00000000        0x0 /opt/devkitPro/libnds/lib/libfat.a(fatfile.o)
 .vfp11_veneer  0x00000000        0x0 /opt/devkitPro/libnds/lib/libfat.a(file_allocation_table.o)
 .vfp11_veneer  0x00000000        0x0 /opt/devkitPro/libnds/lib/libfat.a(filetime.o)
 .vfp11_veneer  0x00000000        0x0 /opt/devkitPro/libnds/lib/libfat.a(directory.o)
 .vfp11_veneer  0x00000000        0x0 /opt/devkitPro/libnds/lib/libnds9.a(initSystem.o)
 .vfp11_veneer  0x00000000        0x0 /opt/devkitPro/libnds/lib/libnds9.a(keys.o)
 .vfp11_veneer  0x00000000        0x0 /opt/devkitPro/libnds/lib/libnds9.a(sprite.o)
 .vfp11_veneer  0x00000000        0x0 /opt/devkitPro/libnds/lib/libnds9.a(sprite_alloc.o)
 .vfp11_veneer  0x00000000        0x0 /opt/devkitPro/libnds/lib/libnds9.a(system.o)
 .vfp11_veneer  0x00000000        0x0 /opt/devkitPro/libnds/lib/libnds9.a(touch.o)
 .vfp11_veneer  0x00000000        0x0 /opt/devkitPro/libnds/lib/libnds9.a(trig.o)
 .vfp11_veneer  0x00000000        0x0 /opt/devkitPro/libnds/lib/libnds9.a(videoGL.o)
 .vfp11_veneer  0x00000000        0x0 /opt/devkitPro/libnds/lib/libnds9.a(dldi.o)
 .vfp11_veneer  0x00000000        0x0 /opt/devkitPro/libnds/lib/libnds9.a(fifosystem.o)
 .vfp11_veneer  0x00000000        0x0 /opt/devkitPro/libnds/lib/libnds9.a(interrupts.o)
 .vfp11_veneer  0x00000000        0x0 /opt/devkitPro/libnds/lib/libnds9.a(dcache.o)
 .vfp11_veneer  0x00000000        0x0 /opt/devkitPro/libnds/lib/libnds9.a(dldi_stub.o)
 .vfp11_veneer  0x00000000        0x0 /opt/devkitPro/libnds/lib/libnds9.a(biosCalls.o)
 .vfp11_veneer  0x00000000        0x0 /opt/devkitPro/libnds/lib/libnds9.a(interruptDispatcher.o)
 .vfp11_veneer  0x00000000        0x0 /opt/devkitPro/libnds/lib/libnds9.a(video.o)
 .vfp11_veneer  0x00000000        0x0 /opt/devkitPro/libnds/lib/libmm9.a(mm_comms.o)
 .vfp11_veneer  0x00000000        0x0 /opt/devkitPro/libnds/lib/libmm9.a(mm_main9.o)
 .vfp11_veneer  0x00000000        0x0 /opt/devkitPro/libnds/lib/libmm9.a(mm_memory.o)
 .vfp11_veneer  0x00000000        0x0 /opt/devkitPro/libnds/lib/libmm9.a(mm_soundbank.o)
 .vfp11_veneer  0x00000000        0x0 /opt/devkitPro/libnds/lib/libmm9.a(mm_flusher.o)
 .vfp11_veneer  0x00000000        0x0 /opt/devkitPro/devkitARM/lib/gcc/arm-eabi/4.3.3/thumb/libgcc.a(_udivsi3.o)
 .vfp11_veneer  0x00000000        0x0 /opt/devkitPro/devkitARM/lib/gcc/arm-eabi/4.3.3/thumb/libgcc.a(_divsi3.o)
 .vfp11_veneer  0x00000000        0x0 /opt/devkitPro/devkitARM/lib/gcc/arm-eabi/4.3.3/thumb/libgcc.a(_dvmd_tls.o)
 .vfp11_veneer  0x00000000        0x0 /opt/devkitPro/devkitARM/lib/gcc/arm-eabi/4.3.3/thumb/libgcc.a(_muldi3.o)
 .vfp11_veneer  0x00000000        0x0 /opt/devkitPro/devkitARM/lib/gcc/arm-eabi/4.3.3/../../../../arm-eabi/lib/thumb/libg.a(lib_a-bsearch.o)
 .vfp11_veneer  0x00000000        0x0 /opt/devkitPro/devkitARM/lib/gcc/arm-eabi/4.3.3/../../../../arm-eabi/lib/thumb/libg.a(lib_a-fclose.o)
 .vfp11_veneer  0x00000000        0x0 /opt/devkitPro/devkitARM/lib/gcc/arm-eabi/4.3.3/../../../../arm-eabi/lib/thumb/libg.a(lib_a-fflush.o)
 .vfp11_veneer  0x00000000        0x0 /opt/devkitPro/devkitARM/lib/gcc/arm-eabi/4.3.3/../../../../arm-eabi/lib/thumb/libg.a(lib_a-findfp.o)
 .vfp11_veneer  0x00000000        0x0 /opt/devkitPro/devkitARM/lib/gcc/arm-eabi/4.3.3/../../../../arm-eabi/lib/thumb/libg.a(lib_a-fopen.o)
 .vfp11_veneer  0x00000000        0x0 /opt/devkitPro/devkitARM/lib/gcc/arm-eabi/4.3.3/../../../../arm-eabi/lib/thumb/libg.a(lib_a-fprintf.o)
 .vfp11_veneer  0x00000000        0x0 /opt/devkitPro/devkitARM/lib/gcc/arm-eabi/4.3.3/../../../../arm-eabi/lib/thumb/libg.a(lib_a-fread.o)
 .vfp11_veneer  0x00000000        0x0 /opt/devkitPro/devkitARM/lib/gcc/arm-eabi/4.3.3/../../../../arm-eabi/lib/thumb/libg.a(lib_a-freer.o)
 .vfp11_veneer  0x00000000        0x0 /opt/devkitPro/devkitARM/lib/gcc/arm-eabi/4.3.3/../../../../arm-eabi/lib/thumb/libg.a(lib_a-fscanf.o)
 .vfp11_veneer  0x00000000        0x0 /opt/devkitPro/devkitARM/lib/gcc/arm-eabi/4.3.3/../../../../arm-eabi/lib/thumb/libg.a(lib_a-fseek.o)
 .vfp11_veneer  0x00000000        0x0 /opt/devkitPro/devkitARM/lib/gcc/arm-eabi/4.3.3/../../../../arm-eabi/lib/thumb/libg.a(lib_a-fwalk.o)
 .vfp11_veneer  0x00000000        0x0 /opt/devkitPro/devkitARM/lib/gcc/arm-eabi/4.3.3/../../../../arm-eabi/lib/thumb/libg.a(lib_a-impure.o)
 .vfp11_veneer  0x00000000        0x0 /opt/devkitPro/devkitARM/lib/gcc/arm-eabi/4.3.3/../../../../arm-eabi/lib/thumb/libg.a(lib_a-init.o)
 .vfp11_veneer  0x00000000        0x0 /opt/devkitPro/devkitARM/lib/gcc/arm-eabi/4.3.3/../../../../arm-eabi/lib/thumb/libg.a(lib_a-lcltime_r.o)
 .vfp11_veneer  0x00000000        0x0 /opt/devkitPro/devkitARM/lib/gcc/arm-eabi/4.3.3/../../../../arm-eabi/lib/thumb/libg.a(lib_a-locale.o)
 .vfp11_veneer  0x00000000        0x0 /opt/devkitPro/devkitARM/lib/gcc/arm-eabi/4.3.3/../../../../arm-eabi/lib/thumb/libg.a(lib_a-makebuf.o)
 .vfp11_veneer  0x00000000        0x0 /opt/devkitPro/devkitARM/lib/gcc/arm-eabi/4.3.3/../../../../arm-eabi/lib/thumb/libg.a(lib_a-malloc.o)